Archive member included to satisfy reference by file (symbol)

C:/ST/STM32CubeIDE_2.1.1/STM32CubeIDE/plugins/com.st.stm32cube.ide.mcu.externaltools.gnu-tools-for-stm32.14.3.rel1.win32_1.0.100.202602081740/tools/bin/../lib/gcc/arm-none-eabi/14.3.1/../../../../arm-none-eabi/lib/thumb/v8-m.main+fp/hard\libc_nano.a(libc_a-exit.o)
                              C:/ST/STM32CubeIDE_2.1.1/STM32CubeIDE/plugins/com.st.stm32cube.ide.mcu.externaltools.gnu-tools-for-stm32.14.3.rel1.win32_1.0.100.202602081740/tools/bin/../lib/gcc/arm-none-eabi/14.3.1/../../../../arm-none-eabi/lib/thumb/v8-m.main+fp/hard/crt0.o (exit)
C:/ST/STM32CubeIDE_2.1.1/STM32CubeIDE/plugins/com.st.stm32cube.ide.mcu.externaltools.gnu-tools-for-stm32.14.3.rel1.win32_1.0.100.202602081740/tools/bin/../lib/gcc/arm-none-eabi/14.3.1/../../../../arm-none-eabi/lib/thumb/v8-m.main+fp/hard\libc_nano.a(libc_a-nano-vfprintf_float.o)
                              (_printf_float)
C:/ST/STM32CubeIDE_2.1.1/STM32CubeIDE/plugins/com.st.stm32cube.ide.mcu.externaltools.gnu-tools-for-stm32.14.3.rel1.win32_1.0.100.202602081740/tools/bin/../lib/gcc/arm-none-eabi/14.3.1/../../../../arm-none-eabi/lib/thumb/v8-m.main+fp/hard\libc_nano.a(libc_a-nano-vfprintf_i.o)
                              C:/ST/STM32CubeIDE_2.1.1/STM32CubeIDE/plugins/com.st.stm32cube.ide.mcu.externaltools.gnu-tools-for-stm32.14.3.rel1.win32_1.0.100.202602081740/tools/bin/../lib/gcc/arm-none-eabi/14.3.1/../../../../arm-none-eabi/lib/thumb/v8-m.main+fp/hard\libc_nano.a(libc_a-nano-vfprintf_float.o) (_printf_common)
C:/ST/STM32CubeIDE_2.1.1/STM32CubeIDE/plugins/com.st.stm32cube.ide.mcu.externaltools.gnu-tools-for-stm32.14.3.rel1.win32_1.0.100.202602081740/tools/bin/../lib/gcc/arm-none-eabi/14.3.1/../../../../arm-none-eabi/lib/thumb/v8-m.main+fp/hard\libc_nano.a(libc_a-findfp.o)
                              C:/ST/STM32CubeIDE_2.1.1/STM32CubeIDE/plugins/com.st.stm32cube.ide.mcu.externaltools.gnu-tools-for-stm32.14.3.rel1.win32_1.0.100.202602081740/tools/bin/../lib/gcc/arm-none-eabi/14.3.1/../../../../arm-none-eabi/lib/thumb/v8-m.main+fp/hard\libc_nano.a(libc_a-exit.o) (__stdio_exit_handler)
C:/ST/STM32CubeIDE_2.1.1/STM32CubeIDE/plugins/com.st.stm32cube.ide.mcu.externaltools.gnu-tools-for-stm32.14.3.rel1.win32_1.0.100.202602081740/tools/bin/../lib/gcc/arm-none-eabi/14.3.1/../../../../arm-none-eabi/lib/thumb/v8-m.main+fp/hard\libc_nano.a(libc_a-fwalk.o)
                              C:/ST/STM32CubeIDE_2.1.1/STM32CubeIDE/plugins/com.st.stm32cube.ide.mcu.externaltools.gnu-tools-for-stm32.14.3.rel1.win32_1.0.100.202602081740/tools/bin/../lib/gcc/arm-none-eabi/14.3.1/../../../../arm-none-eabi/lib/thumb/v8-m.main+fp/hard\libc_nano.a(libc_a-findfp.o) (_fwalk_sglue)
C:/ST/STM32CubeIDE_2.1.1/STM32CubeIDE/plugins/com.st.stm32cube.ide.mcu.externaltools.gnu-tools-for-stm32.14.3.rel1.win32_1.0.100.202602081740/tools/bin/../lib/gcc/arm-none-eabi/14.3.1/../../../../arm-none-eabi/lib/thumb/v8-m.main+fp/hard\libc_nano.a(libc_a-stdio.o)
                              C:/ST/STM32CubeIDE_2.1.1/STM32CubeIDE/plugins/com.st.stm32cube.ide.mcu.externaltools.gnu-tools-for-stm32.14.3.rel1.win32_1.0.100.202602081740/tools/bin/../lib/gcc/arm-none-eabi/14.3.1/../../../../arm-none-eabi/lib/thumb/v8-m.main+fp/hard\libc_nano.a(libc_a-findfp.o) (__sread)
C:/ST/STM32CubeIDE_2.1.1/STM32CubeIDE/plugins/com.st.stm32cube.ide.mcu.externaltools.gnu-tools-for-stm32.14.3.rel1.win32_1.0.100.202602081740/tools/bin/../lib/gcc/arm-none-eabi/14.3.1/../../../../arm-none-eabi/lib/thumb/v8-m.main+fp/hard\libc_nano.a(libc_a-memset.o)
                              C:/ST/STM32CubeIDE_2.1.1/STM32CubeIDE/plugins/com.st.stm32cube.ide.mcu.externaltools.gnu-tools-for-stm32.14.3.rel1.win32_1.0.100.202602081740/tools/bin/../lib/gcc/arm-none-eabi/14.3.1/../../../../arm-none-eabi/lib/thumb/v8-m.main+fp/hard/crt0.o (memset)
C:/ST/STM32CubeIDE_2.1.1/STM32CubeIDE/plugins/com.st.stm32cube.ide.mcu.externaltools.gnu-tools-for-stm32.14.3.rel1.win32_1.0.100.202602081740/tools/bin/../lib/gcc/arm-none-eabi/14.3.1/../../../../arm-none-eabi/lib/thumb/v8-m.main+fp/hard\libc_nano.a(libc_a-localeconv.o)
                              C:/ST/STM32CubeIDE_2.1.1/STM32CubeIDE/plugins/com.st.stm32cube.ide.mcu.externaltools.gnu-tools-for-stm32.14.3.rel1.win32_1.0.100.202602081740/tools/bin/../lib/gcc/arm-none-eabi/14.3.1/../../../../arm-none-eabi/lib/thumb/v8-m.main+fp/hard\libc_nano.a(libc_a-nano-vfprintf_float.o) (_localeconv_r)
C:/ST/STM32CubeIDE_2.1.1/STM32CubeIDE/plugins/com.st.stm32cube.ide.mcu.externaltools.gnu-tools-for-stm32.14.3.rel1.win32_1.0.100.202602081740/tools/bin/../lib/gcc/arm-none-eabi/14.3.1/../../../../arm-none-eabi/lib/thumb/v8-m.main+fp/hard\libc_nano.a(libc_a-closer.o)
                              C:/ST/STM32CubeIDE_2.1.1/STM32CubeIDE/plugins/com.st.stm32cube.ide.mcu.externaltools.gnu-tools-for-stm32.14.3.rel1.win32_1.0.100.202602081740/tools/bin/../lib/gcc/arm-none-eabi/14.3.1/../../../../arm-none-eabi/lib/thumb/v8-m.main+fp/hard\libc_nano.a(libc_a-stdio.o) (_close_r)
[...]
Memory Configuration

Name             Origin             Length             Attributes
ROM              0x08000000         0x00040000         xr
RAM              0x20000000         0x00010000         xrw
*default*        0x00000000         0xffffffff

Linker script and memory map

LOAD C:/ST/STM32CubeIDE_2.1.1/STM32CubeIDE/plugins/com.st.stm32cube.ide.mcu.externaltools.gnu-tools-for-stm32.14.3.rel1.win32_1.0.100.202602081740/tools/bin/../lib/gcc/arm-none-eabi/14.3.1/thumb/v8-m.main+fp/hard/crti.o
LOAD C:/ST/STM32CubeIDE_2.1.1/STM32CubeIDE/plugins/com.st.stm32cube.ide.mcu.externaltools.gnu-tools-for-stm32.14.3.rel1.win32_1.0.100.202602081740/tools/bin/../lib/gcc/arm-none-eabi/14.3.1/thumb/v8-m.main+fp/hard/crtbegin.o
LOAD C:/ST/STM32CubeIDE_2.1.1/STM32CubeIDE/plugins/com.st.stm32cube.ide.mcu.externaltools.gnu-tools-for-stm32.14.3.rel1.win32_1.0.100.202602081740/tools/bin/../lib/gcc/arm-none-eabi/14.3.1/../../../../arm-none-eabi/lib/thumb/v8-m.main+fp/hard/crt0.o
START GROUP
LOAD C:/ST/STM32CubeIDE_2.1.1/STM32CubeIDE/plugins/com.st.stm32cube.ide.mcu.externaltools.gnu-tools-for-stm32.14.3.rel1.win32_1.0.100.202602081740/tools/bin/../lib/gcc/arm-none-eabi/14.3.1/../../../../arm-none-eabi/lib/thumb/v8-m.main+fp/hard\libc_nano.a
LOAD C:/ST/STM32CubeIDE_2.1.1/STM32CubeIDE/plugins/com.st.stm32cube.ide.mcu.externaltools.gnu-tools-for-stm32.14.3.rel1.win32_1.0.100.202602081740/tools/bin/../lib/gcc/arm-none-eabi/14.3.1/../../../../arm-none-eabi/lib/thumb/v8-m.main+fp/hard\libm.a
END GROUP
LOAD CMakeFiles/STM32C5_IIS3DWB_Project1.dir/main.c.obj
LOAD CMakeFiles/STM32C5_IIS3DWB_Project1.dir/iis3dwb_reg.c.obj
LOAD CMakeFiles/STM32C5_IIS3DWB_Project1.dir/generated/hal/mx_cortex_mpu.c.obj
LOAD CMakeFiles/STM32C5_IIS3DWB_Project1.dir/generated/hal/mx_cortex_nvic.c.obj
LOAD CMakeFiles/STM32C5_IIS3DWB_Project1.dir/generated/hal/mx_gpio_default.c.obj
LOAD CMakeFiles/STM32C5_IIS3DWB_Project1.dir/generated/hal/mx_icache.c.obj
LOAD CMakeFiles/STM32C5_IIS3DWB_Project1.dir/generated/hal/mx_rcc.c.obj
LOAD CMakeFiles/STM32C5_IIS3DWB_Project1.dir/generated/hal/mx_spi1.c.obj
LOAD CMakeFiles/STM32C5_IIS3DWB_Project1.dir/generated/hal/mx_system.c.obj
LOAD CMakeFiles/STM32C5_IIS3DWB_Project1.dir/generated/hal/mx_usart1.c.obj
LOAD CMakeFiles/STM32C5_IIS3DWB_Project1.dir/user_modifiable/Device/STM32C542CCT6/system_stm32c5xx.c.obj
LOAD CMakeFiles/STM32C5_IIS3DWB_Project1.dir/user_modifiable/Device/STM32C542CCT6/startup_stm32c542xx.c.obj
LOAD CMakeFiles/STM32C5_IIS3DWB_Project1.dir/stm32c5xx_drivers/hal/stm32c5xx_hal.c.obj
LOAD CMakeFiles/STM32C5_IIS3DWB_Project1.dir/stm32c5xx_drivers/hal/stm32c5xx_hal_cortex.c.obj
LOAD CMakeFiles/STM32C5_IIS3DWB_Project1.dir/stm32c5xx_drivers/hal/stm32c5xx_hal_dma.c.obj
LOAD CMakeFiles/STM32C5_IIS3DWB_Project1.dir/stm32c5xx_drivers/hal/stm32c5xx_hal_flash_itf.c.obj
LOAD CMakeFiles/STM32C5_IIS3DWB_Project1.dir/stm32c5xx_drivers/hal/stm32c5xx_hal_gpio.c.obj
LOAD CMakeFiles/STM32C5_IIS3DWB_Project1.dir/stm32c5xx_drivers/hal/stm32c5xx_hal_icache.c.obj
LOAD CMakeFiles/STM32C5_IIS3DWB_Project1.dir/stm32c5xx_drivers/hal/stm32c5xx_hal_pwr.c.obj
LOAD CMakeFiles/STM32C5_IIS3DWB_Project1.dir/stm32c5xx_drivers/hal/stm32c5xx_hal_q.c.obj
LOAD CMakeFiles/STM32C5_IIS3DWB_Project1.dir/stm32c5xx_drivers/hal/stm32c5xx_hal_rcc.c.obj
LOAD CMakeFiles/STM32C5_IIS3DWB_Project1.dir/stm32c5xx_drivers/hal/stm32c5xx_hal_spi.c.obj
LOAD CMakeFiles/STM32C5_IIS3DWB_Project1.dir/stm32c5xx_drivers/hal/stm32c5xx_hal_uart.c.obj
LOAD CMakeFiles/STM32C5_IIS3DWB_Project1.dir/utilities/syscalls/syscalls.c.obj
LOAD CMakeFiles/STM32C5_IIS3DWB_Project1.dir/utilities/syscalls/sysmem.c.obj
START GROUP
LOAD C:/ST/STM32CubeIDE_2.1.1/STM32CubeIDE/plugins/com.st.stm32cube.ide.mcu.externaltools.gnu-tools-for-stm32.14.3.rel1.win32_1.0.100.202602081740/tools/bin/../lib/gcc/arm-none-eabi/14.3.1/thumb/v8-m.main+fp/hard\libgcc.a
LOAD C:/ST/STM32CubeIDE_2.1.1/STM32CubeIDE/plugins/com.st.stm32cube.ide.mcu.externaltools.gnu-tools-for-stm32.14.3.rel1.win32_1.0.100.202602081740/tools/bin/../lib/gcc/arm-none-eabi/14.3.1/../../../../arm-none-eabi/lib/thumb/v8-m.main+fp/hard\libc_nano.a
END GROUP
START GROUP
LOAD C:/ST/STM32CubeIDE_2.1.1/STM32CubeIDE/plugins/com.st.stm32cube.ide.mcu.externaltools.gnu-tools-for-stm32.14.3.rel1.win32_1.0.100.202602081740/tools/bin/../lib/gcc/arm-none-eabi/14.3.1/thumb/v8-m.main+fp/hard\libgcc.a
LOAD C:/ST/STM32CubeIDE_2.1.1/STM32CubeIDE/plugins/com.st.stm32cube.ide.mcu.externaltools.gnu-tools-for-stm32.14.3.rel1.win32_1.0.100.202602081740/tools/bin/../lib/gcc/arm-none-eabi/14.3.1/../../../../arm-none-eabi/lib/thumb/v8-m.main+fp/hard\libc_nano.a
LOAD C:/ST/STM32CubeIDE_2.1.1/STM32CubeIDE/plugins/com.st.stm32cube.ide.mcu.externaltools.gnu-tools-for-stm32.14.3.rel1.win32_1.0.100.202602081740/tools/bin/../lib/gcc/arm-none-eabi/14.3.1/../../../../arm-none-eabi/lib/thumb/v8-m.main+fp/hard\libnosys.a
END GROUP
START GROUP
LOAD C:/ST/STM32CubeIDE_2.1.1/STM32CubeIDE/plugins/com.st.stm32cube.ide.mcu.externaltools.gnu-tools-for-stm32.14.3.rel1.win32_1.0.100.202602081740/tools/bin/../lib/gcc/arm-none-eabi/14.3.1/thumb/v8-m.main+fp/hard\libgcc.a
LOAD C:/ST/STM32CubeIDE_2.1.1/STM32CubeIDE/plugins/com.st.stm32cube.ide.mcu.externaltools.gnu-tools-for-stm32.14.3.rel1.win32_1.0.100.202602081740/tools/bin/../lib/gcc/arm-none-eabi/14.3.1/../../../../arm-none-eabi/lib/thumb/v8-m.main+fp/hard\libc_nano.a
LOAD C:/ST/STM32CubeIDE_2.1.1/STM32CubeIDE/plugins/com.st.stm32cube.ide.mcu.externaltools.gnu-tools-for-stm32.14.3.rel1.win32_1.0.100.202602081740/tools/bin/../lib/gcc/arm-none-eabi/14.3.1/../../../../arm-none-eabi/lib/thumb/v8-m.main+fp/hard\libnosys.a
END GROUP
LOAD C:/ST/STM32CubeIDE_2.1.1/STM32CubeIDE/plugins/com.st.stm32cube.ide.mcu.externaltools.gnu-tools-for-stm32.14.3.rel1.win32_1.0.100.202602081740/tools/bin/../lib/gcc/arm-none-eabi/14.3.1/thumb/v8-m.main+fp/hard/crtend.o
LOAD C:/ST/STM32CubeIDE_2.1.1/STM32CubeIDE/plugins/com.st.stm32cube.ide.mcu.externaltools.gnu-tools-for-stm32.14.3.rel1.win32_1.0.100.202602081740/tools/bin/../lib/gcc/arm-none-eabi/14.3.1/thumb/v8-m.main+fp/hard/crtn.o
                0x00000200                        HEAP_SIZE = 0x200
                0x00000400                        STACK_SIZE = 0x400

.vectors        0x08000000      0x1a8
                0x08000000                        . = ALIGN (0x8)
 *(.vectors)
 .vectors       0x08000000      0x1a4 CMakeFiles/STM32C5_IIS3DWB_Project1.dir/user_modifiable/Device/STM32C542CCT6/startup_stm32c542xx.c.obj
                0x08000000                __Vectors
                0x080001a8                        . = ALIGN (0x8)
 *fill*         0x080001a4        0x4 

.text           0x080001a8     0x7610
                0x080001a8                        . = ALIGN (0x8)
 *(.text)
 .text          0x080001a8       0x40 C:/ST/STM32CubeIDE_2.1.1/STM32CubeIDE/plugins/com.st.stm32cube.ide.mcu.externaltools.gnu-tools-for-stm32.14.3.rel1.win32_1.0.100.202602081740/tools/bin/../lib/gcc/arm-none-eabi/14.3.1/thumb/v8-m.main+fp/hard/crtbegin.o
 .text          0x080001e8       0x7c C:/ST/STM32CubeIDE_2.1.1/STM32CubeIDE/plugins/com.st.stm32cube.ide.mcu.externaltools.gnu-tools-for-stm32.14.3.rel1.win32_1.0.100.202602081740/tools/bin/../lib/gcc/arm-none-eabi/14.3.1/../../../../arm-none-eabi/lib/thumb/v8-m.main+fp/hard/crt0.o
                0x080001e8                _stack_init
                0x080001f0                _start
                0x080001f0                _mainCRTStartup
 .text          0x08000264       0x10 C:/ST/STM32CubeIDE_2.1.1/STM32CubeIDE/plugins/com.st.stm32cube.ide.mcu.externaltools.gnu-tools-for-stm32.14.3.rel1.win32_1.0.100.202602081740/tools/bin/../lib/gcc/arm-none-eabi/14.3.1/../../../../arm-none-eabi/lib/thumb/v8-m.main+fp/hard\libc_nano.a(libc_a-strlen.o)
                0x08000264                strlen
 .text          0x08000274      0x378 C:/ST/STM32CubeIDE_2.1.1/STM32CubeIDE/plugins/com.st.stm32cube.ide.mcu.externaltools.gnu-tools-for-stm32.14.3.rel1.win32_1.0.100.202602081740/tools/bin/../lib/gcc/arm-none-eabi/14.3.1/thumb/v8-m.main+fp/hard\libgcc.a(_arm_addsubdf3.o)
                0x08000274                __aeabi_drsub
                0x0800027c                __aeabi_dsub
                0x0800027c                __subdf3
                0x08000280                __aeabi_dadd
                0x08000280                __adddf3
                0x080004f8                __floatunsidf
                0x080004f8                __aeabi_ui2d
                0x08000518                __floatsidf
                0x08000518                __aeabi_i2d
                0x0800053c                __aeabi_f2d
                0x0800053c                __extendsfdf2
                0x08000580                __floatundidf
                0x08000580                __aeabi_ul2d
                0x08000590                __floatdidf
                0x08000590                __aeabi_l2d
 .text          0x080005ec      0x424 C:/ST/STM32CubeIDE_2.1.1/STM32CubeIDE/plugins/com.st.stm32cube.ide.mcu.externaltools.gnu-tools-for-stm32.14.3.rel1.win32_1.0.100.202602081740/tools/bin/../lib/gcc/arm-none-eabi/14.3.1/thumb/v8-m.main+fp/hard\libgcc.a(_arm_muldivdf3.o)
                0x080005ec                __aeabi_dmul
                0x080005ec                __muldf3
                0x08000840                __divdf3
                0x08000840                __aeabi_ddiv
 .text          0x08000a10      0x110 C:/ST/STM32CubeIDE_2.1.1/STM32CubeIDE/plugins/com.st.stm32cube.ide.mcu.externaltools.gnu-tools-for-stm32.14.3.rel1.win32_1.0.100.202602081740/tools/bin/../lib/gcc/arm-none-eabi/14.3.1/thumb/v8-m.main+fp/hard\libgcc.a(_arm_cmpdf2.o)
                0x08000a10                __gtdf2
                0x08000a10                __gedf2
                0x08000a18                __ltdf2
                0x08000a18                __ledf2
                0x08000a20                __nedf2
                0x08000a20                __eqdf2
                0x08000a20                __cmpdf2
                0x08000a9c                __aeabi_cdrcmple
                0x08000aac                __aeabi_cdcmpeq
                0x08000aac                __aeabi_cdcmple
                0x08000abc                __aeabi_dcmpeq
                0x08000ad0                __aeabi_dcmplt
                0x08000ae4                __aeabi_dcmple
                0x08000af8                __aeabi_dcmpge
                0x08000b0c                __aeabi_dcmpgt
 .text          0x08000b20       0x2c C:/ST/STM32CubeIDE_2.1.1/STM32CubeIDE/plugins/com.st.stm32cube.ide.mcu.externaltools.gnu-tools-for-stm32.14.3.rel1.win32_1.0.100.202602081740/tools/bin/../lib/gcc/arm-none-eabi/14.3.1/thumb/v8-m.main+fp/hard\libgcc.a(_arm_unorddf2.o)
                0x08000b20                __unorddf2
                0x08000b20                __aeabi_dcmpun
 .text          0x08000b4c       0x50 C:/ST/STM32CubeIDE_2.1.1/STM32CubeIDE/plugins/com.st.stm32cube.ide.mcu.externaltools.gnu-tools-for-stm32.14.3.rel1.win32_1.0.100.202602081740/tools/bin/../lib/gcc/arm-none-eabi/14.3.1/thumb/v8-m.main+fp/hard\libgcc.a(_arm_fixdfsi.o)
                0x08000b4c                __aeabi_d2iz
                0x08000b4c                __fixdfsi
 .text          0x08000b9c       0x30 C:/ST/STM32CubeIDE_2.1.1/STM32CubeIDE/plugins/com.st.stm32cube.ide.mcu.externaltools.gnu-tools-for-stm32.14.3.rel1.win32_1.0.100.202602081740/tools/bin/../lib/gcc/arm-none-eabi/14.3.1/thumb/v8-m.main+fp/hard\libgcc.a(_aeabi_uldivmod.o)
                0x08000b9c                __aeabi_uldivmod
 .text          0x08000bcc      0x34c C:/ST/STM32CubeIDE_2.1.1/STM32CubeIDE/plugins/com.st.stm32cube.ide.mcu.externaltools.gnu-tools-for-stm32.14.3.rel1.win32_1.0.100.202602081740/tools/bin/../lib/gcc/arm-none-eabi/14.3.1/thumb/v8-m.main+fp/hard\libgcc.a(_udivmoddi4.o)
                0x08000bcc                __udivmoddi4
 .text          0x08000f18        0x4 C:/ST/STM32CubeIDE_2.1.1/STM32CubeIDE/plugins/com.st.stm32cube.ide.mcu.externaltools.gnu-tools-for-stm32.14.3.rel1.win32_1.0.100.202602081740/tools/bin/../lib/gcc/arm-none-eabi/14.3.1/thumb/v8-m.main+fp/hard\libgcc.a(_dvmd_tls.o)
                0x08000f18                __aeabi_idiv0
                0x08000f18                __aeabi_ldiv0
 *(.text*)
 .text.exit     0x08000f1c       0x24 C:/ST/STM32CubeIDE_2.1.1/STM32CubeIDE/plugins/com.st.stm32cube.ide.mcu.externaltools.gnu-tools-for-stm32.14.3.rel1.win32_1.0.100.202602081740/tools/bin/../lib/gcc/arm-none-eabi/14.3.1/../../../../arm-none-eabi/lib/thumb/v8-m.main+fp/hard\libc_nano.a(libc_a-exit.o)
                0x08000f1c                exit
 .text.__cvt    0x08000f40       0xca C:/ST/STM32CubeIDE_2.1.1/STM32CubeIDE/plugins/com.st.stm32cube.ide.mcu.externaltools.gnu-tools-for-stm32.14.3.rel1.win32_1.0.100.202602081740/tools/bin/../lib/gcc/arm-none-eabi/14.3.1/../../../../arm-none-eabi/lib/thumb/v8-m.main+fp/hard\libc_nano.a(libc_a-nano-vfprintf_float.o)
                0x08000f40                __cvt
 .text.__exponent
                0x0800100a       0x72 C:/ST/STM32CubeIDE_2.1.1/STM32CubeIDE/plugins/com.st.stm32cube.ide.mcu.externaltools.gnu-tools-for-stm32.14.3.rel1.win32_1.0.100.202602081740/tools/bin/../lib/gcc/arm-none-eabi/14.3.1/../../../../arm-none-eabi/lib/thumb/v8-m.main+fp/hard\libc_nano.a(libc_a-nano-vfprintf_float.o)
                0x0800100a                __exponent
 .text._printf_float
                0x0800107c      0x450 C:/ST/STM32CubeIDE_2.1.1/STM32CubeIDE/plugins/com.st.stm32cube.ide.mcu.externaltools.gnu-tools-for-stm32.14.3.rel1.win32_1.0.100.202602081740/tools/bin/../lib/gcc/arm-none-eabi/14.3.1/../../../../arm-none-eabi/lib/thumb/v8-m.main+fp/hard\libc_nano.a(libc_a-nano-vfprintf_float.o)
                0x0800107c                _printf_float
 .text._printf_common
                0x080014cc       0xe4 C:/ST/STM32CubeIDE_2.1.1/STM32CubeIDE/plugins/com.st.stm32cube.ide.mcu.externaltools.gnu-tools-for-stm32.14.3.rel1.win32_1.0.100.202602081740/tools/bin/../lib/gcc/arm-none-eabi/14.3.1/../../../../arm-none-eabi/lib/thumb/v8-m.main+fp/hard\libc_nano.a(libc_a-nano-vfprintf_i.o)
                0x080014cc                _printf_common
 .text._printf_i
                0x080015b0      0x24c C:/ST/STM32CubeIDE_2.1.1/STM32CubeIDE/plugins/com.st.stm32cube.ide.mcu.externaltools.gnu-tools-for-stm32.14.3.rel1.win32_1.0.100.202602081740/tools/bin/../lib/gcc/arm-none-eabi/14.3.1/../../../../arm-none-eabi/lib/thumb/v8-m.main+fp/hard\libc_nano.a(libc_a-nano-vfprintf_i.o)
                0x080015b0                _printf_i
 .text.std      0x080017fc       0x6c C:/ST/STM32CubeIDE_2.1.1/STM32CubeIDE/plugins/com.st.stm32cube.ide.mcu.externaltools.gnu-tools-for-stm32.14.3.rel1.win32_1.0.100.202602081740/tools/bin/../lib/gcc/arm-none-eabi/14.3.1/../../../../arm-none-eabi/lib/thumb/v8-m.main+fp/hard\libc_nano.a(libc_a-findfp.o)
 .text.stdio_exit_handler
                0x08001868       0x18 C:/ST/STM32CubeIDE_2.1.1/STM32CubeIDE/plugins/com.st.stm32cube.ide.mcu.externaltools.gnu-tools-for-stm32.14.3.rel1.win32_1.0.100.202602081740/tools/bin/../lib/gcc/arm-none-eabi/14.3.1/../../../../arm-none-eabi/lib/thumb/v8-m.main+fp/hard\libc_nano.a(libc_a-findfp.o)
 .text.cleanup_stdio
                0x08001880       0x40 C:/ST/STM32CubeIDE_2.1.1/STM32CubeIDE/plugins/com.st.stm32cube.ide.mcu.externaltools.gnu-tools-for-stm32.14.3.rel1.win32_1.0.100.202602081740/tools/bin/../lib/gcc/arm-none-eabi/14.3.1/../../../../arm-none-eabi/lib/thumb/v8-m.main+fp/hard\libc_nano.a(libc_a-findfp.o)
 .text.global_stdio_init.part.0
                0x080018c0       0x40 C:/ST/STM32CubeIDE_2.1.1/STM32CubeIDE/plugins/com.st.stm32cube.ide.mcu.externaltools.gnu-tools-for-stm32.14.3.rel1.win32_1.0.100.202602081740/tools/bin/../lib/gcc/arm-none-eabi/14.3.1/../../../../arm-none-eabi/lib/thumb/v8-m.main+fp/hard\libc_nano.a(libc_a-findfp.o)
 .text.__sfp_lock_acquire
                0x08001900        0xc C:/ST/STM32CubeIDE_2.1.1/STM32CubeIDE/plugins/com.st.stm32cube.ide.mcu.externaltools.gnu-tools-for-stm32.14.3.rel1.win32_1.0.100.202602081740/tools/bin/../lib/gcc/arm-none-eabi/14.3.1/../../../../arm-none-eabi/lib/thumb/v8-m.main+fp/hard\libc_nano.a(libc_a-findfp.o)
                0x08001900                __sfp_lock_acquire
 .text.__sfp_lock_release
                0x0800190c        0xc C:/ST/STM32CubeIDE_2.1.1/STM32CubeIDE/plugins/com.st.stm32cube.ide.mcu.externaltools.gnu-tools-for-stm32.14.3.rel1.win32_1.0.100.202602081740/tools/bin/../lib/gcc/arm-none-eabi/14.3.1/../../../../arm-none-eabi/lib/thumb/v8-m.main+fp/hard\libc_nano.a(libc_a-findfp.o)
                0x0800190c                __sfp_lock_release
 .text.__sinit  0x08001918       0x30 C:/ST/STM32CubeIDE_2.1.1/STM32CubeIDE/plugins/com.st.stm32cube.ide.mcu.externaltools.gnu-tools-for-stm32.14.3.rel1.win32_1.0.100.202602081740/tools/bin/../lib/gcc/arm-none-eabi/14.3.1/../../../../arm-none-eabi/lib/thumb/v8-m.main+fp/hard\libc_nano.a(libc_a-findfp.o)
                0x08001918                __sinit
 .text._fwalk_sglue
                0x08001948       0x3c C:/ST/STM32CubeIDE_2.1.1/STM32CubeIDE/plugins/com.st.stm32cube.ide.mcu.externaltools.gnu-tools-for-stm32.14.3.rel1.win32_1.0.100.202602081740/tools/bin/../lib/gcc/arm-none-eabi/14.3.1/../../../../arm-none-eabi/lib/thumb/v8-m.main+fp/hard\libc_nano.a(libc_a-fwalk.o)
                0x08001948                _fwalk_sglue
 .text.__sread  0x08001984       0x22 C:/ST/STM32CubeIDE_2.1.1/STM32CubeIDE/plugins/com.st.stm32cube.ide.mcu.externaltools.gnu-tools-for-stm32.14.3.rel1.win32_1.0.100.202602081740/tools/bin/../lib/gcc/arm-none-eabi/14.3.1/../../../../arm-none-eabi/lib/thumb/v8-m.main+fp/hard\libc_nano.a(libc_a-stdio.o)
                0x08001984                __sread
 .text.__swrite
                0x080019a6       0x38 C:/ST/STM32CubeIDE_2.1.1/STM32CubeIDE/plugins/com.st.stm32cube.ide.mcu.externaltools.gnu-tools-for-stm32.14.3.rel1.win32_1.0.100.202602081740/tools/bin/../lib/gcc/arm-none-eabi/14.3.1/../../../../arm-none-eabi/lib/thumb/v8-m.main+fp/hard\libc_nano.a(libc_a-stdio.o)
                0x080019a6                __swrite
 .text.__sseek  0x080019de       0x26 C:/ST/STM32CubeIDE_2.1.1/STM32CubeIDE/plugins/com.st.stm32cube.ide.mcu.externaltools.gnu-tools-for-stm32.14.3.rel1.win32_1.0.100.202602081740/tools/bin/../lib/gcc/arm-none-eabi/14.3.1/../../../../arm-none-eabi/lib/thumb/v8-m.main+fp/hard\libc_nano.a(libc_a-stdio.o)
                0x080019de                __sseek
 .text.__sclose
                0x08001a04        0x8 C:/ST/STM32CubeIDE_2.1.1/STM32CubeIDE/plugins/com.st.stm32cube.ide.mcu.externaltools.gnu-tools-for-stm32.14.3.rel1.win32_1.0.100.202602081740/tools/bin/../lib/gcc/arm-none-eabi/14.3.1/../../../../arm-none-eabi/lib/thumb/v8-m.main+fp/hard\libc_nano.a(libc_a-stdio.o)
                0x08001a04                __sclose
 .text.memset   0x08001a0c       0x10 C:/ST/STM32CubeIDE_2.1.1/STM32CubeIDE/plugins/com.st.stm32cube.ide.mcu.externaltools.gnu-tools-for-stm32.14.3.rel1.win32_1.0.100.202602081740/tools/bin/../lib/gcc/arm-none-eabi/14.3.1/../../../../arm-none-eabi/lib/thumb/v8-m.main+fp/hard\libc_nano.a(libc_a-memset.o)
                0x08001a0c                memset
 .text._localeconv_r
                0x08001a1c        0x8 C:/ST/STM32CubeIDE_2.1.1/STM32CubeIDE/plugins/com.st.stm32cube.ide.mcu.externaltools.gnu-tools-for-stm32.14.3.rel1.win32_1.0.100.202602081740/tools/bin/../lib/gcc/arm-none-eabi/14.3.1/../../../../arm-none-eabi/lib/thumb/v8-m.main+fp/hard\libc_nano.a(libc_a-localeconv.o)
                0x08001a1c                _localeconv_r
 .text._close_r
                0x08001a24       0x20 C:/ST/STM32CubeIDE_2.1.1/STM32CubeIDE/plugins/com.st.stm32cube.ide.mcu.externaltools.gnu-tools-for-stm32.14.3.rel1.win32_1.0.100.202602081740/tools/bin/../lib/gcc/arm-none-eabi/14.3.1/../../../../arm-none-eabi/lib/thumb/v8-m.main+fp/hard\libc_nano.a(libc_a-closer.o)
                0x08001a24                _close_r
 .text._lseek_r
                0x08001a44       0x24 C:/ST/STM32CubeIDE_2.1.1/STM32CubeIDE/plugins/com.st.stm32cube.ide.mcu.externaltools.gnu-tools-for-stm32.14.3.rel1.win32_1.0.100.202602081740/tools/bin/../lib/gcc/arm-none-eabi/14.3.1/../../../../arm-none-eabi/lib/thumb/v8-m.main+fp/hard\libc_nano.a(libc_a-lseekr.o)
                0x08001a44                _lseek_r
 .text._read_r  0x08001a68       0x24 C:/ST/STM32CubeIDE_2.1.1/STM32CubeIDE/plugins/com.st.stm32cube.ide.mcu.externaltools.gnu-tools-for-stm32.14.3.rel1.win32_1.0.100.202602081740/tools/bin/../lib/gcc/arm-none-eabi/14.3.1/../../../../arm-none-eabi/lib/thumb/v8-m.main+fp/hard\libc_nano.a(libc_a-readr.o)
                0x08001a68                _read_r
 .text._write_r
                0x08001a8c       0x24 C:/ST/STM32CubeIDE_2.1.1/STM32CubeIDE/plugins/com.st.stm32cube.ide.mcu.externaltools.gnu-tools-for-stm32.14.3.rel1.win32_1.0.100.202602081740/tools/bin/../lib/gcc/arm-none-eabi/14.3.1/../../../../arm-none-eabi/lib/thumb/v8-m.main+fp/hard\libc_nano.a(libc_a-writer.o)
                0x08001a8c                _write_r
 .text.__libc_init_array
                0x08001ab0       0x48 C:/ST/STM32CubeIDE_2.1.1/STM32CubeIDE/plugins/com.st.stm32cube.ide.mcu.externaltools.gnu-tools-for-stm32.14.3.rel1.win32_1.0.100.202602081740/tools/bin/../lib/gcc/arm-none-eabi/14.3.1/../../../../arm-none-eabi/lib/thumb/v8-m.main+fp/hard\libc_nano.a(libc_a-init.o)
                0x08001ab0                __libc_init_array
 .text.__retarget_lock_init_recursive
                0x08001af8        0x2 C:/ST/STM32CubeIDE_2.1.1/STM32CubeIDE/plugins/com.st.stm32cube.ide.mcu.externaltools.gnu-tools-for-stm32.14.3.rel1.win32_1.0.100.202602081740/tools/bin/../lib/gcc/arm-none-eabi/14.3.1/../../../../arm-none-eabi/lib/thumb/v8-m.main+fp/hard\libc_nano.a(libc_a-lock.o)
                0x08001af8                __retarget_lock_init_recursive
 .text.__retarget_lock_acquire_recursive
                0x08001afa        0x2 C:/ST/STM32CubeIDE_2.1.1/STM32CubeIDE/plugins/com.st.stm32cube.ide.mcu.externaltools.gnu-tools-for-stm32.14.3.rel1.win32_1.0.100.202602081740/tools/bin/../lib/gcc/arm-none-eabi/14.3.1/../../../../arm-none-eabi/lib/thumb/v8-m.main+fp/hard\libc_nano.a(libc_a-lock.o)
                0x08001afa                __retarget_lock_acquire_recursive
 .text.__retarget_lock_release_recursive
                0x08001afc        0x2 C:/ST/STM32CubeIDE_2.1.1/STM32CubeIDE/plugins/com.st.stm32cube.ide.mcu.externaltools.gnu-tools-for-stm32.14.3.rel1.win32_1.0.100.202602081740/tools/bin/../lib/gcc/arm-none-eabi/14.3.1/../../../../arm-none-eabi/lib/thumb/v8-m.main+fp/hard\libc_nano.a(libc_a-lock.o)
                0x08001afc                __retarget_lock_release_recursive
 .text.memchr   0x08001afe       0x1c C:/ST/STM32CubeIDE_2.1.1/STM32CubeIDE/plugins/com.st.stm32cube.ide.mcu.externaltools.gnu-tools-for-stm32.14.3.rel1.win32_1.0.100.202602081740/tools/bin/../lib/gcc/arm-none-eabi/14.3.1/../../../../arm-none-eabi/lib/thumb/v8-m.main+fp/hard\libc_nano.a(libc_a-memchr-stub.o)
                0x08001afe                memchr
 .text.quorem   0x08001b1a      0x11a C:/ST/STM32CubeIDE_2.1.1/STM32CubeIDE/plugins/com.st.stm32cube.ide.mcu.externaltools.gnu-tools-for-stm32.14.3.rel1.win32_1.0.100.202602081740/tools/bin/../lib/gcc/arm-none-eabi/14.3.1/../../../../arm-none-eabi/lib/thumb/v8-m.main+fp/hard\libc_nano.a(libc_a-dtoa.o)
 *fill*         0x08001c34        0x4 
 .text._dtoa_r  0x08001c38      0xbb8 C:/ST/STM32CubeIDE_2.1.1/STM32CubeIDE/plugins/com.st.stm32cube.ide.mcu.externaltools.gnu-tools-for-stm32.14.3.rel1.win32_1.0.100.202602081740/tools/bin/../lib/gcc/arm-none-eabi/14.3.1/../../../../arm-none-eabi/lib/thumb/v8-m.main+fp/hard\libc_nano.a(libc_a-dtoa.o)
                0x08001c38                _dtoa_r
 .text._free_r  0x080027f0       0x94 C:/ST/STM32CubeIDE_2.1.1/STM32CubeIDE/plugins/com.st.stm32cube.ide.mcu.externaltools.gnu-tools-for-stm32.14.3.rel1.win32_1.0.100.202602081740/tools/bin/../lib/gcc/arm-none-eabi/14.3.1/../../../../arm-none-eabi/lib/thumb/v8-m.main+fp/hard\libc_nano.a(libc_a-freer.o)
                0x080027f0                _free_r
 .text.malloc   0x08002884       0x10 C:/ST/STM32CubeIDE_2.1.1/STM32CubeIDE/plugins/com.st.stm32cube.ide.mcu.externaltools.gnu-tools-for-stm32.14.3.rel1.win32_1.0.100.202602081740/tools/bin/../lib/gcc/arm-none-eabi/14.3.1/../../../../arm-none-eabi/lib/thumb/v8-m.main+fp/hard\libc_nano.a(libc_a-malloc.o)
                0x08002884                malloc
 .text.sbrk_aligned
                0x08002894       0x44 C:/ST/STM32CubeIDE_2.1.1/STM32CubeIDE/plugins/com.st.stm32cube.ide.mcu.externaltools.gnu-tools-for-stm32.14.3.rel1.win32_1.0.100.202602081740/tools/bin/../lib/gcc/arm-none-eabi/14.3.1/../../../../arm-none-eabi/lib/thumb/v8-m.main+fp/hard\libc_nano.a(libc_a-mallocr.o)
 .text._malloc_r
                0x080028d8      0x100 C:/ST/STM32CubeIDE_2.1.1/STM32CubeIDE/plugins/com.st.stm32cube.ide.mcu.externaltools.gnu-tools-for-stm32.14.3.rel1.win32_1.0.100.202602081740/tools/bin/../lib/gcc/arm-none-eabi/14.3.1/../../../../arm-none-eabi/lib/thumb/v8-m.main+fp/hard\libc_nano.a(libc_a-mallocr.o)
                0x080028d8                _malloc_r
 .text.__malloc_lock
                0x080029d8        0xc C:/ST/STM32CubeIDE_2.1.1/STM32CubeIDE/plugins/com.st.stm32cube.ide.mcu.externaltools.gnu-tools-for-stm32.14.3.rel1.win32_1.0.100.202602081740/tools/bin/../lib/gcc/arm-none-eabi/14.3.1/../../../../arm-none-eabi/lib/thumb/v8-m.main+fp/hard\libc_nano.a(libc_a-mlock.o)
                0x080029d8                __malloc_lock
 .text.__malloc_unlock
                0x080029e4        0xc C:/ST/STM32CubeIDE_2.1.1/STM32CubeIDE/plugins/com.st.stm32cube.ide.mcu.externaltools.gnu-tools-for-stm32.14.3.rel1.win32_1.0.100.202602081740/tools/bin/../lib/gcc/arm-none-eabi/14.3.1/../../../../arm-none-eabi/lib/thumb/v8-m.main+fp/hard\libc_nano.a(libc_a-mlock.o)
                0x080029e4                __malloc_unlock
 .text._Balloc  0x080029f0       0x7c C:/ST/STM32CubeIDE_2.1.1/STM32CubeIDE/plugins/com.st.stm32cube.ide.mcu.externaltools.gnu-tools-for-stm32.14.3.rel1.win32_1.0.100.202602081740/tools/bin/../lib/gcc/arm-none-eabi/14.3.1/../../../../arm-none-eabi/lib/thumb/v8-m.main+fp/hard\libc_nano.a(libc_a-mprec.o)
                0x080029f0                _Balloc
 .text._Bfree   0x08002a6c       0x44 C:/ST/STM32CubeIDE_2.1.1/STM32CubeIDE/plugins/com.st.stm32cube.ide.mcu.externaltools.gnu-tools-for-stm32.14.3.rel1.win32_1.0.100.202602081740/tools/bin/../lib/gcc/arm-none-eabi/14.3.1/../../../../arm-none-eabi/lib/thumb/v8-m.main+fp/hard\libc_nano.a(libc_a-mprec.o)
                0x08002a6c                _Bfree
 .text.__multadd
                0x08002ab0       0x90 C:/ST/STM32CubeIDE_2.1.1/STM32CubeIDE/plugins/com.st.stm32cube.ide.mcu.externaltools.gnu-tools-for-stm32.14.3.rel1.win32_1.0.100.202602081740/tools/bin/../lib/gcc/arm-none-eabi/14.3.1/../../../../arm-none-eabi/lib/thumb/v8-m.main+fp/hard\libc_nano.a(libc_a-mprec.o)
                0x08002ab0                __multadd
 .text.__hi0bits
                0x08002b40       0x3e C:/ST/STM32CubeIDE_2.1.1/STM32CubeIDE/plugins/com.st.stm32cube.ide.mcu.externaltools.gnu-tools-for-stm32.14.3.rel1.win32_1.0.100.202602081740/tools/bin/../lib/gcc/arm-none-eabi/14.3.1/../../../../arm-none-eabi/lib/thumb/v8-m.main+fp/hard\libc_nano.a(libc_a-mprec.o)
                0x08002b40                __hi0bits
 .text.__lo0bits
                0x08002b7e       0x5a C:/ST/STM32CubeIDE_2.1.1/STM32CubeIDE/plugins/com.st.stm32cube.ide.mcu.externaltools.gnu-tools-for-stm32.14.3.rel1.win32_1.0.100.202602081740/tools/bin/../lib/gcc/arm-none-eabi/14.3.1/../../../../arm-none-eabi/lib/thumb/v8-m.main+fp/hard\libc_nano.a(libc_a-mprec.o)
                0x08002b7e                __lo0bits
 .text.__i2b    0x08002bd8       0x2c C:/ST/STM32CubeIDE_2.1.1/STM32CubeIDE/plugins/com.st.stm32cube.ide.mcu.externaltools.gnu-tools-for-stm32.14.3.rel1.win32_1.0.100.202602081740/tools/bin/../lib/gcc/arm-none-eabi/14.3.1/../../../../arm-none-eabi/lib/thumb/v8-m.main+fp/hard\libc_nano.a(libc_a-mprec.o)
                0x08002bd8                __i2b
 .text.__multiply
                0x08002c04      0x154 C:/ST/STM32CubeIDE_2.1.1/STM32CubeIDE/plugins/com.st.stm32cube.ide.mcu.externaltools.gnu-tools-for-stm32.14.3.rel1.win32_1.0.100.202602081740/tools/bin/../lib/gcc/arm-none-eabi/14.3.1/../../../../arm-none-eabi/lib/thumb/v8-m.main+fp/hard\libc_nano.a(libc_a-mprec.o)
                0x08002c04                __multiply
 .text.__pow5mult
                0x08002d58       0xb8 C:/ST/STM32CubeIDE_2.1.1/STM32CubeIDE/plugins/com.st.stm32cube.ide.mcu.externaltools.gnu-tools-for-stm32.14.3.rel1.win32_1.0.100.202602081740/tools/bin/../lib/gcc/arm-none-eabi/14.3.1/../../../../arm-none-eabi/lib/thumb/v8-m.main+fp/hard\libc_nano.a(libc_a-mprec.o)
                0x08002d58                __pow5mult
 .text.__lshift
                0x08002e10       0xd8 C:/ST/STM32CubeIDE_2.1.1/STM32CubeIDE/plugins/com.st.stm32cube.ide.mcu.externaltools.gnu-tools-for-stm32.14.3.rel1.win32_1.0.100.202602081740/tools/bin/../lib/gcc/arm-none-eabi/14.3.1/../../../../arm-none-eabi/lib/thumb/v8-m.main+fp/hard\libc_nano.a(libc_a-mprec.o)
                0x08002e10                __lshift
 .text.__mcmp   0x08002ee8       0x36 C:/ST/STM32CubeIDE_2.1.1/STM32CubeIDE/plugins/com.st.stm32cube.ide.mcu.externaltools.gnu-tools-for-stm32.14.3.rel1.win32_1.0.100.202602081740/tools/bin/../lib/gcc/arm-none-eabi/14.3.1/../../../../arm-none-eabi/lib/thumb/v8-m.main+fp/hard\libc_nano.a(libc_a-mprec.o)
                0x08002ee8                __mcmp
 *fill*         0x08002f1e        0x2 
 .text.__mdiff  0x08002f20      0x138 C:/ST/STM32CubeIDE_2.1.1/STM32CubeIDE/plugins/com.st.stm32cube.ide.mcu.externaltools.gnu-tools-for-stm32.14.3.rel1.win32_1.0.100.202602081740/tools/bin/../lib/gcc/arm-none-eabi/14.3.1/../../../../arm-none-eabi/lib/thumb/v8-m.main+fp/hard\libc_nano.a(libc_a-mprec.o)
                0x08002f20                __mdiff
 .text.__d2b    0x08003058       0xb0 C:/ST/STM32CubeIDE_2.1.1/STM32CubeIDE/plugins/com.st.stm32cube.ide.mcu.externaltools.gnu-tools-for-stm32.14.3.rel1.win32_1.0.100.202602081740/tools/bin/../lib/gcc/arm-none-eabi/14.3.1/../../../../arm-none-eabi/lib/thumb/v8-m.main+fp/hard\libc_nano.a(libc_a-mprec.o)
                0x08003058                __d2b
 .text.__sflush_r
                0x08003108      0x100 C:/ST/STM32CubeIDE_2.1.1/STM32CubeIDE/plugins/com.st.stm32cube.ide.mcu.externaltools.gnu-tools-for-stm32.14.3.rel1.win32_1.0.100.202602081740/tools/bin/../lib/gcc/arm-none-eabi/14.3.1/../../../../arm-none-eabi/lib/thumb/v8-m.main+fp/hard\libc_nano.a(libc_a-fflush.o)
                0x08003108                __sflush_r
 .text._fflush_r
                0x08003208       0x50 C:/ST/STM32CubeIDE_2.1.1/STM32CubeIDE/plugins/com.st.stm32cube.ide.mcu.externaltools.gnu-tools-for-stm32.14.3.rel1.win32_1.0.100.202602081740/tools/bin/../lib/gcc/arm-none-eabi/14.3.1/../../../../arm-none-eabi/lib/thumb/v8-m.main+fp/hard\libc_nano.a(libc_a-fflush.o)
                0x08003208                _fflush_r
 .text._sbrk_r  0x08003258       0x20 C:/ST/STM32CubeIDE_2.1.1/STM32CubeIDE/plugins/com.st.stm32cube.ide.mcu.externaltools.gnu-tools-for-stm32.14.3.rel1.win32_1.0.100.202602081740/tools/bin/../lib/gcc/arm-none-eabi/14.3.1/../../../../arm-none-eabi/lib/thumb/v8-m.main+fp/hard\libc_nano.a(libc_a-sbrkr.o)
                0x08003258                _sbrk_r
 .text.memcpy   0x08003278       0x1a C:/ST/STM32CubeIDE_2.1.1/STM32CubeIDE/plugins/com.st.stm32cube.ide.mcu.externaltools.gnu-tools-for-stm32.14.3.rel1.win32_1.0.100.202602081740/tools/bin/../lib/gcc/arm-none-eabi/14.3.1/../../../../arm-none-eabi/lib/thumb/v8-m.main+fp/hard\libc_nano.a(libc_a-memcpy-stub.o)
                0x08003278                memcpy
 *fill*         0x08003292        0x2 
 .text.__assert_func
                0x08003294       0x3c C:/ST/STM32CubeIDE_2.1.1/STM32CubeIDE/plugins/com.st.stm32cube.ide.mcu.externaltools.gnu-tools-for-stm32.14.3.rel1.win32_1.0.100.202602081740/tools/bin/../lib/gcc/arm-none-eabi/14.3.1/../../../../arm-none-eabi/lib/thumb/v8-m.main+fp/hard\libc_nano.a(libc_a-assert.o)
                0x08003294                __assert_func
 .text._calloc_r
                0x080032d0       0x28 C:/ST/STM32CubeIDE_2.1.1/STM32CubeIDE/plugins/com.st.stm32cube.ide.mcu.externaltools.gnu-tools-for-stm32.14.3.rel1.win32_1.0.100.202602081740/tools/bin/../lib/gcc/arm-none-eabi/14.3.1/../../../../arm-none-eabi/lib/thumb/v8-m.main+fp/hard\libc_nano.a(libc_a-callocr.o)
                0x080032d0                _calloc_r
 .text.__ascii_mbtowc
                0x080032f8       0x24 C:/ST/STM32CubeIDE_2.1.1/STM32CubeIDE/plugins/com.st.stm32cube.ide.mcu.externaltools.gnu-tools-for-stm32.14.3.rel1.win32_1.0.100.202602081740/tools/bin/../lib/gcc/arm-none-eabi/14.3.1/../../../../arm-none-eabi/lib/thumb/v8-m.main+fp/hard\libc_nano.a(libc_a-mbtowc_r.o)
                0x080032f8                __ascii_mbtowc
 .text.__ascii_wctomb
                0x0800331c       0x1a C:/ST/STM32CubeIDE_2.1.1/STM32CubeIDE/plugins/com.st.stm32cube.ide.mcu.externaltools.gnu-tools-for-stm32.14.3.rel1.win32_1.0.100.202602081740/tools/bin/../lib/gcc/arm-none-eabi/14.3.1/../../../../arm-none-eabi/lib/thumb/v8-m.main+fp/hard\libc_nano.a(libc_a-wctomb_r.o)
                0x0800331c                __ascii_wctomb
 *fill*         0x08003336        0x2 
 .text.fprintf  0x08003338       0x24 C:/ST/STM32CubeIDE_2.1.1/STM32CubeIDE/plugins/com.st.stm32cube.ide.mcu.externaltools.gnu-tools-for-stm32.14.3.rel1.win32_1.0.100.202602081740/tools/bin/../lib/gcc/arm-none-eabi/14.3.1/../../../../arm-none-eabi/lib/thumb/v8-m.main+fp/hard\libc_nano.a(libc_a-fprintf.o)
                0x08003338                fiprintf
                0x08003338                fprintf
 .text.abort    0x0800335c        0xe C:/ST/STM32CubeIDE_2.1.1/STM32CubeIDE/plugins/com.st.stm32cube.ide.mcu.externaltools.gnu-tools-for-stm32.14.3.rel1.win32_1.0.100.202602081740/tools/bin/../lib/gcc/arm-none-eabi/14.3.1/../../../../arm-none-eabi/lib/thumb/v8-m.main+fp/hard\libc_nano.a(libc_a-abort.o)
                0x0800335c                abort
 .text.__sfputc_r
                0x0800336a       0x2e C:/ST/STM32CubeIDE_2.1.1/STM32CubeIDE/plugins/com.st.stm32cube.ide.mcu.externaltools.gnu-tools-for-stm32.14.3.rel1.win32_1.0.100.202602081740/tools/bin/../lib/gcc/arm-none-eabi/14.3.1/../../../../arm-none-eabi/lib/thumb/v8-m.main+fp/hard\libc_nano.a(libc_a-nano-vfprintf.o)
 .text.__sfputs_r
                0x08003398       0x24 C:/ST/STM32CubeIDE_2.1.1/STM32CubeIDE/plugins/com.st.stm32cube.ide.mcu.externaltools.gnu-tools-for-stm32.14.3.rel1.win32_1.0.100.202602081740/tools/bin/../lib/gcc/arm-none-eabi/14.3.1/../../../../arm-none-eabi/lib/thumb/v8-m.main+fp/hard\libc_nano.a(libc_a-nano-vfprintf.o)
                0x08003398                __sfputs_r
 .text._vfprintf_r
                0x080033bc      0x228 C:/ST/STM32CubeIDE_2.1.1/STM32CubeIDE/plugins/com.st.stm32cube.ide.mcu.externaltools.gnu-tools-for-stm32.14.3.rel1.win32_1.0.100.202602081740/tools/bin/../lib/gcc/arm-none-eabi/14.3.1/../../../../arm-none-eabi/lib/thumb/v8-m.main+fp/hard\libc_nano.a(libc_a-nano-vfprintf.o)
                0x080033bc                _vfprintf_r
                0x080033bc                _vfiprintf_r
 .text.__swbuf_r
                0x080035e4       0x7c C:/ST/STM32CubeIDE_2.1.1/STM32CubeIDE/plugins/com.st.stm32cube.ide.mcu.externaltools.gnu-tools-for-stm32.14.3.rel1.win32_1.0.100.202602081740/tools/bin/../lib/gcc/arm-none-eabi/14.3.1/../../../../arm-none-eabi/lib/thumb/v8-m.main+fp/hard\libc_nano.a(libc_a-wbuf.o)
                0x080035e4                __swbuf_r
 .text.__swsetup_r
                0x08003660       0xa8 C:/ST/STM32CubeIDE_2.1.1/STM32CubeIDE/plugins/com.st.stm32cube.ide.mcu.externaltools.gnu-tools-for-stm32.14.3.rel1.win32_1.0.100.202602081740/tools/bin/../lib/gcc/arm-none-eabi/14.3.1/../../../../arm-none-eabi/lib/thumb/v8-m.main+fp/hard\libc_nano.a(libc_a-wsetup.o)
                0x08003660                __swsetup_r
 .text._raise_r
                0x08003708       0x50 C:/ST/STM32CubeIDE_2.1.1/STM32CubeIDE/plugins/com.st.stm32cube.ide.mcu.externaltools.gnu-tools-for-stm32.14.3.rel1.win32_1.0.100.202602081740/tools/bin/../lib/gcc/arm-none-eabi/14.3.1/../../../../arm-none-eabi/lib/thumb/v8-m.main+fp/hard\libc_nano.a(libc_a-signal.o)
                0x08003708                _raise_r
 .text.raise    0x08003758       0x10 C:/ST/STM32CubeIDE_2.1.1/STM32CubeIDE/plugins/com.st.stm32cube.ide.mcu.externaltools.gnu-tools-for-stm32.14.3.rel1.win32_1.0.100.202602081740/tools/bin/../lib/gcc/arm-none-eabi/14.3.1/../../../../arm-none-eabi/lib/thumb/v8-m.main+fp/hard\libc_nano.a(libc_a-signal.o)
                0x08003758                raise
 .text._kill_r  0x08003768       0x24 C:/ST/STM32CubeIDE_2.1.1/STM32CubeIDE/plugins/com.st.stm32cube.ide.mcu.externaltools.gnu-tools-for-stm32.14.3.rel1.win32_1.0.100.202602081740/tools/bin/../lib/gcc/arm-none-eabi/14.3.1/../../../../arm-none-eabi/lib/thumb/v8-m.main+fp/hard\libc_nano.a(libc_a-signalr.o)
                0x08003768                _kill_r
 .text._getpid_r
                0x0800378c        0x4 C:/ST/STM32CubeIDE_2.1.1/STM32CubeIDE/plugins/com.st.stm32cube.ide.mcu.externaltools.gnu-tools-for-stm32.14.3.rel1.win32_1.0.100.202602081740/tools/bin/../lib/gcc/arm-none-eabi/14.3.1/../../../../arm-none-eabi/lib/thumb/v8-m.main+fp/hard\libc_nano.a(libc_a-signalr.o)
                0x0800378c                _getpid_r
 .text.__swhatbuf_r
                0x08003790       0x48 C:/ST/STM32CubeIDE_2.1.1/STM32CubeIDE/plugins/com.st.stm32cube.ide.mcu.externaltools.gnu-tools-for-stm32.14.3.rel1.win32_1.0.100.202602081740/tools/bin/../lib/gcc/arm-none-eabi/14.3.1/../../../../arm-none-eabi/lib/thumb/v8-m.main+fp/hard\libc_nano.a(libc_a-makebuf.o)
                0x08003790                __swhatbuf_r
 .text.__smakebuf_r
                0x080037d8       0x72 C:/ST/STM32CubeIDE_2.1.1/STM32CubeIDE/plugins/com.st.stm32cube.ide.mcu.externaltools.gnu-tools-for-stm32.14.3.rel1.win32_1.0.100.202602081740/tools/bin/../lib/gcc/arm-none-eabi/14.3.1/../../../../arm-none-eabi/lib/thumb/v8-m.main+fp/hard\libc_nano.a(libc_a-makebuf.o)
                0x080037d8                __smakebuf_r
 *fill*         0x0800384a        0x2 
 .text._fstat_r
                0x0800384c       0x24 C:/ST/STM32CubeIDE_2.1.1/STM32CubeIDE/plugins/com.st.stm32cube.ide.mcu.externaltools.gnu-tools-for-stm32.14.3.rel1.win32_1.0.100.202602081740/tools/bin/../lib/gcc/arm-none-eabi/14.3.1/../../../../arm-none-eabi/lib/thumb/v8-m.main+fp/hard\libc_nano.a(libc_a-fstatr.o)
                0x0800384c                _fstat_r
 .text._isatty_r
                0x08003870       0x20 C:/ST/STM32CubeIDE_2.1.1/STM32CubeIDE/plugins/com.st.stm32cube.ide.mcu.externaltools.gnu-tools-for-stm32.14.3.rel1.win32_1.0.100.202602081740/tools/bin/../lib/gcc/arm-none-eabi/14.3.1/../../../../arm-none-eabi/lib/thumb/v8-m.main+fp/hard\libc_nano.a(libc_a-isattyr.o)
                0x08003870                _isatty_r
 .text._write   0x08003890       0x30 CMakeFiles/STM32C5_IIS3DWB_Project1.dir/main.c.obj
                0x08003890                _write
 .text.main     0x080038c0      0x1e0 CMakeFiles/STM32C5_IIS3DWB_Project1.dir/main.c.obj
                0x080038c0                main
 .text.platform_write
                0x08003aa0       0xb4 CMakeFiles/STM32C5_IIS3DWB_Project1.dir/main.c.obj
 .text.platform_read
                0x08003b54       0xb4 CMakeFiles/STM32C5_IIS3DWB_Project1.dir/main.c.obj
 .text.platform_delay
                0x08003c08       0x16 CMakeFiles/STM32C5_IIS3DWB_Project1.dir/main.c.obj
 .text.iis3dwb_read_reg
                0x08003c1e       0x3a CMakeFiles/STM32C5_IIS3DWB_Project1.dir/iis3dwb_reg.c.obj
                0x08003c1e                iis3dwb_read_reg
 .text.iis3dwb_write_reg
                0x08003c58       0x3a CMakeFiles/STM32C5_IIS3DWB_Project1.dir/iis3dwb_reg.c.obj
                0x08003c58                iis3dwb_write_reg
 *fill*         0x08003c92        0x2 
 .text.iis3dwb_from_fs2g_to_mg
                0x08003c94       0x30 CMakeFiles/STM32C5_IIS3DWB_Project1.dir/iis3dwb_reg.c.obj
                0x08003c94                iis3dwb_from_fs2g_to_mg
 .text.iis3dwb_from_lsb_to_celsius
                0x08003cc4       0x38 CMakeFiles/STM32C5_IIS3DWB_Project1.dir/iis3dwb_reg.c.obj
                0x08003cc4                iis3dwb_from_lsb_to_celsius
 .text.iis3dwb_xl_full_scale_set
                0x08003cfc       0x50 CMakeFiles/STM32C5_IIS3DWB_Project1.dir/iis3dwb_reg.c.obj
                0x08003cfc                iis3dwb_xl_full_scale_set
 .text.iis3dwb_xl_data_rate_set
                0x08003d4c       0x50 CMakeFiles/STM32C5_IIS3DWB_Project1.dir/iis3dwb_reg.c.obj
                0x08003d4c                iis3dwb_xl_data_rate_set
 .text.iis3dwb_block_data_update_set
                0x08003d9c       0x50 CMakeFiles/STM32C5_IIS3DWB_Project1.dir/iis3dwb_reg.c.obj
                0x08003d9c                iis3dwb_block_data_update_set
 .text.iis3dwb_xl_flag_data_ready_get
                0x08003dec       0x40 CMakeFiles/STM32C5_IIS3DWB_Project1.dir/iis3dwb_reg.c.obj
                0x08003dec                iis3dwb_xl_flag_data_ready_get
 .text.iis3dwb_temp_flag_data_ready_get
                0x08003e2c       0x40 CMakeFiles/STM32C5_IIS3DWB_Project1.dir/iis3dwb_reg.c.obj
                0x08003e2c                iis3dwb_temp_flag_data_ready_get
 .text.iis3dwb_temperature_raw_get
                0x08003e6c       0x46 CMakeFiles/STM32C5_IIS3DWB_Project1.dir/iis3dwb_reg.c.obj
                0x08003e6c                iis3dwb_temperature_raw_get
 .text.iis3dwb_acceleration_raw_get
                0x08003eb2       0x78 CMakeFiles/STM32C5_IIS3DWB_Project1.dir/iis3dwb_reg.c.obj
                0x08003eb2                iis3dwb_acceleration_raw_get
 .text.iis3dwb_device_id_get
                0x08003f2a       0x22 CMakeFiles/STM32C5_IIS3DWB_Project1.dir/iis3dwb_reg.c.obj
                0x08003f2a                iis3dwb_device_id_get
 .text.iis3dwb_reset_set
                0x08003f4c       0x50 CMakeFiles/STM32C5_IIS3DWB_Project1.dir/iis3dwb_reg.c.obj
                0x08003f4c                iis3dwb_reset_set
 .text.iis3dwb_reset_get
                0x08003f9c       0x40 CMakeFiles/STM32C5_IIS3DWB_Project1.dir/iis3dwb_reg.c.obj
                0x08003f9c                iis3dwb_reset_get
 .text.iis3dwb_xl_filt_path_on_out_set
                0x08003fdc       0xb8 CMakeFiles/STM32C5_IIS3DWB_Project1.dir/iis3dwb_reg.c.obj
                0x08003fdc                iis3dwb_xl_filt_path_on_out_set
 .text.mx_cortex_mpu_init
                0x08004094       0x5c CMakeFiles/STM32C5_IIS3DWB_Project1.dir/generated/hal/mx_cortex_mpu.c.obj
                0x08004094                mx_cortex_mpu_init
 .text.mx_cortex_nvic_init
                0x080040f0       0x12 CMakeFiles/STM32C5_IIS3DWB_Project1.dir/generated/hal/mx_cortex_nvic.c.obj
                0x080040f0                mx_cortex_nvic_init
 *fill*         0x08004102        0x2 
 .text.LL_AHB2_GRP1_EnableClock
                0x08004104       0x60 CMakeFiles/STM32C5_IIS3DWB_Project1.dir/generated/hal/mx_gpio_default.c.obj
 .text.HAL_RCC_GPIOB_EnableClock
                0x08004164        0xe CMakeFiles/STM32C5_IIS3DWB_Project1.dir/generated/hal/mx_gpio_default.c.obj
 *fill*         0x08004172        0x2 
 .text.mx_gpio_default_init
                0x08004174       0x48 CMakeFiles/STM32C5_IIS3DWB_Project1.dir/generated/hal/mx_gpio_default.c.obj
                0x08004174                mx_gpio_default_init
 .text.mx_icache_init
                0x080041bc       0x28 CMakeFiles/STM32C5_IIS3DWB_Project1.dir/generated/hal/mx_icache.c.obj
                0x080041bc                mx_icache_init
 .text.mx_icache_gethandle
                0x080041e4       0x14 CMakeFiles/STM32C5_IIS3DWB_Project1.dir/generated/hal/mx_icache.c.obj
                0x080041e4                mx_icache_gethandle
 .text.mx_rcc_init
                0x080041f8       0xc0 CMakeFiles/STM32C5_IIS3DWB_Project1.dir/generated/hal/mx_rcc.c.obj
                0x080041f8                mx_rcc_init
 .text.mx_rcc_peripherals_clock_config
                0x080042b8       0x12 CMakeFiles/STM32C5_IIS3DWB_Project1.dir/generated/hal/mx_rcc.c.obj
                0x080042b8                mx_rcc_peripherals_clock_config
 *fill*         0x080042ca        0x2 
 .text.LL_AHB2_GRP1_EnableClock
                0x080042cc       0x60 CMakeFiles/STM32C5_IIS3DWB_Project1.dir/generated/hal/mx_spi1.c.obj
 .text.LL_APB2_GRP1_EnableClock
                0x0800432c       0x60 CMakeFiles/STM32C5_IIS3DWB_Project1.dir/generated/hal/mx_spi1.c.obj
 .text.HAL_RCC_GPIOA_EnableClock
                0x0800438c        0xe CMakeFiles/STM32C5_IIS3DWB_Project1.dir/generated/hal/mx_spi1.c.obj
 .text.HAL_RCC_SPI1_EnableClock
                0x0800439a       0x10 CMakeFiles/STM32C5_IIS3DWB_Project1.dir/generated/hal/mx_spi1.c.obj
 *fill*         0x080043aa        0x2 
 .text.mx_spi1_init
                0x080043ac       0xac CMakeFiles/STM32C5_IIS3DWB_Project1.dir/generated/hal/mx_spi1.c.obj
                0x080043ac                mx_spi1_init
 .text.mx_spi1_gethandle
                0x08004458       0x14 CMakeFiles/STM32C5_IIS3DWB_Project1.dir/generated/hal/mx_spi1.c.obj
                0x08004458                mx_spi1_gethandle
 .text.mx_system_init
                0x0800446c       0xe8 CMakeFiles/STM32C5_IIS3DWB_Project1.dir/generated/hal/mx_system.c.obj
                0x0800446c                mx_system_init
 .text.SysTick_Handler
                0x08004554       0x10 CMakeFiles/STM32C5_IIS3DWB_Project1.dir/generated/hal/mx_system.c.obj
                0x08004554                SysTick_Handler
 .text.pre_system_init_hook
                0x08004564       0x12 CMakeFiles/STM32C5_IIS3DWB_Project1.dir/generated/hal/mx_system.c.obj
                0x08004564                pre_system_init_hook
 .text.post_system_init_hook
                0x08004576       0x12 CMakeFiles/STM32C5_IIS3DWB_Project1.dir/generated/hal/mx_system.c.obj
                0x08004576                post_system_init_hook
 .text.LL_AHB2_GRP1_EnableClock
                0x08004588       0x60 CMakeFiles/STM32C5_IIS3DWB_Project1.dir/generated/hal/mx_usart1.c.obj
 .text.LL_APB2_GRP1_EnableClock
                0x080045e8       0x60 CMakeFiles/STM32C5_IIS3DWB_Project1.dir/generated/hal/mx_usart1.c.obj
 .text.HAL_RCC_GPIOA_EnableClock
                0x08004648        0xe CMakeFiles/STM32C5_IIS3DWB_Project1.dir/generated/hal/mx_usart1.c.obj
 .text.HAL_RCC_USART1_EnableClock
                0x08004656       0x10 CMakeFiles/STM32C5_IIS3DWB_Project1.dir/generated/hal/mx_usart1.c.obj
 *fill*         0x08004666        0x2 
 .text.mx_usart1_uart_init
                0x08004668       0xac CMakeFiles/STM32C5_IIS3DWB_Project1.dir/generated/hal/mx_usart1.c.obj
                0x08004668                mx_usart1_uart_init
 .text.mx_usart1_uart_gethandle
                0x08004714       0x14 CMakeFiles/STM32C5_IIS3DWB_Project1.dir/generated/hal/mx_usart1.c.obj
                0x08004714                mx_usart1_uart_gethandle
 .text.SCB_SetVTOR
                0x08004728       0x20 CMakeFiles/STM32C5_IIS3DWB_Project1.dir/user_modifiable/Device/STM32C542CCT6/system_stm32c5xx.c.obj
 .text.SCB_EnableFPU
                0x08004748       0x24 CMakeFiles/STM32C5_IIS3DWB_Project1.dir/user_modifiable/Device/STM32C542CCT6/system_stm32c5xx.c.obj
 .text.SystemInit
                0x0800476c       0x18 CMakeFiles/STM32C5_IIS3DWB_Project1.dir/user_modifiable/Device/STM32C542CCT6/system_stm32c5xx.c.obj
                0x0800476c                SystemInit
 .text.Reset_Handler
                0x08004784       0xc4 CMakeFiles/STM32C5_IIS3DWB_Project1.dir/user_modifiable/Device/STM32C542CCT6/startup_stm32c542xx.c.obj
                0x08004784                Reset_Handler
 .text.HardFault_Handler
                0x08004848        0x8 CMakeFiles/STM32C5_IIS3DWB_Project1.dir/user_modifiable/Device/STM32C542CCT6/startup_stm32c542xx.c.obj
                0x08004848                HardFault_Handler
 .text.Default_IRQHandler
                0x08004850        0x8 CMakeFiles/STM32C5_IIS3DWB_Project1.dir/user_modifiable/Device/STM32C542CCT6/startup_stm32c542xx.c.obj
                0x08004850                EXTI2_IRQHandler
                0x08004850                TIM8_CC_IRQHandler
                0x08004850                EXTI5_IRQHandler
                0x08004850                DebugMon_Handler
                0x08004850                TIM8_TRGI_COM_DIR_IDX_IRQHandler
                0x08004850                EXTI13_IRQHandler
                0x08004850                LPDMA2_CH1_IRQHandler
                0x08004850                I2C1_ERR_IRQHandler
                0x08004850                TIM1_CC_IRQHandler
                0x08004850                TAMP_IRQHandler
                0x08004850                TIM6_IRQHandler
                0x08004850                EXTI12_IRQHandler
                0x08004850                CORDIC_IRQHandler
                0x08004850                PendSV_Handler
                0x08004850                USB_DRD_FS_IRQHandler
                0x08004850                NMI_Handler
                0x08004850                EXTI3_IRQHandler
                0x08004850                EXTI8_IRQHandler
                0x08004850                PWR_PVD_IRQHandler
                0x08004850                EXTI0_IRQHandler
                0x08004850                FPU_IRQHandler
                0x08004850                FDCAN1_IT1_IRQHandler
                0x08004850                RAMCFG_IRQHandler
                0x08004850                UsageFault_Handler
                0x08004850                TIM1_UPD_IRQHandler
                0x08004850                SPI1_IRQHandler
                0x08004850                ADC1_IRQHandler
                0x08004850                EXTI15_IRQHandler
                0x08004850                RTC_IRQHandler
                0x08004850                EXTI9_IRQHandler
                0x08004850                UART5_IRQHandler
                0x08004850                LPDMA2_CH3_IRQHandler
                0x08004850                LPDMA1_CH1_IRQHandler
                0x08004850                I2C1_EV_IRQHandler
                0x08004850                UART4_IRQHandler
                0x08004850                RCC_IRQHandler
                0x08004850                COMP2_IRQHandler
                0x08004850                LPDMA2_CH2_IRQHandler
                0x08004850                TIM12_IRQHandler
                0x08004850                TIM7_IRQHandler
                0x08004850                I3C1_EV_IRQHandler
                0x08004850                TIM15_IRQHandler
                0x08004850                TIM8_BRK_TERR_IERR_IRQHandler
                0x08004850                TIM8_UPD_IRQHandler
                0x08004850                SPI2_IRQHandler
                0x08004850                MemManage_Handler
                0x08004850                LPDMA1_CH3_IRQHandler
                0x08004850                EXTI14_IRQHandler
                0x08004850                EXTI11_IRQHandler
                0x08004850                SVC_Handler
                0x08004850                CRS_IRQHandler
                0x08004850                EXTI4_IRQHandler
                0x08004850                TIM1_BRK_TERR_IERR_IRQHandler
                0x08004850                RNG_IRQHandler
                0x08004850                FDCAN2_IT1_IRQHandler
                0x08004850                TIM1_TRGI_COM_DIR_IDX_IRQHandler
                0x08004850                LPDMA2_CH0_IRQHandler
                0x08004850                I3C1_ERR_IRQHandler
                0x08004850                WWDG_IRQHandler
                0x08004850                Default_IRQHandler
                0x08004850                FDCAN2_IT0_IRQHandler
                0x08004850                IWDG_IRQHandler
                0x08004850                LPUART1_IRQHandler
                0x08004850                FDCAN1_IT0_IRQHandler
                0x08004850                TIM2_IRQHandler
                0x08004850                LPDMA1_CH2_IRQHandler
                0x08004850                EXTI7_IRQHandler
                0x08004850                EXTI1_IRQHandler
                0x08004850                AES_IRQHandler
                0x08004850                DAC1_IRQHandler
                0x08004850                USART2_IRQHandler
                0x08004850                FLASH_IRQHandler
                0x08004850                BusFault_Handler
                0x08004850                USART1_IRQHandler
                0x08004850                EXTI10_IRQHandler
                0x08004850                LPDMA1_CH0_IRQHandler
                0x08004850                EXTI6_IRQHandler
                0x08004850                COMP1_IRQHandler
                0x08004850                LPTIM1_IRQHandler
                0x08004850                ICACHE_IRQHandler
                0x08004850                HASH_IRQHandler
 .text.Default_IRQHandler_Hook
                0x08004858        0x8 CMakeFiles/STM32C5_IIS3DWB_Project1.dir/user_modifiable/Device/STM32C542CCT6/startup_stm32c542xx.c.obj
                0x08004858                Default_IRQHandler_Hook
 .text.LL_RCC_GetAHBPrescaler
                0x08004860       0x1c CMakeFiles/STM32C5_IIS3DWB_Project1.dir/stm32c5xx_drivers/hal/stm32c5xx_hal.c.obj
 .text.LL_FLASH_EnablePrefetch
                0x0800487c       0x20 CMakeFiles/STM32C5_IIS3DWB_Project1.dir/stm32c5xx_drivers/hal/stm32c5xx_hal.c.obj
 .text.HAL_Init
                0x0800489c       0x44 CMakeFiles/STM32C5_IIS3DWB_Project1.dir/stm32c5xx_drivers/hal/stm32c5xx_hal.c.obj
                0x0800489c                HAL_Init
 .text.HAL_InitTick
                0x080048e0       0x68 CMakeFiles/STM32C5_IIS3DWB_Project1.dir/stm32c5xx_drivers/hal/stm32c5xx_hal.c.obj
                0x080048e0                HAL_InitTick
 .text.HAL_UpdateCoreClock
                0x08004948       0x30 CMakeFiles/STM32C5_IIS3DWB_Project1.dir/stm32c5xx_drivers/hal/stm32c5xx_hal.c.obj
                0x08004948                HAL_UpdateCoreClock
 .text.HAL_IncTick
                0x08004978       0x28 CMakeFiles/STM32C5_IIS3DWB_Project1.dir/stm32c5xx_drivers/hal/stm32c5xx_hal.c.obj
                0x08004978                HAL_IncTick
 .text.HAL_GetTick
                0x080049a0       0x18 CMakeFiles/STM32C5_IIS3DWB_Project1.dir/stm32c5xx_drivers/hal/stm32c5xx_hal.c.obj
                0x080049a0                HAL_GetTick
 .text.HAL_Delay
                0x080049b8       0x4c CMakeFiles/STM32C5_IIS3DWB_Project1.dir/stm32c5xx_drivers/hal/stm32c5xx_hal.c.obj
                0x080049b8                HAL_Delay
 .text.__NVIC_SetPriorityGrouping
                0x08004a04       0x48 CMakeFiles/STM32C5_IIS3DWB_Project1.dir/stm32c5xx_drivers/hal/stm32c5xx_hal_cortex.c.obj
 .text.__NVIC_GetPriorityGrouping
                0x08004a4c       0x1c CMakeFiles/STM32C5_IIS3DWB_Project1.dir/stm32c5xx_drivers/hal/stm32c5xx_hal_cortex.c.obj
 .text.__NVIC_SetPriority
                0x08004a68       0x54 CMakeFiles/STM32C5_IIS3DWB_Project1.dir/stm32c5xx_drivers/hal/stm32c5xx_hal_cortex.c.obj
 .text.NVIC_EncodePriority
                0x08004abc       0x66 CMakeFiles/STM32C5_IIS3DWB_Project1.dir/stm32c5xx_drivers/hal/stm32c5xx_hal_cortex.c.obj
 *fill*         0x08004b22        0x2 
 .text.ARM_MPU_Enable
                0x08004b24       0x44 CMakeFiles/STM32C5_IIS3DWB_Project1.dir/stm32c5xx_drivers/hal/stm32c5xx_hal_cortex.c.obj
 .text.ARM_MPU_Disable
                0x08004b68       0x40 CMakeFiles/STM32C5_IIS3DWB_Project1.dir/stm32c5xx_drivers/hal/stm32c5xx_hal_cortex.c.obj
 .text.ARM_MPU_SetMemAttrEx
                0x08004ba8       0x6a CMakeFiles/STM32C5_IIS3DWB_Project1.dir/stm32c5xx_drivers/hal/stm32c5xx_hal_cortex.c.obj
 *fill*         0x08004c12        0x2 
 .text.ARM_MPU_SetMemAttr
                0x08004c14       0x28 CMakeFiles/STM32C5_IIS3DWB_Project1.dir/stm32c5xx_drivers/hal/stm32c5xx_hal_cortex.c.obj
 .text.ARM_MPU_SetRegionEx
                0x08004c3c       0x2c CMakeFiles/STM32C5_IIS3DWB_Project1.dir/stm32c5xx_drivers/hal/stm32c5xx_hal_cortex.c.obj
 .text.ARM_MPU_SetRegion
                0x08004c68       0x24 CMakeFiles/STM32C5_IIS3DWB_Project1.dir/stm32c5xx_drivers/hal/stm32c5xx_hal_cortex.c.obj
 .text.SysTick_SetClkSource
                0x08004c8c       0x38 CMakeFiles/STM32C5_IIS3DWB_Project1.dir/stm32c5xx_drivers/hal/stm32c5xx_hal_cortex.c.obj
 .text.SysTick_GetClkSource
                0x08004cc4       0x1c CMakeFiles/STM32C5_IIS3DWB_Project1.dir/stm32c5xx_drivers/hal/stm32c5xx_hal_cortex.c.obj
 .text.SysTick_EnableIT
                0x08004ce0       0x20 CMakeFiles/STM32C5_IIS3DWB_Project1.dir/stm32c5xx_drivers/hal/stm32c5xx_hal_cortex.c.obj
 .text.SysTick_Enable
                0x08004d00       0x20 CMakeFiles/STM32C5_IIS3DWB_Project1.dir/stm32c5xx_drivers/hal/stm32c5xx_hal_cortex.c.obj
 .text.SysTick_SetReload
                0x08004d20       0x30 CMakeFiles/STM32C5_IIS3DWB_Project1.dir/stm32c5xx_drivers/hal/stm32c5xx_hal_cortex.c.obj
 .text.SysTick_SetCounter
                0x08004d50       0x20 CMakeFiles/STM32C5_IIS3DWB_Project1.dir/stm32c5xx_drivers/hal/stm32c5xx_hal_cortex.c.obj
 .text.HAL_CORTEX_NVIC_SetPriorityGrouping
                0x08004d70       0x1a CMakeFiles/STM32C5_IIS3DWB_Project1.dir/stm32c5xx_drivers/hal/stm32c5xx_hal_cortex.c.obj
                0x08004d70                HAL_CORTEX_NVIC_SetPriorityGrouping
 .text.HAL_CORTEX_NVIC_SetPriority
                0x08004d8a       0x36 CMakeFiles/STM32C5_IIS3DWB_Project1.dir/stm32c5xx_drivers/hal/stm32c5xx_hal_cortex.c.obj
                0x08004d8a                HAL_CORTEX_NVIC_SetPriority
 .text.HAL_CORTEX_SYSTICK_SetFreq
                0x08004dc0       0x5a CMakeFiles/STM32C5_IIS3DWB_Project1.dir/stm32c5xx_drivers/hal/stm32c5xx_hal_cortex.c.obj
                0x08004dc0                HAL_CORTEX_SYSTICK_SetFreq
 .text.HAL_CORTEX_SYSTICK_SetClkSource
                0x08004e1a       0x1a CMakeFiles/STM32C5_IIS3DWB_Project1.dir/stm32c5xx_drivers/hal/stm32c5xx_hal_cortex.c.obj
                0x08004e1a                HAL_CORTEX_SYSTICK_SetClkSource
 .text.HAL_CORTEX_SYSTICK_IRQHandler
                0x08004e34        0xc CMakeFiles/STM32C5_IIS3DWB_Project1.dir/stm32c5xx_drivers/hal/stm32c5xx_hal_cortex.c.obj
                0x08004e34                HAL_CORTEX_SYSTICK_IRQHandler
 .text.HAL_CORTEX_SYSTICK_Callback
                0x08004e40        0xe CMakeFiles/STM32C5_IIS3DWB_Project1.dir/stm32c5xx_drivers/hal/stm32c5xx_hal_cortex.c.obj
                0x08004e40                HAL_CORTEX_SYSTICK_Callback
 .text.HAL_CORTEX_MPU_Enable
                0x08004e4e       0x26 CMakeFiles/STM32C5_IIS3DWB_Project1.dir/stm32c5xx_drivers/hal/stm32c5xx_hal_cortex.c.obj
                0x08004e4e                HAL_CORTEX_MPU_Enable
 .text.HAL_CORTEX_MPU_Disable
                0x08004e74        0xc CMakeFiles/STM32C5_IIS3DWB_Project1.dir/stm32c5xx_drivers/hal/stm32c5xx_hal_cortex.c.obj
                0x08004e74                HAL_CORTEX_MPU_Disable
 .text.HAL_CORTEX_MPU_SetCacheMemAttr
                0x08004e80       0x2a CMakeFiles/STM32C5_IIS3DWB_Project1.dir/stm32c5xx_drivers/hal/stm32c5xx_hal_cortex.c.obj
                0x08004e80                HAL_CORTEX_MPU_SetCacheMemAttr
 .text.HAL_CORTEX_MPU_SetConfigRegion
                0x08004eaa       0x48 CMakeFiles/STM32C5_IIS3DWB_Project1.dir/stm32c5xx_drivers/hal/stm32c5xx_hal_cortex.c.obj
                0x08004eaa                HAL_CORTEX_MPU_SetConfigRegion
 *fill*         0x08004ef2        0x2 
 .text.HAL_CORTEX_MPU_EnableRegion
                0x08004ef4       0x2c CMakeFiles/STM32C5_IIS3DWB_Project1.dir/stm32c5xx_drivers/hal/stm32c5xx_hal_cortex.c.obj
                0x08004ef4                HAL_CORTEX_MPU_EnableRegion
 .text.LL_FLASH_SetLatency
                0x08004f20       0x26 CMakeFiles/STM32C5_IIS3DWB_Project1.dir/stm32c5xx_drivers/hal/stm32c5xx_hal_flash_itf.c.obj
 .text.LL_FLASH_SetProgrammingDelay
                0x08004f46       0x26 CMakeFiles/STM32C5_IIS3DWB_Project1.dir/stm32c5xx_drivers/hal/stm32c5xx_hal_flash_itf.c.obj
 .text.HAL_FLASH_ITF_SetLatency
                0x08004f6c       0x24 CMakeFiles/STM32C5_IIS3DWB_Project1.dir/stm32c5xx_drivers/hal/stm32c5xx_hal_flash_itf.c.obj
                0x08004f6c                HAL_FLASH_ITF_SetLatency
 .text.HAL_FLASH_ITF_SetProgrammingDelay
                0x08004f90       0x24 CMakeFiles/STM32C5_IIS3DWB_Project1.dir/stm32c5xx_drivers/hal/stm32c5xx_hal_flash_itf.c.obj
                0x08004f90                HAL_FLASH_ITF_SetProgrammingDelay
 .text.LL_GPIO_SetPinMode
                0x08004fb4       0x9c CMakeFiles/STM32C5_IIS3DWB_Project1.dir/stm32c5xx_drivers/hal/stm32c5xx_hal_gpio.c.obj
 .text.LL_GPIO_SetPinOutputType
                0x08005050       0x56 CMakeFiles/STM32C5_IIS3DWB_Project1.dir/stm32c5xx_drivers/hal/stm32c5xx_hal_gpio.c.obj
 .text.LL_GPIO_SetPinSpeed
                0x080050a6       0xa0 CMakeFiles/STM32C5_IIS3DWB_Project1.dir/stm32c5xx_drivers/hal/stm32c5xx_hal_gpio.c.obj
 .text.LL_GPIO_SetPinPull
                0x08005146       0xa0 CMakeFiles/STM32C5_IIS3DWB_Project1.dir/stm32c5xx_drivers/hal/stm32c5xx_hal_gpio.c.obj
 .text.LL_GPIO_SetAFPin_0_7
                0x080051e6       0xa0 CMakeFiles/STM32C5_IIS3DWB_Project1.dir/stm32c5xx_drivers/hal/stm32c5xx_hal_gpio.c.obj
 .text.LL_GPIO_SetAFPin_8_15
                0x08005286       0xa4 CMakeFiles/STM32C5_IIS3DWB_Project1.dir/stm32c5xx_drivers/hal/stm32c5xx_hal_gpio.c.obj
 .text.LL_GPIO_WriteOutputPin
                0x0800532a       0x2a CMakeFiles/STM32C5_IIS3DWB_Project1.dir/stm32c5xx_drivers/hal/stm32c5xx_hal_gpio.c.obj
 .text.HAL_GPIO_Init
                0x08005354      0x128 CMakeFiles/STM32C5_IIS3DWB_Project1.dir/stm32c5xx_drivers/hal/stm32c5xx_hal_gpio.c.obj
                0x08005354                HAL_GPIO_Init
 .text.HAL_GPIO_WritePin
                0x0800547c       0x22 CMakeFiles/STM32C5_IIS3DWB_Project1.dir/stm32c5xx_drivers/hal/stm32c5xx_hal_gpio.c.obj
                0x0800547c                HAL_GPIO_WritePin
 .text.LL_ICACHE_Enable
                0x0800549e       0x20 CMakeFiles/STM32C5_IIS3DWB_Project1.dir/stm32c5xx_drivers/hal/stm32c5xx_hal_icache.c.obj
 .text.LL_ICACHE_EnableIT
                0x080054be       0x22 CMakeFiles/STM32C5_IIS3DWB_Project1.dir/stm32c5xx_drivers/hal/stm32c5xx_hal_icache.c.obj
 .text.HAL_ICACHE_Init
                0x080054e0       0x28 CMakeFiles/STM32C5_IIS3DWB_Project1.dir/stm32c5xx_drivers/hal/stm32c5xx_hal_icache.c.obj
                0x080054e0                HAL_ICACHE_Init
 .text.HAL_ICACHE_Start
                0x08005508       0x32 CMakeFiles/STM32C5_IIS3DWB_Project1.dir/stm32c5xx_drivers/hal/stm32c5xx_hal_icache.c.obj
                0x08005508                HAL_ICACHE_Start
 *fill*         0x0800553a        0x2 
 .text.LL_RCC_LSI_IsReady
                0x0800553c       0x28 CMakeFiles/STM32C5_IIS3DWB_Project1.dir/stm32c5xx_drivers/hal/stm32c5xx_hal_rcc.c.obj
 .text.LL_RCC_HSIS_Enable
                0x08005564       0x20 CMakeFiles/STM32C5_IIS3DWB_Project1.dir/stm32c5xx_drivers/hal/stm32c5xx_hal_rcc.c.obj
 .text.LL_RCC_HSIS_IsReady
                0x08005584       0x24 CMakeFiles/STM32C5_IIS3DWB_Project1.dir/stm32c5xx_drivers/hal/stm32c5xx_hal_rcc.c.obj
 .text.LL_RCC_HSIK_IsReady
                0x080055a8       0x24 CMakeFiles/STM32C5_IIS3DWB_Project1.dir/stm32c5xx_drivers/hal/stm32c5xx_hal_rcc.c.obj
 .text.LL_RCC_HSIK_GetDivider
                0x080055cc       0x1c CMakeFiles/STM32C5_IIS3DWB_Project1.dir/stm32c5xx_drivers/hal/stm32c5xx_hal_rcc.c.obj
 .text.LL_RCC_PSIS_Enable
                0x080055e8       0x20 CMakeFiles/STM32C5_IIS3DWB_Project1.dir/stm32c5xx_drivers/hal/stm32c5xx_hal_rcc.c.obj
 .text.LL_RCC_PSIS_IsReady
                0x08005608       0x28 CMakeFiles/STM32C5_IIS3DWB_Project1.dir/stm32c5xx_drivers/hal/stm32c5xx_hal_rcc.c.obj
 .text.LL_RCC_PSIDIV3_IsReady
                0x08005630       0x28 CMakeFiles/STM32C5_IIS3DWB_Project1.dir/stm32c5xx_drivers/hal/stm32c5xx_hal_rcc.c.obj
 .text.LL_RCC_PSIK_IsReady
                0x08005658       0x28 CMakeFiles/STM32C5_IIS3DWB_Project1.dir/stm32c5xx_drivers/hal/stm32c5xx_hal_rcc.c.obj
 .text.LL_RCC_PSIK_GetDivider
                0x08005680       0x1c CMakeFiles/STM32C5_IIS3DWB_Project1.dir/stm32c5xx_drivers/hal/stm32c5xx_hal_rcc.c.obj
 .text.LL_RCC_ConfigPSI
                0x0800569c       0x38 CMakeFiles/STM32C5_IIS3DWB_Project1.dir/stm32c5xx_drivers/hal/stm32c5xx_hal_rcc.c.obj
 .text.LL_RCC_GetConfigPSI
                0x080056d4       0x40 CMakeFiles/STM32C5_IIS3DWB_Project1.dir/stm32c5xx_drivers/hal/stm32c5xx_hal_rcc.c.obj
 .text.LL_RCC_SetSysClkSource
                0x08005714       0x28 CMakeFiles/STM32C5_IIS3DWB_Project1.dir/stm32c5xx_drivers/hal/stm32c5xx_hal_rcc.c.obj
 .text.LL_RCC_GetSysClkSource
                0x0800573c       0x1c CMakeFiles/STM32C5_IIS3DWB_Project1.dir/stm32c5xx_drivers/hal/stm32c5xx_hal_rcc.c.obj
 .text.LL_RCC_GetAHBPrescaler
                0x08005758       0x1c CMakeFiles/STM32C5_IIS3DWB_Project1.dir/stm32c5xx_drivers/hal/stm32c5xx_hal_rcc.c.obj
 .text.LL_RCC_GetSystickClockSource
                0x08005774       0x1c CMakeFiles/STM32C5_IIS3DWB_Project1.dir/stm32c5xx_drivers/hal/stm32c5xx_hal_rcc.c.obj
 .text.LL_RCC_GetAPB1Prescaler
                0x08005790       0x1c CMakeFiles/STM32C5_IIS3DWB_Project1.dir/stm32c5xx_drivers/hal/stm32c5xx_hal_rcc.c.obj
 .text.LL_RCC_GetAPB2Prescaler
                0x080057ac       0x1c CMakeFiles/STM32C5_IIS3DWB_Project1.dir/stm32c5xx_drivers/hal/stm32c5xx_hal_rcc.c.obj
 .text.LL_RCC_GetAPB3Prescaler
                0x080057c8       0x1c CMakeFiles/STM32C5_IIS3DWB_Project1.dir/stm32c5xx_drivers/hal/stm32c5xx_hal_rcc.c.obj
 .text.LL_RCC_ConfigBusClock
                0x080057e4       0x2c CMakeFiles/STM32C5_IIS3DWB_Project1.dir/stm32c5xx_drivers/hal/stm32c5xx_hal_rcc.c.obj
 .text.LL_RCC_SetClockSource
                0x08005810       0x54 CMakeFiles/STM32C5_IIS3DWB_Project1.dir/stm32c5xx_drivers/hal/stm32c5xx_hal_rcc.c.obj
 .text.LL_RCC_SetUSARTClockSource
                0x08005864       0x16 CMakeFiles/STM32C5_IIS3DWB_Project1.dir/stm32c5xx_drivers/hal/stm32c5xx_hal_rcc.c.obj
 .text.LL_RCC_SetSPIClockSource
                0x0800587a       0x16 CMakeFiles/STM32C5_IIS3DWB_Project1.dir/stm32c5xx_drivers/hal/stm32c5xx_hal_rcc.c.obj
 .text.LL_RCC_GetClockSource
                0x08005890       0x48 CMakeFiles/STM32C5_IIS3DWB_Project1.dir/stm32c5xx_drivers/hal/stm32c5xx_hal_rcc.c.obj
 .text.LL_RCC_GetUSARTClockSource
                0x080058d8       0x18 CMakeFiles/STM32C5_IIS3DWB_Project1.dir/stm32c5xx_drivers/hal/stm32c5xx_hal_rcc.c.obj
 .text.LL_RCC_GetUARTClockSource
                0x080058f0       0x18 CMakeFiles/STM32C5_IIS3DWB_Project1.dir/stm32c5xx_drivers/hal/stm32c5xx_hal_rcc.c.obj
 .text.LL_RCC_GetLPUARTClockSource
                0x08005908       0x24 CMakeFiles/STM32C5_IIS3DWB_Project1.dir/stm32c5xx_drivers/hal/stm32c5xx_hal_rcc.c.obj
 .text.HAL_RCC_HSIS_Enable
                0x0800592c       0x1c CMakeFiles/STM32C5_IIS3DWB_Project1.dir/stm32c5xx_drivers/hal/stm32c5xx_hal_rcc.c.obj
                0x0800592c                HAL_RCC_HSIS_Enable
 .text.HAL_RCC_PSIS_Enable
                0x08005948       0x1c CMakeFiles/STM32C5_IIS3DWB_Project1.dir/stm32c5xx_drivers/hal/stm32c5xx_hal_rcc.c.obj
                0x08005948                HAL_RCC_PSIS_Enable
 .text.HAL_RCC_PSI_SetConfig
                0x08005964       0x50 CMakeFiles/STM32C5_IIS3DWB_Project1.dir/stm32c5xx_drivers/hal/stm32c5xx_hal_rcc.c.obj
                0x08005964                HAL_RCC_PSI_SetConfig
 .text.HAL_RCC_PSI_GetConfig
                0x080059b4       0x34 CMakeFiles/STM32C5_IIS3DWB_Project1.dir/stm32c5xx_drivers/hal/stm32c5xx_hal_rcc.c.obj
                0x080059b4                HAL_RCC_PSI_GetConfig
 .text.HAL_RCC_SetSYSCLKSource
                0x080059e8       0x52 CMakeFiles/STM32C5_IIS3DWB_Project1.dir/stm32c5xx_drivers/hal/stm32c5xx_hal_rcc.c.obj
                0x080059e8                HAL_RCC_SetSYSCLKSource
 .text.HAL_RCC_GetSYSCLKSource
                0x08005a3a       0x12 CMakeFiles/STM32C5_IIS3DWB_Project1.dir/stm32c5xx_drivers/hal/stm32c5xx_hal_rcc.c.obj
                0x08005a3a                HAL_RCC_GetSYSCLKSource
 .text.HAL_RCC_SetBusClockConfig
                0x08005a4c       0x38 CMakeFiles/STM32C5_IIS3DWB_Project1.dir/stm32c5xx_drivers/hal/stm32c5xx_hal_rcc.c.obj
                0x08005a4c                HAL_RCC_SetBusClockConfig
 .text.HAL_RCC_GetPSIClockFreq
                0x08005a84       0x9c CMakeFiles/STM32C5_IIS3DWB_Project1.dir/stm32c5xx_drivers/hal/stm32c5xx_hal_rcc.c.obj
                0x08005a84                HAL_RCC_GetPSIClockFreq
 .text.HAL_RCC_GetSYSCLKFreq
                0x08005b20       0x3c CMakeFiles/STM32C5_IIS3DWB_Project1.dir/stm32c5xx_drivers/hal/stm32c5xx_hal_rcc.c.obj
                0x08005b20                HAL_RCC_GetSYSCLKFreq
 .text.HAL_RCC_GetHCLKFreq
                0x08005b5c       0x20 CMakeFiles/STM32C5_IIS3DWB_Project1.dir/stm32c5xx_drivers/hal/stm32c5xx_hal_rcc.c.obj
                0x08005b5c                HAL_RCC_GetHCLKFreq
 .text.HAL_RCC_GetPCLK1Freq
                0x08005b7c       0x24 CMakeFiles/STM32C5_IIS3DWB_Project1.dir/stm32c5xx_drivers/hal/stm32c5xx_hal_rcc.c.obj
                0x08005b7c                HAL_RCC_GetPCLK1Freq
 .text.HAL_RCC_GetPCLK2Freq
                0x08005ba0       0x24 CMakeFiles/STM32C5_IIS3DWB_Project1.dir/stm32c5xx_drivers/hal/stm32c5xx_hal_rcc.c.obj
                0x08005ba0                HAL_RCC_GetPCLK2Freq
 .text.HAL_RCC_GetPCLK3Freq
                0x08005bc4       0x24 CMakeFiles/STM32C5_IIS3DWB_Project1.dir/stm32c5xx_drivers/hal/stm32c5xx_hal_rcc.c.obj
                0x08005bc4                HAL_RCC_GetPCLK3Freq
 .text.HAL_RCC_USART1_SetKernelClkSource
                0x08005be8       0x1e CMakeFiles/STM32C5_IIS3DWB_Project1.dir/stm32c5xx_drivers/hal/stm32c5xx_hal_rcc.c.obj
                0x08005be8                HAL_RCC_USART1_SetKernelClkSource
 .text.HAL_RCC_SPI1_SetKernelClkSource
                0x08005c06       0x1a CMakeFiles/STM32C5_IIS3DWB_Project1.dir/stm32c5xx_drivers/hal/stm32c5xx_hal_rcc.c.obj
                0x08005c06                HAL_RCC_SPI1_SetKernelClkSource
 .text.HAL_RCC_UART_GetKernelClkFreq
                0x08005c20       0x88 CMakeFiles/STM32C5_IIS3DWB_Project1.dir/stm32c5xx_drivers/hal/stm32c5xx_hal_rcc.c.obj
                0x08005c20                HAL_RCC_UART_GetKernelClkFreq
 .text.HAL_RCC_USART1_GetKernelClkFreq
                0x08005ca8       0xb0 CMakeFiles/STM32C5_IIS3DWB_Project1.dir/stm32c5xx_drivers/hal/stm32c5xx_hal_rcc.c.obj
                0x08005ca8                HAL_RCC_USART1_GetKernelClkFreq
 .text.HAL_RCC_USART2_GetKernelClkFreq
                0x08005d58       0xb4 CMakeFiles/STM32C5_IIS3DWB_Project1.dir/stm32c5xx_drivers/hal/stm32c5xx_hal_rcc.c.obj
                0x08005d58                HAL_RCC_USART2_GetKernelClkFreq
 .text.HAL_RCC_UART4_GetKernelClkFreq
                0x08005e0c       0xb4 CMakeFiles/STM32C5_IIS3DWB_Project1.dir/stm32c5xx_drivers/hal/stm32c5xx_hal_rcc.c.obj
                0x08005e0c                HAL_RCC_UART4_GetKernelClkFreq
 .text.HAL_RCC_UART5_GetKernelClkFreq
                0x08005ec0       0xb4 CMakeFiles/STM32C5_IIS3DWB_Project1.dir/stm32c5xx_drivers/hal/stm32c5xx_hal_rcc.c.obj
                0x08005ec0                HAL_RCC_UART5_GetKernelClkFreq
 .text.HAL_RCC_LPUART1_GetKernelClkFreq
                0x08005f74       0x88 CMakeFiles/STM32C5_IIS3DWB_Project1.dir/stm32c5xx_drivers/hal/stm32c5xx_hal_rcc.c.obj
                0x08005f74                HAL_RCC_LPUART1_GetKernelClkFreq
 .text.HAL_RCC_GetSysTickExternalClkFreq
                0x08005ffc       0x3e CMakeFiles/STM32C5_IIS3DWB_Project1.dir/stm32c5xx_drivers/hal/stm32c5xx_hal_rcc.c.obj
                0x08005ffc                HAL_RCC_GetSysTickExternalClkFreq
 .text.RCC_WaitForTimeout
                0x0800603a       0x54 CMakeFiles/STM32C5_IIS3DWB_Project1.dir/stm32c5xx_drivers/hal/stm32c5xx_hal_rcc.c.obj
 .text.RCC_GetDividerValue
                0x0800608e      0x132 CMakeFiles/STM32C5_IIS3DWB_Project1.dir/stm32c5xx_drivers/hal/stm32c5xx_hal_rcc.c.obj
 .text.LL_SPI_Enable
                0x080061c0       0x20 CMakeFiles/STM32C5_IIS3DWB_Project1.dir/stm32c5xx_drivers/hal/stm32c5xx_hal_spi.c.obj
 .text.LL_SPI_Disable
                0x080061e0       0x20 CMakeFiles/STM32C5_IIS3DWB_Project1.dir/stm32c5xx_drivers/hal/stm32c5xx_hal_spi.c.obj
 .text.LL_SPI_GetMode
                0x08006200       0x1c CMakeFiles/STM32C5_IIS3DWB_Project1.dir/stm32c5xx_drivers/hal/stm32c5xx_hal_spi.c.obj
 .text.LL_SPI_SetTransferSize
                0x0800621c       0x26 CMakeFiles/STM32C5_IIS3DWB_Project1.dir/stm32c5xx_drivers/hal/stm32c5xx_hal_spi.c.obj
 .text.LL_SPI_IsEnabledIOLock
                0x08006242       0x28 CMakeFiles/STM32C5_IIS3DWB_Project1.dir/stm32c5xx_drivers/hal/stm32c5xx_hal_spi.c.obj
 .text.LL_SPI_StartMasterTransfer
                0x0800626a       0x20 CMakeFiles/STM32C5_IIS3DWB_Project1.dir/stm32c5xx_drivers/hal/stm32c5xx_hal_spi.c.obj
 .text.LL_SPI_SetConfig
                0x0800628a       0x94 CMakeFiles/STM32C5_IIS3DWB_Project1.dir/stm32c5xx_drivers/hal/stm32c5xx_hal_spi.c.obj
 .text.LL_SPI_SetTransferDirection
                0x0800631e       0x2a CMakeFiles/STM32C5_IIS3DWB_Project1.dir/stm32c5xx_drivers/hal/stm32c5xx_hal_spi.c.obj
 .text.LL_SPI_GetDataWidth
                0x08006348       0x1c CMakeFiles/STM32C5_IIS3DWB_Project1.dir/stm32c5xx_drivers/hal/stm32c5xx_hal_spi.c.obj
 .text.LL_SPI_IsActiveFlag
                0x08006364       0x2a CMakeFiles/STM32C5_IIS3DWB_Project1.dir/stm32c5xx_drivers/hal/stm32c5xx_hal_spi.c.obj
 .text.LL_SPI_IsActiveFlag_RXP
                0x0800638e       0x26 CMakeFiles/STM32C5_IIS3DWB_Project1.dir/stm32c5xx_drivers/hal/stm32c5xx_hal_spi.c.obj
 .text.LL_SPI_IsActiveFlag_TXP
                0x080063b4       0x26 CMakeFiles/STM32C5_IIS3DWB_Project1.dir/stm32c5xx_drivers/hal/stm32c5xx_hal_spi.c.obj
 .text.LL_SPI_IsActiveFlag_UDR
                0x080063da       0x26 CMakeFiles/STM32C5_IIS3DWB_Project1.dir/stm32c5xx_drivers/hal/stm32c5xx_hal_spi.c.obj
 .text.LL_SPI_IsActiveFlag_MODF
                0x08006400       0x28 CMakeFiles/STM32C5_IIS3DWB_Project1.dir/stm32c5xx_drivers/hal/stm32c5xx_hal_spi.c.obj
 .text.LL_SPI_IsActiveFlag_OVR
                0x08006428       0x26 CMakeFiles/STM32C5_IIS3DWB_Project1.dir/stm32c5xx_drivers/hal/stm32c5xx_hal_spi.c.obj
 .text.LL_SPI_IsActiveFlag_FRE
                0x0800644e       0x28 CMakeFiles/STM32C5_IIS3DWB_Project1.dir/stm32c5xx_drivers/hal/stm32c5xx_hal_spi.c.obj
 .text.LL_SPI_GetRxFIFOPackingLevel
                0x08006476       0x1c CMakeFiles/STM32C5_IIS3DWB_Project1.dir/stm32c5xx_drivers/hal/stm32c5xx_hal_spi.c.obj
 .text.LL_SPI_ClearFlag
                0x08006492       0x22 CMakeFiles/STM32C5_IIS3DWB_Project1.dir/stm32c5xx_drivers/hal/stm32c5xx_hal_spi.c.obj
 .text.LL_SPI_ClearFlag_UDR
                0x080064b4       0x20 CMakeFiles/STM32C5_IIS3DWB_Project1.dir/stm32c5xx_drivers/hal/stm32c5xx_hal_spi.c.obj
 .text.LL_SPI_ClearFlag_OVR
                0x080064d4       0x20 CMakeFiles/STM32C5_IIS3DWB_Project1.dir/stm32c5xx_drivers/hal/stm32c5xx_hal_spi.c.obj
 .text.LL_SPI_ClearFlag_MODF
                0x080064f4       0x20 CMakeFiles/STM32C5_IIS3DWB_Project1.dir/stm32c5xx_drivers/hal/stm32c5xx_hal_spi.c.obj
 .text.LL_SPI_ClearFlag_FRE
                0x08006514       0x20 CMakeFiles/STM32C5_IIS3DWB_Project1.dir/stm32c5xx_drivers/hal/stm32c5xx_hal_spi.c.obj
 .text.LL_SPI_DisableIT
                0x08006534       0x4a CMakeFiles/STM32C5_IIS3DWB_Project1.dir/stm32c5xx_drivers/hal/stm32c5xx_hal_spi.c.obj
 .text.LL_SPI_ReceiveData8
                0x0800657e       0x1c CMakeFiles/STM32C5_IIS3DWB_Project1.dir/stm32c5xx_drivers/hal/stm32c5xx_hal_spi.c.obj
 .text.LL_SPI_ReceiveData16
                0x0800659a       0x20 CMakeFiles/STM32C5_IIS3DWB_Project1.dir/stm32c5xx_drivers/hal/stm32c5xx_hal_spi.c.obj
 .text.LL_SPI_ReceiveData32
                0x080065ba       0x18 CMakeFiles/STM32C5_IIS3DWB_Project1.dir/stm32c5xx_drivers/hal/stm32c5xx_hal_spi.c.obj
 .text.LL_SPI_TransmitData8
                0x080065d2       0x20 CMakeFiles/STM32C5_IIS3DWB_Project1.dir/stm32c5xx_drivers/hal/stm32c5xx_hal_spi.c.obj
 .text.LL_SPI_TransmitData16
                0x080065f2       0x24 CMakeFiles/STM32C5_IIS3DWB_Project1.dir/stm32c5xx_drivers/hal/stm32c5xx_hal_spi.c.obj
 .text.LL_SPI_TransmitData32
                0x08006616       0x1c CMakeFiles/STM32C5_IIS3DWB_Project1.dir/stm32c5xx_drivers/hal/stm32c5xx_hal_spi.c.obj
 .text.HAL_SPI_Init
                0x08006632       0x4c CMakeFiles/STM32C5_IIS3DWB_Project1.dir/stm32c5xx_drivers/hal/stm32c5xx_hal_spi.c.obj
                0x08006632                HAL_SPI_Init
 .text.HAL_SPI_SetConfig
                0x0800667e       0x78 CMakeFiles/STM32C5_IIS3DWB_Project1.dir/stm32c5xx_drivers/hal/stm32c5xx_hal_spi.c.obj
                0x0800667e                HAL_SPI_SetConfig
 .text.HAL_SPI_TransmitReceive
                0x080066f6      0x3e2 CMakeFiles/STM32C5_IIS3DWB_Project1.dir/stm32c5xx_drivers/hal/stm32c5xx_hal_spi.c.obj
                0x080066f6                HAL_SPI_TransmitReceive
 .text.SPI_CloseTransfer
                0x08006ad8       0xf6 CMakeFiles/STM32C5_IIS3DWB_Project1.dir/stm32c5xx_drivers/hal/stm32c5xx_hal_spi.c.obj
 .text.SPI_WaitEndOfTransfer
                0x08006bce       0x6a CMakeFiles/STM32C5_IIS3DWB_Project1.dir/stm32c5xx_drivers/hal/stm32c5xx_hal_spi.c.obj
 .text.LL_USART_Enable
                0x08006c38       0x20 CMakeFiles/STM32C5_IIS3DWB_Project1.dir/stm32c5xx_drivers/hal/stm32c5xx_hal_uart.c.obj
 .text.LL_USART_Disable
                0x08006c58       0x20 CMakeFiles/STM32C5_IIS3DWB_Project1.dir/stm32c5xx_drivers/hal/stm32c5xx_hal_uart.c.obj
 .text.LL_USART_IsEnabled
                0x08006c78       0x26 CMakeFiles/STM32C5_IIS3DWB_Project1.dir/stm32c5xx_drivers/hal/stm32c5xx_hal_uart.c.obj
 *fill*         0x08006c9e        0x2 
 .text.LL_USART_ConfigXfer
                0x08006ca0       0x3c CMakeFiles/STM32C5_IIS3DWB_Project1.dir/stm32c5xx_drivers/hal/stm32c5xx_hal_uart.c.obj
 .text.LL_USART_IsEnabledDirectionRx
                0x08006cdc       0x26 CMakeFiles/STM32C5_IIS3DWB_Project1.dir/stm32c5xx_drivers/hal/stm32c5xx_hal_uart.c.obj
 .text.LL_USART_IsEnabledDirectionTx
                0x08006d02       0x26 CMakeFiles/STM32C5_IIS3DWB_Project1.dir/stm32c5xx_drivers/hal/stm32c5xx_hal_uart.c.obj
 .text.LL_USART_SetTransferDirection
                0x08006d28       0x48 CMakeFiles/STM32C5_IIS3DWB_Project1.dir/stm32c5xx_drivers/hal/stm32c5xx_hal_uart.c.obj
 .text.LL_USART_SetPrescaler
                0x08006d70       0x28 CMakeFiles/STM32C5_IIS3DWB_Project1.dir/stm32c5xx_drivers/hal/stm32c5xx_hal_uart.c.obj
 .text.LL_USART_SetHWFlowCtrl
                0x08006d98       0x26 CMakeFiles/STM32C5_IIS3DWB_Project1.dir/stm32c5xx_drivers/hal/stm32c5xx_hal_uart.c.obj
 .text.LL_USART_EnableOneBitSample
                0x08006dbe       0x20 CMakeFiles/STM32C5_IIS3DWB_Project1.dir/stm32c5xx_drivers/hal/stm32c5xx_hal_uart.c.obj
 .text.LL_USART_DisableOneBitSample
                0x08006dde       0x20 CMakeFiles/STM32C5_IIS3DWB_Project1.dir/stm32c5xx_drivers/hal/stm32c5xx_hal_uart.c.obj
 *fill*         0x08006dfe        0x2 
 .text.LL_USART_SetBaudRate
                0x08006e00       0x9c CMakeFiles/STM32C5_IIS3DWB_Project1.dir/stm32c5xx_drivers/hal/stm32c5xx_hal_uart.c.obj
 .text.LL_USART_IsEnabledHalfDuplex
                0x08006e9c       0x26 CMakeFiles/STM32C5_IIS3DWB_Project1.dir/stm32c5xx_drivers/hal/stm32c5xx_hal_uart.c.obj
 .text.LL_USART_ConfigAsyncMode
                0x08006ec2       0x2c CMakeFiles/STM32C5_IIS3DWB_Project1.dir/stm32c5xx_drivers/hal/stm32c5xx_hal_uart.c.obj
 .text.LL_USART_IsActiveFlag_RTO
                0x08006eee       0x28 CMakeFiles/STM32C5_IIS3DWB_Project1.dir/stm32c5xx_drivers/hal/stm32c5xx_hal_uart.c.obj
 .text.LL_USART_IsActiveFlag_TEACK
                0x08006f16       0x28 CMakeFiles/STM32C5_IIS3DWB_Project1.dir/stm32c5xx_drivers/hal/stm32c5xx_hal_uart.c.obj
 .text.LL_USART_IsActiveFlag_REACK
                0x08006f3e       0x28 CMakeFiles/STM32C5_IIS3DWB_Project1.dir/stm32c5xx_drivers/hal/stm32c5xx_hal_uart.c.obj
 .text.LL_USART_ClearFlag_RTO
                0x08006f66       0x1c CMakeFiles/STM32C5_IIS3DWB_Project1.dir/stm32c5xx_drivers/hal/stm32c5xx_hal_uart.c.obj
 .text.LL_USART_DisableIT_CR1
                0x08006f82       0x46 CMakeFiles/STM32C5_IIS3DWB_Project1.dir/stm32c5xx_drivers/hal/stm32c5xx_hal_uart.c.obj
 .text.LL_USART_DisableIT_CR3
                0x08006fc8       0x4a CMakeFiles/STM32C5_IIS3DWB_Project1.dir/stm32c5xx_drivers/hal/stm32c5xx_hal_uart.c.obj
 .text.LL_USART_TransmitData8
                0x08007012       0x1e CMakeFiles/STM32C5_IIS3DWB_Project1.dir/stm32c5xx_drivers/hal/stm32c5xx_hal_uart.c.obj
 .text.LL_USART_TransmitData9
                0x08007030       0x22 CMakeFiles/STM32C5_IIS3DWB_Project1.dir/stm32c5xx_drivers/hal/stm32c5xx_hal_uart.c.obj
 *fill*         0x08007052        0x2 
 .text.LL_LPUART_DIV
                0x08007054       0x8c CMakeFiles/STM32C5_IIS3DWB_Project1.dir/stm32c5xx_drivers/hal/stm32c5xx_hal_uart.c.obj
 .text.LL_LPUART_ConfigXfer
                0x080070e0       0x3c CMakeFiles/STM32C5_IIS3DWB_Project1.dir/stm32c5xx_drivers/hal/stm32c5xx_hal_uart.c.obj
 .text.LL_LPUART_SetBaudRate
                0x0800711c       0x2c CMakeFiles/STM32C5_IIS3DWB_Project1.dir/stm32c5xx_drivers/hal/stm32c5xx_hal_uart.c.obj
 .text.HAL_UART_Init
                0x08007148       0x52 CMakeFiles/STM32C5_IIS3DWB_Project1.dir/stm32c5xx_drivers/hal/stm32c5xx_hal_uart.c.obj
                0x08007148                HAL_UART_Init
 *fill*         0x0800719a        0x2 
 .text.HAL_UART_SetConfig
                0x0800719c      0x12c CMakeFiles/STM32C5_IIS3DWB_Project1.dir/stm32c5xx_drivers/hal/stm32c5xx_hal_uart.c.obj
                0x0800719c                HAL_UART_SetConfig
 .text.HAL_UART_Transmit
                0x080072c8      0x12c CMakeFiles/STM32C5_IIS3DWB_Project1.dir/stm32c5xx_drivers/hal/stm32c5xx_hal_uart.c.obj
                0x080072c8                HAL_UART_Transmit
 .text.UART_CheckEnabledState
                0x080073f4       0xb0 CMakeFiles/STM32C5_IIS3DWB_Project1.dir/stm32c5xx_drivers/hal/stm32c5xx_hal_uart.c.obj
 .text.UART_WaitOnFlagUntilTimeout
                0x080074a4       0xb6 CMakeFiles/STM32C5_IIS3DWB_Project1.dir/stm32c5xx_drivers/hal/stm32c5xx_hal_uart.c.obj
 .text._getpid  0x0800755a       0x10 CMakeFiles/STM32C5_IIS3DWB_Project1.dir/utilities/syscalls/syscalls.c.obj
                0x0800755a                _getpid
 .text._kill    0x0800756a       0x20 CMakeFiles/STM32C5_IIS3DWB_Project1.dir/utilities/syscalls/syscalls.c.obj
                0x0800756a                _kill
 .text._exit    0x0800758a       0x16 CMakeFiles/STM32C5_IIS3DWB_Project1.dir/utilities/syscalls/syscalls.c.obj
                0x0800758a                _exit
 .text._read    0x080075a0       0x3a CMakeFiles/STM32C5_IIS3DWB_Project1.dir/utilities/syscalls/syscalls.c.obj
                0x080075a0                _read
 .text._close   0x080075da       0x18 CMakeFiles/STM32C5_IIS3DWB_Project1.dir/utilities/syscalls/syscalls.c.obj
                0x080075da                _close
 .text._fstat   0x080075f2       0x20 CMakeFiles/STM32C5_IIS3DWB_Project1.dir/utilities/syscalls/syscalls.c.obj
                0x080075f2                _fstat
 .text._isatty  0x08007612       0x16 CMakeFiles/STM32C5_IIS3DWB_Project1.dir/utilities/syscalls/syscalls.c.obj
                0x08007612                _isatty
 .text._lseek   0x08007628       0x1a CMakeFiles/STM32C5_IIS3DWB_Project1.dir/utilities/syscalls/syscalls.c.obj
                0x08007628                _lseek
 *fill*         0x08007642        0x2 
 .text._sbrk    0x08007644       0x6c CMakeFiles/STM32C5_IIS3DWB_Project1.dir/utilities/syscalls/sysmem.c.obj
                0x08007644                _sbrk
 .text.printf   0x080076b0       0x24 C:/ST/STM32CubeIDE_2.1.1/STM32CubeIDE/plugins/com.st.stm32cube.ide.mcu.externaltools.gnu-tools-for-stm32.14.3.rel1.win32_1.0.100.202602081740/tools/bin/../lib/gcc/arm-none-eabi/14.3.1/../../../../arm-none-eabi/lib/thumb/v8-m.main+fp/hard\libc_nano.a(libc_a-printf.o)
                0x080076b0                iprintf
                0x080076b0                printf
 .text._puts_r  0x080076d4       0xaa C:/ST/STM32CubeIDE_2.1.1/STM32CubeIDE/plugins/com.st.stm32cube.ide.mcu.externaltools.gnu-tools-for-stm32.14.3.rel1.win32_1.0.100.202602081740/tools/bin/../lib/gcc/arm-none-eabi/14.3.1/../../../../arm-none-eabi/lib/thumb/v8-m.main+fp/hard\libc_nano.a(libc_a-puts.o)
                0x080076d4                _puts_r
 *fill*         0x0800777e        0x2 
 .text.puts     0x08007780       0x10 C:/ST/STM32CubeIDE_2.1.1/STM32CubeIDE/plugins/com.st.stm32cube.ide.mcu.externaltools.gnu-tools-for-stm32.14.3.rel1.win32_1.0.100.202602081740/tools/bin/../lib/gcc/arm-none-eabi/14.3.1/../../../../arm-none-eabi/lib/thumb/v8-m.main+fp/hard\libc_nano.a(libc_a-puts.o)
                0x08007780                puts
 .text.__errno  0x08007790        0xc C:/ST/STM32CubeIDE_2.1.1/STM32CubeIDE/plugins/com.st.stm32cube.ide.mcu.externaltools.gnu-tools-for-stm32.14.3.rel1.win32_1.0.100.202602081740/tools/bin/../lib/gcc/arm-none-eabi/14.3.1/../../../../arm-none-eabi/lib/thumb/v8-m.main+fp/hard\libc_nano.a(libc_a-errno.o)
                0x08007790                __errno
 *(.glue_7)
 .glue_7        0x0800779c        0x0 linker stubs
 *(.glue_7t)
 .glue_7t       0x0800779c        0x0 linker stubs
 *(.eh_frame)
 .eh_frame      0x0800779c        0x0 C:/ST/STM32CubeIDE_2.1.1/STM32CubeIDE/plugins/com.st.stm32cube.ide.mcu.externaltools.gnu-tools-for-stm32.14.3.rel1.win32_1.0.100.202602081740/tools/bin/../lib/gcc/arm-none-eabi/14.3.1/thumb/v8-m.main+fp/hard/crtbegin.o
 *(.init)
 .init          0x0800779c        0x4 C:/ST/STM32CubeIDE_2.1.1/STM32CubeIDE/plugins/com.st.stm32cube.ide.mcu.externaltools.gnu-tools-for-stm32.14.3.rel1.win32_1.0.100.202602081740/tools/bin/../lib/gcc/arm-none-eabi/14.3.1/thumb/v8-m.main+fp/hard/crti.o
                0x0800779c                _init
 .init          0x080077a0        0x8 C:/ST/STM32CubeIDE_2.1.1/STM32CubeIDE/plugins/com.st.stm32cube.ide.mcu.externaltools.gnu-tools-for-stm32.14.3.rel1.win32_1.0.100.202602081740/tools/bin/../lib/gcc/arm-none-eabi/14.3.1/thumb/v8-m.main+fp/hard/crtn.o
 *(.fini)
 .fini          0x080077a8        0x4 C:/ST/STM32CubeIDE_2.1.1/STM32CubeIDE/plugins/com.st.stm32cube.ide.mcu.externaltools.gnu-tools-for-stm32.14.3.rel1.win32_1.0.100.202602081740/tools/bin/../lib/gcc/arm-none-eabi/14.3.1/thumb/v8-m.main+fp/hard/crti.o
                0x080077a8                _fini
 .fini          0x080077ac        0x8 C:/ST/STM32CubeIDE_2.1.1/STM32CubeIDE/plugins/com.st.stm32cube.ide.mcu.externaltools.gnu-tools-for-stm32.14.3.rel1.win32_1.0.100.202602081740/tools/bin/../lib/gcc/arm-none-eabi/14.3.1/thumb/v8-m.main+fp/hard/crtn.o
                0x080077b8                        . = ALIGN (0x8)
 *fill*         0x080077b4        0x4 
                0x080077b8                        _etext = .

.vfp11_veneer   0x080077b8        0x0
 .vfp11_veneer  0x080077b8        0x0 linker stubs

.v4_bx          0x080077b8        0x0
 .v4_bx         0x080077b8        0x0 linker stubs

.iplt           0x080077b8        0x0
 .iplt          0x080077b8        0x0 C:/ST/STM32CubeIDE_2.1.1/STM32CubeIDE/plugins/com.st.stm32cube.ide.mcu.externaltools.gnu-tools-for-stm32.14.3.rel1.win32_1.0.100.202602081740/tools/bin/../lib/gcc/arm-none-eabi/14.3.1/thumb/v8-m.main+fp/hard/crtbegin.o

.rodata         0x080077b8      0x458
                0x080077b8                        . = ALIGN (0x8)
 *(.rodata)
 .rodata        0x080077b8       0x67 CMakeFiles/STM32C5_IIS3DWB_Project1.dir/main.c.obj
 *(.rodata*)
 .rodata._printf_float.str1.1
                0x0800781f      0x171 C:/ST/STM32CubeIDE_2.1.1/STM32CubeIDE/plugins/com.st.stm32cube.ide.mcu.externaltools.gnu-tools-for-stm32.14.3.rel1.win32_1.0.100.202602081740/tools/bin/../lib/gcc/arm-none-eabi/14.3.1/../../../../arm-none-eabi/lib/thumb/v8-m.main+fp/hard\libc_nano.a(libc_a-nano-vfprintf_float.o)
                                 0x12 (size before relaxing)
 .rodata._printf_i.str1.1
                0x08007990       0x22 C:/ST/STM32CubeIDE_2.1.1/STM32CubeIDE/plugins/com.st.stm32cube.ide.mcu.externaltools.gnu-tools-for-stm32.14.3.rel1.win32_1.0.100.202602081740/tools/bin/../lib/gcc/arm-none-eabi/14.3.1/../../../../arm-none-eabi/lib/thumb/v8-m.main+fp/hard\libc_nano.a(libc_a-nano-vfprintf_i.o)
 .rodata._dtoa_r.str1.1
                0x08007990       0x8f C:/ST/STM32CubeIDE_2.1.1/STM32CubeIDE/plugins/com.st.stm32cube.ide.mcu.externaltools.gnu-tools-for-stm32.14.3.rel1.win32_1.0.100.202602081740/tools/bin/../lib/gcc/arm-none-eabi/14.3.1/../../../../arm-none-eabi/lib/thumb/v8-m.main+fp/hard\libc_nano.a(libc_a-dtoa.o)
 .rodata._Balloc.str1.1
                0x08007990       0x70 C:/ST/STM32CubeIDE_2.1.1/STM32CubeIDE/plugins/com.st.stm32cube.ide.mcu.externaltools.gnu-tools-for-stm32.14.3.rel1.win32_1.0.100.202602081740/tools/bin/../lib/gcc/arm-none-eabi/14.3.1/../../../../arm-none-eabi/lib/thumb/v8-m.main+fp/hard\libc_nano.a(libc_a-mprec.o)
 .rodata.__multadd.str1.1
                0x08007990       0x11 C:/ST/STM32CubeIDE_2.1.1/STM32CubeIDE/plugins/com.st.stm32cube.ide.mcu.externaltools.gnu-tools-for-stm32.14.3.rel1.win32_1.0.100.202602081740/tools/bin/../lib/gcc/arm-none-eabi/14.3.1/../../../../arm-none-eabi/lib/thumb/v8-m.main+fp/hard\libc_nano.a(libc_a-mprec.o)
 .rodata.p05.0  0x08007990        0xc C:/ST/STM32CubeIDE_2.1.1/STM32CubeIDE/plugins/com.st.stm32cube.ide.mcu.externaltools.gnu-tools-for-stm32.14.3.rel1.win32_1.0.100.202602081740/tools/bin/../lib/gcc/arm-none-eabi/14.3.1/../../../../arm-none-eabi/lib/thumb/v8-m.main+fp/hard\libc_nano.a(libc_a-mprec.o)
 *fill*         0x0800799c        0x4 
 .rodata.__mprec_bigtens
                0x080079a0       0x28 C:/ST/STM32CubeIDE_2.1.1/STM32CubeIDE/plugins/com.st.stm32cube.ide.mcu.externaltools.gnu-tools-for-stm32.14.3.rel1.win32_1.0.100.202602081740/tools/bin/../lib/gcc/arm-none-eabi/14.3.1/../../../../arm-none-eabi/lib/thumb/v8-m.main+fp/hard\libc_nano.a(libc_a-mprec.o)
                0x080079a0                __mprec_bigtens
 .rodata.__mprec_tens
                0x080079c8       0xc8 C:/ST/STM32CubeIDE_2.1.1/STM32CubeIDE/plugins/com.st.stm32cube.ide.mcu.externaltools.gnu-tools-for-stm32.14.3.rel1.win32_1.0.100.202602081740/tools/bin/../lib/gcc/arm-none-eabi/14.3.1/../../../../arm-none-eabi/lib/thumb/v8-m.main+fp/hard\libc_nano.a(libc_a-mprec.o)
                0x080079c8                __mprec_tens
 .rodata._setlocale_r.str1.1
                0x08007a90        0x9 C:/ST/STM32CubeIDE_2.1.1/STM32CubeIDE/plugins/com.st.stm32cube.ide.mcu.externaltools.gnu-tools-for-stm32.14.3.rel1.win32_1.0.100.202602081740/tools/bin/../lib/gcc/arm-none-eabi/14.3.1/../../../../arm-none-eabi/lib/thumb/v8-m.main+fp/hard\libc_nano.a(libc_a-locale.o)
 .rodata.str1.1
                0x08007a90        0x2 C:/ST/STM32CubeIDE_2.1.1/STM32CubeIDE/plugins/com.st.stm32cube.ide.mcu.externaltools.gnu-tools-for-stm32.14.3.rel1.win32_1.0.100.202602081740/tools/bin/../lib/gcc/arm-none-eabi/14.3.1/../../../../arm-none-eabi/lib/thumb/v8-m.main+fp/hard\libc_nano.a(libc_a-locale.o)
 .rodata.__assert_func.str1.1
                0x08007a90       0x3d C:/ST/STM32CubeIDE_2.1.1/STM32CubeIDE/plugins/com.st.stm32cube.ide.mcu.externaltools.gnu-tools-for-stm32.14.3.rel1.win32_1.0.100.202602081740/tools/bin/../lib/gcc/arm-none-eabi/14.3.1/../../../../arm-none-eabi/lib/thumb/v8-m.main+fp/hard\libc_nano.a(libc_a-assert.o)
 .rodata._ctype_
                0x08007a90      0x101 C:/ST/STM32CubeIDE_2.1.1/STM32CubeIDE/plugins/com.st.stm32cube.ide.mcu.externaltools.gnu-tools-for-stm32.14.3.rel1.win32_1.0.100.202602081740/tools/bin/../lib/gcc/arm-none-eabi/14.3.1/../../../../arm-none-eabi/lib/thumb/v8-m.main+fp/hard\libc_nano.a(libc_a-ctype_.o)
                0x08007a90                _ctype_
 .rodata._vfprintf_r.str1.1
                0x08007b91       0x11 C:/ST/STM32CubeIDE_2.1.1/STM32CubeIDE/plugins/com.st.stm32cube.ide.mcu.externaltools.gnu-tools-for-stm32.14.3.rel1.win32_1.0.100.202602081740/tools/bin/../lib/gcc/arm-none-eabi/14.3.1/../../../../arm-none-eabi/lib/thumb/v8-m.main+fp/hard\libc_nano.a(libc_a-nano-vfprintf.o)
 *fill*         0x08007b91        0x3 
 .rodata.AHBPrescTable
                0x08007b94       0x10 CMakeFiles/STM32C5_IIS3DWB_Project1.dir/user_modifiable/Device/STM32C542CCT6/system_stm32c5xx.c.obj
                0x08007b94                AHBPrescTable
 .rodata.APBPrescTable
                0x08007ba4        0x8 CMakeFiles/STM32C5_IIS3DWB_Project1.dir/user_modifiable/Device/STM32C542CCT6/system_stm32c5xx.c.obj
                0x08007ba4                APBPrescTable
 .rodata.USART_PRESCALER_TAB
                0x08007bac       0x40 CMakeFiles/STM32C5_IIS3DWB_Project1.dir/stm32c5xx_drivers/hal/stm32c5xx_hal_uart.c.obj
 .rodata.LL_LPUART_PRESCALER_TAB
                0x08007bec       0x20 CMakeFiles/STM32C5_IIS3DWB_Project1.dir/stm32c5xx_drivers/hal/stm32c5xx_hal_uart.c.obj
                0x08007c10                        . = ALIGN (0x8)
 *fill*         0x08007c0c        0x4 

.ARM.extab      0x08007c10        0x0
                0x08007c10                        . = ALIGN (0x8)
 *(.ARM.extab* .gnu.linkonce.armextab.*)
                0x08007c10                        . = ALIGN (0x8)

.ARM            0x08007c10        0x8
                0x08007c10                        . = ALIGN (0x8)
                0x08007c10                        __exidx_start = .
 *(.ARM.exidx*)
 .ARM.exidx     0x08007c10        0x8 C:/ST/STM32CubeIDE_2.1.1/STM32CubeIDE/plugins/com.st.stm32cube.ide.mcu.externaltools.gnu-tools-for-stm32.14.3.rel1.win32_1.0.100.202602081740/tools/bin/../lib/gcc/arm-none-eabi/14.3.1/../../../../arm-none-eabi/lib/thumb/v8-m.main+fp/hard/crt0.o
                                 0x10 (size before relaxing)
 .ARM.exidx     0x08007c18        0x0 C:/ST/STM32CubeIDE_2.1.1/STM32CubeIDE/plugins/com.st.stm32cube.ide.mcu.externaltools.gnu-tools-for-stm32.14.3.rel1.win32_1.0.100.202602081740/tools/bin/../lib/gcc/arm-none-eabi/14.3.1/../../../../arm-none-eabi/lib/thumb/v8-m.main+fp/hard\libc_nano.a(libc_a-strlen.o)
                                  0x8 (size before relaxing)
 .ARM.exidx     0x08007c18        0x0 C:/ST/STM32CubeIDE_2.1.1/STM32CubeIDE/plugins/com.st.stm32cube.ide.mcu.externaltools.gnu-tools-for-stm32.14.3.rel1.win32_1.0.100.202602081740/tools/bin/../lib/gcc/arm-none-eabi/14.3.1/thumb/v8-m.main+fp/hard\libgcc.a(_udivmoddi4.o)