Archive member included to satisfy reference by file (symbol)

C:/ST/STM32CubeIDE_2.1.1/STM32CubeIDE/plugins/com.st.stm32cube.ide.mcu.externaltools.gnu-tools-for-stm32.14.3.rel1.win32_1.0.100.202602081740/tools/bin/../lib/gcc/arm-none-eabi/14.3.1/../../../../arm-none-eabi/lib/thumb/v8-m.main+fp/hard\libc_nano.a(libc_a-exit.o)
                              C:/ST/STM32CubeIDE_2.1.1/STM32CubeIDE/plugins/com.st.stm32cube.ide.mcu.externaltools.gnu-tools-for-stm32.14.3.rel1.win32_1.0.100.202602081740/tools/bin/../lib/gcc/arm-none-eabi/14.3.1/../../../../arm-none-eabi/lib/thumb/v8-m.main+fp/hard/crt0.o (exit)
C:/ST/STM32CubeIDE_2.1.1/STM32CubeIDE/plugins/com.st.stm32cube.ide.mcu.externaltools.gnu-tools-for-stm32.14.3.rel1.win32_1.0.100.202602081740/tools/bin/../lib/gcc/arm-none-eabi/14.3.1/../../../../arm-none-eabi/lib/thumb/v8-m.main+fp/hard\libc_nano.a(libc_a-nano-vfprintf_float.o)
                              (_printf_float)
C:/ST/STM32CubeIDE_2.1.1/STM32CubeIDE/plugins/com.st.stm32cube.ide.mcu.externaltools.gnu-tools-for-stm32.14.3.rel1.win32_1.0.100.202602081740/tools/bin/../lib/gcc/arm-none-eabi/14.3.1/../../../../arm-none-eabi/lib/thumb/v8-m.main+fp/hard\libc_nano.a(libc_a-nano-vfprintf_i.o)
                              C:/ST/STM32CubeIDE_2.1.1/STM32CubeIDE/plugins/com.st.stm32cube.ide.mcu.externaltools.gnu-tools-for-stm32.14.3.rel1.win32_1.0.100.202602081740/tools/bin/../lib/gcc/arm-none-eabi/14.3.1/../../../../arm-none-eabi/lib/thumb/v8-m.main+fp/hard\libc_nano.a(libc_a-nano-vfprintf_float.o) (_printf_common)
C:/ST/STM32CubeIDE_2.1.1/STM32CubeIDE/plugins/com.st.stm32cube.ide.mcu.externaltools.gnu-tools-for-stm32.14.3.rel1.win32_1.0.100.202602081740/tools/bin/../lib/gcc/arm-none-eabi/14.3.1/../../../../arm-none-eabi/lib/thumb/v8-m.main+fp/hard\libc_nano.a(libc_a-findfp.o)
                              C:/ST/STM32CubeIDE_2.1.1/STM32CubeIDE/plugins/com.st.stm32cube.ide.mcu.externaltools.gnu-tools-for-stm32.14.3.rel1.win32_1.0.100.202602081740/tools/bin/../lib/gcc/arm-none-eabi/14.3.1/../../../../arm-none-eabi/lib/thumb/v8-m.main+fp/hard\libc_nano.a(libc_a-exit.o) (__stdio_exit_handler)
C:/ST/STM32CubeIDE_2.1.1/STM32CubeIDE/plugins/com.st.stm32cube.ide.mcu.externaltools.gnu-tools-for-stm32.14.3.rel1.win32_1.0.100.202602081740/tools/bin/../lib/gcc/arm-none-eabi/14.3.1/../../../../arm-none-eabi/lib/thumb/v8-m.main+fp/hard\libc_nano.a(libc_a-fwalk.o)
                              C:/ST/STM32CubeIDE_2.1.1/STM32CubeIDE/plugins/com.st.stm32cube.ide.mcu.externaltools.gnu-tools-for-stm32.14.3.rel1.win32_1.0.100.202602081740/tools/bin/../lib/gcc/arm-none-eabi/14.3.1/../../../../arm-none-eabi/lib/thumb/v8-m.main+fp/hard\libc_nano.a(libc_a-findfp.o) (_fwalk_sglue)
C:/ST/STM32CubeIDE_2.1.1/STM32CubeIDE/plugins/com.st.stm32cube.ide.mcu.externaltools.gnu-tools-for-stm32.14.3.rel1.win32_1.0.100.202602081740/tools/bin/../lib/gcc/arm-none-eabi/14.3.1/../../../../arm-none-eabi/lib/thumb/v8-m.main+fp/hard\libc_nano.a(libc_a-stdio.o)
                              C:/ST/STM32CubeIDE_2.1.1/STM32CubeIDE/plugins/com.st.stm32cube.ide.mcu.externaltools.gnu-tools-for-stm32.14.3.rel1.win32_1.0.100.202602081740/tools/bin/../lib/gcc/arm-none-eabi/14.3.1/../../../../arm-none-eabi/lib/thumb/v8-m.main+fp/hard\libc_nano.a(libc_a-findfp.o) (__sread)
C:/ST/STM32CubeIDE_2.1.1/STM32CubeIDE/plugins/com.st.stm32cube.ide.mcu.externaltools.gnu-tools-for-stm32.14.3.rel1.win32_1.0.100.202602081740/tools/bin/../lib/gcc/arm-none-eabi/14.3.1/../../../../arm-none-eabi/lib/thumb/v8-m.main+fp/hard\libc_nano.a(libc_a-memset.o)
                              C:/ST/STM32CubeIDE_2.1.1/STM32CubeIDE/plugins/com.st.stm32cube.ide.mcu.externaltools.gnu-tools-for-stm32.14.3.rel1.win32_1.0.100.202602081740/tools/bin/../lib/gcc/arm-none-eabi/14.3.1/../../../../arm-none-eabi/lib/thumb/v8-m.main+fp/hard/crt0.o (memset)
C:/ST/STM32CubeIDE_2.1.1/STM32CubeIDE/plugins/com.st.stm32cube.ide.mcu.externaltools.gnu-tools-for-stm32.14.3.rel1.win32_1.0.100.202602081740/tools/bin/../lib/gcc/arm-none-eabi/14.3.1/../../../../arm-none-eabi/lib/thumb/v8-m.main+fp/hard\libc_nano.a(libc_a-localeconv.o)
                              C:/ST/STM32CubeIDE_2.1.1/STM32CubeIDE/plugins/com.st.stm32cube.ide.mcu.externaltools.gnu-tools-for-stm32.14.3.rel1.win32_1.0.100.202602081740/tools/bin/../lib/gcc/arm-none-eabi/14.3.1/../../../../arm-none-eabi/lib/thumb/v8-m.main+fp/hard\libc_nano.a(libc_a-nano-vfprintf_float.o) (_localeconv_r)
C:/ST/STM32CubeIDE_2.1.1/STM32CubeIDE/plugins/com.st.stm32cube.ide.mcu.externaltools.gnu-tools-for-stm32.14.3.rel1.win32_1.0.100.202602081740/tools/bin/../lib/gcc/arm-none-eabi/14.3.1/../../../../arm-none-eabi/lib/thumb/v8-m.main+fp/hard\libc_nano.a(libc_a-closer.o)
                              C:/ST/STM32CubeIDE_2.1.1/STM32CubeIDE/plugins/com.st.stm32cube.ide.mcu.externaltools.gnu-tools-for-stm32.14.3.rel1.win32_1.0.100.202602081740/tools/bin/../lib/gcc/arm-none-eabi/14.3.1/../../../../arm-none-eabi/lib/thumb/v8-m.main+fp/hard\libc_nano.a(libc_a-stdio.o) (_close_r)
[...]
Memory Configuration

Name             Origin             Length             Attributes
ROM              0x08000000         0x00040000         xr
RAM              0x20000000         0x00010000         xrw
*default*        0x00000000         0xffffffff

Linker script and memory map

LOAD C:/ST/STM32CubeIDE_2.1.1/STM32CubeIDE/plugins/com.st.stm32cube.ide.mcu.externaltools.gnu-tools-for-stm32.14.3.rel1.win32_1.0.100.202602081740/tools/bin/../lib/gcc/arm-none-eabi/14.3.1/thumb/v8-m.main+fp/hard/crti.o
LOAD C:/ST/STM32CubeIDE_2.1.1/STM32CubeIDE/plugins/com.st.stm32cube.ide.mcu.externaltools.gnu-tools-for-stm32.14.3.rel1.win32_1.0.100.202602081740/tools/bin/../lib/gcc/arm-none-eabi/14.3.1/thumb/v8-m.main+fp/hard/crtbegin.o
LOAD C:/ST/STM32CubeIDE_2.1.1/STM32CubeIDE/plugins/com.st.stm32cube.ide.mcu.externaltools.gnu-tools-for-stm32.14.3.rel1.win32_1.0.100.202602081740/tools/bin/../lib/gcc/arm-none-eabi/14.3.1/../../../../arm-none-eabi/lib/thumb/v8-m.main+fp/hard/crt0.o
START GROUP
LOAD C:/ST/STM32CubeIDE_2.1.1/STM32CubeIDE/plugins/com.st.stm32cube.ide.mcu.externaltools.gnu-tools-for-stm32.14.3.rel1.win32_1.0.100.202602081740/tools/bin/../lib/gcc/arm-none-eabi/14.3.1/../../../../arm-none-eabi/lib/thumb/v8-m.main+fp/hard\libc_nano.a
LOAD C:/ST/STM32CubeIDE_2.1.1/STM32CubeIDE/plugins/com.st.stm32cube.ide.mcu.externaltools.gnu-tools-for-stm32.14.3.rel1.win32_1.0.100.202602081740/tools/bin/../lib/gcc/arm-none-eabi/14.3.1/../../../../arm-none-eabi/lib/thumb/v8-m.main+fp/hard\libm.a
END GROUP
LOAD CMakeFiles/STM32C5_IIS3DWB_Project2.dir/main.c.obj
LOAD CMakeFiles/STM32C5_IIS3DWB_Project2.dir/iis3dwb_reg.c.obj
LOAD CMakeFiles/STM32C5_IIS3DWB_Project2.dir/generated/hal/mx_cortex_mpu.c.obj
LOAD CMakeFiles/STM32C5_IIS3DWB_Project2.dir/generated/hal/mx_cortex_nvic.c.obj
LOAD CMakeFiles/STM32C5_IIS3DWB_Project2.dir/generated/hal/mx_gpio_default.c.obj
LOAD CMakeFiles/STM32C5_IIS3DWB_Project2.dir/generated/hal/mx_i2c1.c.obj
LOAD CMakeFiles/STM32C5_IIS3DWB_Project2.dir/generated/hal/mx_icache.c.obj
LOAD CMakeFiles/STM32C5_IIS3DWB_Project2.dir/generated/hal/mx_rcc.c.obj
LOAD CMakeFiles/STM32C5_IIS3DWB_Project2.dir/generated/hal/mx_system.c.obj
LOAD CMakeFiles/STM32C5_IIS3DWB_Project2.dir/generated/hal/mx_usart1.c.obj
LOAD CMakeFiles/STM32C5_IIS3DWB_Project2.dir/user_modifiable/Device/STM32C542CCT6/system_stm32c5xx.c.obj
LOAD CMakeFiles/STM32C5_IIS3DWB_Project2.dir/user_modifiable/Device/STM32C542CCT6/startup_stm32c542xx.c.obj
LOAD CMakeFiles/STM32C5_IIS3DWB_Project2.dir/stm32c5xx_drivers/hal/stm32c5xx_hal.c.obj
LOAD CMakeFiles/STM32C5_IIS3DWB_Project2.dir/stm32c5xx_drivers/hal/stm32c5xx_hal_cortex.c.obj
LOAD CMakeFiles/STM32C5_IIS3DWB_Project2.dir/stm32c5xx_drivers/hal/stm32c5xx_hal_dma.c.obj
LOAD CMakeFiles/STM32C5_IIS3DWB_Project2.dir/stm32c5xx_drivers/hal/stm32c5xx_hal_flash_itf.c.obj
LOAD CMakeFiles/STM32C5_IIS3DWB_Project2.dir/stm32c5xx_drivers/hal/stm32c5xx_hal_gpio.c.obj
LOAD CMakeFiles/STM32C5_IIS3DWB_Project2.dir/stm32c5xx_drivers/hal/stm32c5xx_hal_i2c.c.obj
LOAD CMakeFiles/STM32C5_IIS3DWB_Project2.dir/stm32c5xx_drivers/hal/stm32c5xx_hal_icache.c.obj
LOAD CMakeFiles/STM32C5_IIS3DWB_Project2.dir/stm32c5xx_drivers/hal/stm32c5xx_hal_pwr.c.obj
LOAD CMakeFiles/STM32C5_IIS3DWB_Project2.dir/stm32c5xx_drivers/hal/stm32c5xx_hal_q.c.obj
LOAD CMakeFiles/STM32C5_IIS3DWB_Project2.dir/stm32c5xx_drivers/hal/stm32c5xx_hal_rcc.c.obj
LOAD CMakeFiles/STM32C5_IIS3DWB_Project2.dir/stm32c5xx_drivers/hal/stm32c5xx_hal_uart.c.obj
LOAD CMakeFiles/STM32C5_IIS3DWB_Project2.dir/utilities/syscalls/syscalls.c.obj
LOAD CMakeFiles/STM32C5_IIS3DWB_Project2.dir/utilities/syscalls/sysmem.c.obj
START GROUP
LOAD C:/ST/STM32CubeIDE_2.1.1/STM32CubeIDE/plugins/com.st.stm32cube.ide.mcu.externaltools.gnu-tools-for-stm32.14.3.rel1.win32_1.0.100.202602081740/tools/bin/../lib/gcc/arm-none-eabi/14.3.1/thumb/v8-m.main+fp/hard\libgcc.a
LOAD C:/ST/STM32CubeIDE_2.1.1/STM32CubeIDE/plugins/com.st.stm32cube.ide.mcu.externaltools.gnu-tools-for-stm32.14.3.rel1.win32_1.0.100.202602081740/tools/bin/../lib/gcc/arm-none-eabi/14.3.1/../../../../arm-none-eabi/lib/thumb/v8-m.main+fp/hard\libc_nano.a
END GROUP
START GROUP
LOAD C:/ST/STM32CubeIDE_2.1.1/STM32CubeIDE/plugins/com.st.stm32cube.ide.mcu.externaltools.gnu-tools-for-stm32.14.3.rel1.win32_1.0.100.202602081740/tools/bin/../lib/gcc/arm-none-eabi/14.3.1/thumb/v8-m.main+fp/hard\libgcc.a
LOAD C:/ST/STM32CubeIDE_2.1.1/STM32CubeIDE/plugins/com.st.stm32cube.ide.mcu.externaltools.gnu-tools-for-stm32.14.3.rel1.win32_1.0.100.202602081740/tools/bin/../lib/gcc/arm-none-eabi/14.3.1/../../../../arm-none-eabi/lib/thumb/v8-m.main+fp/hard\libc_nano.a
LOAD C:/ST/STM32CubeIDE_2.1.1/STM32CubeIDE/plugins/com.st.stm32cube.ide.mcu.externaltools.gnu-tools-for-stm32.14.3.rel1.win32_1.0.100.202602081740/tools/bin/../lib/gcc/arm-none-eabi/14.3.1/../../../../arm-none-eabi/lib/thumb/v8-m.main+fp/hard\libnosys.a
END GROUP
START GROUP
LOAD C:/ST/STM32CubeIDE_2.1.1/STM32CubeIDE/plugins/com.st.stm32cube.ide.mcu.externaltools.gnu-tools-for-stm32.14.3.rel1.win32_1.0.100.202602081740/tools/bin/../lib/gcc/arm-none-eabi/14.3.1/thumb/v8-m.main+fp/hard\libgcc.a
LOAD C:/ST/STM32CubeIDE_2.1.1/STM32CubeIDE/plugins/com.st.stm32cube.ide.mcu.externaltools.gnu-tools-for-stm32.14.3.rel1.win32_1.0.100.202602081740/tools/bin/../lib/gcc/arm-none-eabi/14.3.1/../../../../arm-none-eabi/lib/thumb/v8-m.main+fp/hard\libc_nano.a
LOAD C:/ST/STM32CubeIDE_2.1.1/STM32CubeIDE/plugins/com.st.stm32cube.ide.mcu.externaltools.gnu-tools-for-stm32.14.3.rel1.win32_1.0.100.202602081740/tools/bin/../lib/gcc/arm-none-eabi/14.3.1/../../../../arm-none-eabi/lib/thumb/v8-m.main+fp/hard\libnosys.a
END GROUP
LOAD C:/ST/STM32CubeIDE_2.1.1/STM32CubeIDE/plugins/com.st.stm32cube.ide.mcu.externaltools.gnu-tools-for-stm32.14.3.rel1.win32_1.0.100.202602081740/tools/bin/../lib/gcc/arm-none-eabi/14.3.1/thumb/v8-m.main+fp/hard/crtend.o
LOAD C:/ST/STM32CubeIDE_2.1.1/STM32CubeIDE/plugins/com.st.stm32cube.ide.mcu.externaltools.gnu-tools-for-stm32.14.3.rel1.win32_1.0.100.202602081740/tools/bin/../lib/gcc/arm-none-eabi/14.3.1/thumb/v8-m.main+fp/hard/crtn.o
                0x00000200                        HEAP_SIZE = 0x200
                0x00000400                        STACK_SIZE = 0x400

.vectors        0x08000000      0x1a8
                0x08000000                        . = ALIGN (0x8)
 *(.vectors)
 .vectors       0x08000000      0x1a4 CMakeFiles/STM32C5_IIS3DWB_Project2.dir/user_modifiable/Device/STM32C542CCT6/startup_stm32c542xx.c.obj
                0x08000000                __Vectors
                0x080001a8                        . = ALIGN (0x8)
 *fill*         0x080001a4        0x4 

.text           0x080001a8     0x7ca0
                0x080001a8                        . = ALIGN (0x8)
 *(.text)
 .text          0x080001a8       0x40 C:/ST/STM32CubeIDE_2.1.1/STM32CubeIDE/plugins/com.st.stm32cube.ide.mcu.externaltools.gnu-tools-for-stm32.14.3.rel1.win32_1.0.100.202602081740/tools/bin/../lib/gcc/arm-none-eabi/14.3.1/thumb/v8-m.main+fp/hard/crtbegin.o
 .text          0x080001e8       0x7c C:/ST/STM32CubeIDE_2.1.1/STM32CubeIDE/plugins/com.st.stm32cube.ide.mcu.externaltools.gnu-tools-for-stm32.14.3.rel1.win32_1.0.100.202602081740/tools/bin/../lib/gcc/arm-none-eabi/14.3.1/../../../../arm-none-eabi/lib/thumb/v8-m.main+fp/hard/crt0.o
                0x080001e8                _stack_init
                0x080001f0                _start
                0x080001f0                _mainCRTStartup
 .text          0x08000264       0x10 C:/ST/STM32CubeIDE_2.1.1/STM32CubeIDE/plugins/com.st.stm32cube.ide.mcu.externaltools.gnu-tools-for-stm32.14.3.rel1.win32_1.0.100.202602081740/tools/bin/../lib/gcc/arm-none-eabi/14.3.1/../../../../arm-none-eabi/lib/thumb/v8-m.main+fp/hard\libc_nano.a(libc_a-strlen.o)
                0x08000264                strlen
 .text          0x08000274      0x378 C:/ST/STM32CubeIDE_2.1.1/STM32CubeIDE/plugins/com.st.stm32cube.ide.mcu.externaltools.gnu-tools-for-stm32.14.3.rel1.win32_1.0.100.202602081740/tools/bin/../lib/gcc/arm-none-eabi/14.3.1/thumb/v8-m.main+fp/hard\libgcc.a(_arm_addsubdf3.o)
                0x08000274                __aeabi_drsub
                0x0800027c                __aeabi_dsub
                0x0800027c                __subdf3
                0x08000280                __aeabi_dadd
                0x08000280                __adddf3
                0x080004f8                __floatunsidf
                0x080004f8                __aeabi_ui2d
                0x08000518                __floatsidf
                0x08000518                __aeabi_i2d
                0x0800053c                __aeabi_f2d
                0x0800053c                __extendsfdf2
                0x08000580                __floatundidf
                0x08000580                __aeabi_ul2d
                0x08000590                __floatdidf
                0x08000590                __aeabi_l2d
 .text          0x080005ec      0x424 C:/ST/STM32CubeIDE_2.1.1/STM32CubeIDE/plugins/com.st.stm32cube.ide.mcu.externaltools.gnu-tools-for-stm32.14.3.rel1.win32_1.0.100.202602081740/tools/bin/../lib/gcc/arm-none-eabi/14.3.1/thumb/v8-m.main+fp/hard\libgcc.a(_arm_muldivdf3.o)
                0x080005ec                __aeabi_dmul
                0x080005ec                __muldf3
                0x08000840                __divdf3
                0x08000840                __aeabi_ddiv
 .text          0x08000a10      0x110 C:/ST/STM32CubeIDE_2.1.1/STM32CubeIDE/plugins/com.st.stm32cube.ide.mcu.externaltools.gnu-tools-for-stm32.14.3.rel1.win32_1.0.100.202602081740/tools/bin/../lib/gcc/arm-none-eabi/14.3.1/thumb/v8-m.main+fp/hard\libgcc.a(_arm_cmpdf2.o)
                0x08000a10                __gtdf2
                0x08000a10                __gedf2
                0x08000a18                __ltdf2
                0x08000a18                __ledf2
                0x08000a20                __nedf2
                0x08000a20                __eqdf2
                0x08000a20                __cmpdf2
                0x08000a9c                __aeabi_cdrcmple
                0x08000aac                __aeabi_cdcmpeq
                0x08000aac                __aeabi_cdcmple
                0x08000abc                __aeabi_dcmpeq
                0x08000ad0                __aeabi_dcmplt
                0x08000ae4                __aeabi_dcmple
                0x08000af8                __aeabi_dcmpge
                0x08000b0c                __aeabi_dcmpgt
 .text          0x08000b20       0x2c C:/ST/STM32CubeIDE_2.1.1/STM32CubeIDE/plugins/com.st.stm32cube.ide.mcu.externaltools.gnu-tools-for-stm32.14.3.rel1.win32_1.0.100.202602081740/tools/bin/../lib/gcc/arm-none-eabi/14.3.1/thumb/v8-m.main+fp/hard\libgcc.a(_arm_unorddf2.o)
                0x08000b20                __unorddf2
                0x08000b20                __aeabi_dcmpun
 .text          0x08000b4c       0x50 C:/ST/STM32CubeIDE_2.1.1/STM32CubeIDE/plugins/com.st.stm32cube.ide.mcu.externaltools.gnu-tools-for-stm32.14.3.rel1.win32_1.0.100.202602081740/tools/bin/../lib/gcc/arm-none-eabi/14.3.1/thumb/v8-m.main+fp/hard\libgcc.a(_arm_fixdfsi.o)
                0x08000b4c                __aeabi_d2iz
                0x08000b4c                __fixdfsi
 .text          0x08000b9c       0x30 C:/ST/STM32CubeIDE_2.1.1/STM32CubeIDE/plugins/com.st.stm32cube.ide.mcu.externaltools.gnu-tools-for-stm32.14.3.rel1.win32_1.0.100.202602081740/tools/bin/../lib/gcc/arm-none-eabi/14.3.1/thumb/v8-m.main+fp/hard\libgcc.a(_aeabi_uldivmod.o)
                0x08000b9c                __aeabi_uldivmod
 .text          0x08000bcc      0x34c C:/ST/STM32CubeIDE_2.1.1/STM32CubeIDE/plugins/com.st.stm32cube.ide.mcu.externaltools.gnu-tools-for-stm32.14.3.rel1.win32_1.0.100.202602081740/tools/bin/../lib/gcc/arm-none-eabi/14.3.1/thumb/v8-m.main+fp/hard\libgcc.a(_udivmoddi4.o)
                0x08000bcc                __udivmoddi4
 .text          0x08000f18        0x4 C:/ST/STM32CubeIDE_2.1.1/STM32CubeIDE/plugins/com.st.stm32cube.ide.mcu.externaltools.gnu-tools-for-stm32.14.3.rel1.win32_1.0.100.202602081740/tools/bin/../lib/gcc/arm-none-eabi/14.3.1/thumb/v8-m.main+fp/hard\libgcc.a(_dvmd_tls.o)
                0x08000f18                __aeabi_idiv0
                0x08000f18                __aeabi_ldiv0
 *(.text*)
 .text.exit     0x08000f1c       0x24 C:/ST/STM32CubeIDE_2.1.1/STM32CubeIDE/plugins/com.st.stm32cube.ide.mcu.externaltools.gnu-tools-for-stm32.14.3.rel1.win32_1.0.100.202602081740/tools/bin/../lib/gcc/arm-none-eabi/14.3.1/../../../../arm-none-eabi/lib/thumb/v8-m.main+fp/hard\libc_nano.a(libc_a-exit.o)
                0x08000f1c                exit
 .text.__cvt    0x08000f40       0xca C:/ST/STM32CubeIDE_2.1.1/STM32CubeIDE/plugins/com.st.stm32cube.ide.mcu.externaltools.gnu-tools-for-stm32.14.3.rel1.win32_1.0.100.202602081740/tools/bin/../lib/gcc/arm-none-eabi/14.3.1/../../../../arm-none-eabi/lib/thumb/v8-m.main+fp/hard\libc_nano.a(libc_a-nano-vfprintf_float.o)
                0x08000f40                __cvt
 .text.__exponent
                0x0800100a       0x72 C:/ST/STM32CubeIDE_2.1.1/STM32CubeIDE/plugins/com.st.stm32cube.ide.mcu.externaltools.gnu-tools-for-stm32.14.3.rel1.win32_1.0.100.202602081740/tools/bin/../lib/gcc/arm-none-eabi/14.3.1/../../../../arm-none-eabi/lib/thumb/v8-m.main+fp/hard\libc_nano.a(libc_a-nano-vfprintf_float.o)
                0x0800100a                __exponent
 .text._printf_float
                0x0800107c      0x450 C:/ST/STM32CubeIDE_2.1.1/STM32CubeIDE/plugins/com.st.stm32cube.ide.mcu.externaltools.gnu-tools-for-stm32.14.3.rel1.win32_1.0.100.202602081740/tools/bin/../lib/gcc/arm-none-eabi/14.3.1/../../../../arm-none-eabi/lib/thumb/v8-m.main+fp/hard\libc_nano.a(libc_a-nano-vfprintf_float.o)
                0x0800107c                _printf_float
 .text._printf_common
                0x080014cc       0xe4 C:/ST/STM32CubeIDE_2.1.1/STM32CubeIDE/plugins/com.st.stm32cube.ide.mcu.externaltools.gnu-tools-for-stm32.14.3.rel1.win32_1.0.100.202602081740/tools/bin/../lib/gcc/arm-none-eabi/14.3.1/../../../../arm-none-eabi/lib/thumb/v8-m.main+fp/hard\libc_nano.a(libc_a-nano-vfprintf_i.o)
                0x080014cc                _printf_common
 .text._printf_i
                0x080015b0      0x24c C:/ST/STM32CubeIDE_2.1.1/STM32CubeIDE/plugins/com.st.stm32cube.ide.mcu.externaltools.gnu-tools-for-stm32.14.3.rel1.win32_1.0.100.202602081740/tools/bin/../lib/gcc/arm-none-eabi/14.3.1/../../../../arm-none-eabi/lib/thumb/v8-m.main+fp/hard\libc_nano.a(libc_a-nano-vfprintf_i.o)
                0x080015b0                _printf_i
 .text.std      0x080017fc       0x6c C:/ST/STM32CubeIDE_2.1.1/STM32CubeIDE/plugins/com.st.stm32cube.ide.mcu.externaltools.gnu-tools-for-stm32.14.3.rel1.win32_1.0.100.202602081740/tools/bin/../lib/gcc/arm-none-eabi/14.3.1/../../../../arm-none-eabi/lib/thumb/v8-m.main+fp/hard\libc_nano.a(libc_a-findfp.o)
 .text.stdio_exit_handler
                0x08001868       0x18 C:/ST/STM32CubeIDE_2.1.1/STM32CubeIDE/plugins/com.st.stm32cube.ide.mcu.externaltools.gnu-tools-for-stm32.14.3.rel1.win32_1.0.100.202602081740/tools/bin/../lib/gcc/arm-none-eabi/14.3.1/../../../../arm-none-eabi/lib/thumb/v8-m.main+fp/hard\libc_nano.a(libc_a-findfp.o)
 .text.cleanup_stdio
                0x08001880       0x40 C:/ST/STM32CubeIDE_2.1.1/STM32CubeIDE/plugins/com.st.stm32cube.ide.mcu.externaltools.gnu-tools-for-stm32.14.3.rel1.win32_1.0.100.202602081740/tools/bin/../lib/gcc/arm-none-eabi/14.3.1/../../../../arm-none-eabi/lib/thumb/v8-m.main+fp/hard\libc_nano.a(libc_a-findfp.o)
 .text.global_stdio_init.part.0
                0x080018c0       0x40 C:/ST/STM32CubeIDE_2.1.1/STM32CubeIDE/plugins/com.st.stm32cube.ide.mcu.externaltools.gnu-tools-for-stm32.14.3.rel1.win32_1.0.100.202602081740/tools/bin/../lib/gcc/arm-none-eabi/14.3.1/../../../../arm-none-eabi/lib/thumb/v8-m.main+fp/hard\libc_nano.a(libc_a-findfp.o)
 .text.__sfp_lock_acquire
                0x08001900        0xc C:/ST/STM32CubeIDE_2.1.1/STM32CubeIDE/plugins/com.st.stm32cube.ide.mcu.externaltools.gnu-tools-for-stm32.14.3.rel1.win32_1.0.100.202602081740/tools/bin/../lib/gcc/arm-none-eabi/14.3.1/../../../../arm-none-eabi/lib/thumb/v8-m.main+fp/hard\libc_nano.a(libc_a-findfp.o)
                0x08001900                __sfp_lock_acquire
 .text.__sfp_lock_release
                0x0800190c        0xc C:/ST/STM32CubeIDE_2.1.1/STM32CubeIDE/plugins/com.st.stm32cube.ide.mcu.externaltools.gnu-tools-for-stm32.14.3.rel1.win32_1.0.100.202602081740/tools/bin/../lib/gcc/arm-none-eabi/14.3.1/../../../../arm-none-eabi/lib/thumb/v8-m.main+fp/hard\libc_nano.a(libc_a-findfp.o)
                0x0800190c                __sfp_lock_release
 .text.__sinit  0x08001918       0x30 C:/ST/STM32CubeIDE_2.1.1/STM32CubeIDE/plugins/com.st.stm32cube.ide.mcu.externaltools.gnu-tools-for-stm32.14.3.rel1.win32_1.0.100.202602081740/tools/bin/../lib/gcc/arm-none-eabi/14.3.1/../../../../arm-none-eabi/lib/thumb/v8-m.main+fp/hard\libc_nano.a(libc_a-findfp.o)
                0x08001918                __sinit
 .text._fwalk_sglue
                0x08001948       0x3c C:/ST/STM32CubeIDE_2.1.1/STM32CubeIDE/plugins/com.st.stm32cube.ide.mcu.externaltools.gnu-tools-for-stm32.14.3.rel1.win32_1.0.100.202602081740/tools/bin/../lib/gcc/arm-none-eabi/14.3.1/../../../../arm-none-eabi/lib/thumb/v8-m.main+fp/hard\libc_nano.a(libc_a-fwalk.o)
                0x08001948                _fwalk_sglue
 .text.__sread  0x08001984       0x22 C:/ST/STM32CubeIDE_2.1.1/STM32CubeIDE/plugins/com.st.stm32cube.ide.mcu.externaltools.gnu-tools-for-stm32.14.3.rel1.win32_1.0.100.202602081740/tools/bin/../lib/gcc/arm-none-eabi/14.3.1/../../../../arm-none-eabi/lib/thumb/v8-m.main+fp/hard\libc_nano.a(libc_a-stdio.o)
                0x08001984                __sread
 .text.__swrite
                0x080019a6       0x38 C:/ST/STM32CubeIDE_2.1.1/STM32CubeIDE/plugins/com.st.stm32cube.ide.mcu.externaltools.gnu-tools-for-stm32.14.3.rel1.win32_1.0.100.202602081740/tools/bin/../lib/gcc/arm-none-eabi/14.3.1/../../../../arm-none-eabi/lib/thumb/v8-m.main+fp/hard\libc_nano.a(libc_a-stdio.o)
                0x080019a6                __swrite
 .text.__sseek  0x080019de       0x26 C:/ST/STM32CubeIDE_2.1.1/STM32CubeIDE/plugins/com.st.stm32cube.ide.mcu.externaltools.gnu-tools-for-stm32.14.3.rel1.win32_1.0.100.202602081740/tools/bin/../lib/gcc/arm-none-eabi/14.3.1/../../../../arm-none-eabi/lib/thumb/v8-m.main+fp/hard\libc_nano.a(libc_a-stdio.o)
                0x080019de                __sseek
 .text.__sclose
                0x08001a04        0x8 C:/ST/STM32CubeIDE_2.1.1/STM32CubeIDE/plugins/com.st.stm32cube.ide.mcu.externaltools.gnu-tools-for-stm32.14.3.rel1.win32_1.0.100.202602081740/tools/bin/../lib/gcc/arm-none-eabi/14.3.1/../../../../arm-none-eabi/lib/thumb/v8-m.main+fp/hard\libc_nano.a(libc_a-stdio.o)
                0x08001a04                __sclose
 .text.memset   0x08001a0c       0x10 C:/ST/STM32CubeIDE_2.1.1/STM32CubeIDE/plugins/com.st.stm32cube.ide.mcu.externaltools.gnu-tools-for-stm32.14.3.rel1.win32_1.0.100.202602081740/tools/bin/../lib/gcc/arm-none-eabi/14.3.1/../../../../arm-none-eabi/lib/thumb/v8-m.main+fp/hard\libc_nano.a(libc_a-memset.o)
                0x08001a0c                memset
 .text._localeconv_r
                0x08001a1c        0x8 C:/ST/STM32CubeIDE_2.1.1/STM32CubeIDE/plugins/com.st.stm32cube.ide.mcu.externaltools.gnu-tools-for-stm32.14.3.rel1.win32_1.0.100.202602081740/tools/bin/../lib/gcc/arm-none-eabi/14.3.1/../../../../arm-none-eabi/lib/thumb/v8-m.main+fp/hard\libc_nano.a(libc_a-localeconv.o)
                0x08001a1c                _localeconv_r
 .text._close_r
                0x08001a24       0x20 C:/ST/STM32CubeIDE_2.1.1/STM32CubeIDE/plugins/com.st.stm32cube.ide.mcu.externaltools.gnu-tools-for-stm32.14.3.rel1.win32_1.0.100.202602081740/tools/bin/../lib/gcc/arm-none-eabi/14.3.1/../../../../arm-none-eabi/lib/thumb/v8-m.main+fp/hard\libc_nano.a(libc_a-closer.o)
                0x08001a24                _close_r
 .text._lseek_r
                0x08001a44       0x24 C:/ST/STM32CubeIDE_2.1.1/STM32CubeIDE/plugins/com.st.stm32cube.ide.mcu.externaltools.gnu-tools-for-stm32.14.3.rel1.win32_1.0.100.202602081740/tools/bin/../lib/gcc/arm-none-eabi/14.3.1/../../../../arm-none-eabi/lib/thumb/v8-m.main+fp/hard\libc_nano.a(libc_a-lseekr.o)
                0x08001a44                _lseek_r
 .text._read_r  0x08001a68       0x24 C:/ST/STM32CubeIDE_2.1.1/STM32CubeIDE/plugins/com.st.stm32cube.ide.mcu.externaltools.gnu-tools-for-stm32.14.3.rel1.win32_1.0.100.202602081740/tools/bin/../lib/gcc/arm-none-eabi/14.3.1/../../../../arm-none-eabi/lib/thumb/v8-m.main+fp/hard\libc_nano.a(libc_a-readr.o)
                0x08001a68                _read_r
 .text._write_r
                0x08001a8c       0x24 C:/ST/STM32CubeIDE_2.1.1/STM32CubeIDE/plugins/com.st.stm32cube.ide.mcu.externaltools.gnu-tools-for-stm32.14.3.rel1.win32_1.0.100.202602081740/tools/bin/../lib/gcc/arm-none-eabi/14.3.1/../../../../arm-none-eabi/lib/thumb/v8-m.main+fp/hard\libc_nano.a(libc_a-writer.o)
                0x08001a8c                _write_r
 .text.__libc_init_array
                0x08001ab0       0x48 C:/ST/STM32CubeIDE_2.1.1/STM32CubeIDE/plugins/com.st.stm32cube.ide.mcu.externaltools.gnu-tools-for-stm32.14.3.rel1.win32_1.0.100.202602081740/tools/bin/../lib/gcc/arm-none-eabi/14.3.1/../../../../arm-none-eabi/lib/thumb/v8-m.main+fp/hard\libc_nano.a(libc_a-init.o)
                0x08001ab0                __libc_init_array
 .text.__retarget_lock_init_recursive
                0x08001af8        0x2 C:/ST/STM32CubeIDE_2.1.1/STM32CubeIDE/plugins/com.st.stm32cube.ide.mcu.externaltools.gnu-tools-for-stm32.14.3.rel1.win32_1.0.100.202602081740/tools/bin/../lib/gcc/arm-none-eabi/14.3.1/../../../../arm-none-eabi/lib/thumb/v8-m.main+fp/hard\libc_nano.a(libc_a-lock.o)
                0x08001af8                __retarget_lock_init_recursive
 .text.__retarget_lock_acquire_recursive
                0x08001afa        0x2 C:/ST/STM32CubeIDE_2.1.1/STM32CubeIDE/plugins/com.st.stm32cube.ide.mcu.externaltools.gnu-tools-for-stm32.14.3.rel1.win32_1.0.100.202602081740/tools/bin/../lib/gcc/arm-none-eabi/14.3.1/../../../../arm-none-eabi/lib/thumb/v8-m.main+fp/hard\libc_nano.a(libc_a-lock.o)
                0x08001afa                __retarget_lock_acquire_recursive
 .text.__retarget_lock_release_recursive
                0x08001afc        0x2 C:/ST/STM32CubeIDE_2.1.1/STM32CubeIDE/plugins/com.st.stm32cube.ide.mcu.externaltools.gnu-tools-for-stm32.14.3.rel1.win32_1.0.100.202602081740/tools/bin/../lib/gcc/arm-none-eabi/14.3.1/../../../../arm-none-eabi/lib/thumb/v8-m.main+fp/hard\libc_nano.a(libc_a-lock.o)
                0x08001afc                __retarget_lock_release_recursive
 .text.memchr   0x08001afe       0x1c C:/ST/STM32CubeIDE_2.1.1/STM32CubeIDE/plugins/com.st.stm32cube.ide.mcu.externaltools.gnu-tools-for-stm32.14.3.rel1.win32_1.0.100.202602081740/tools/bin/../lib/gcc/arm-none-eabi/14.3.1/../../../../arm-none-eabi/lib/thumb/v8-m.main+fp/hard\libc_nano.a(libc_a-memchr-stub.o)
                0x08001afe                memchr
 .text.quorem   0x08001b1a      0x11a C:/ST/STM32CubeIDE_2.1.1/STM32CubeIDE/plugins/com.st.stm32cube.ide.mcu.externaltools.gnu-tools-for-stm32.14.3.rel1.win32_1.0.100.202602081740/tools/bin/../lib/gcc/arm-none-eabi/14.3.1/../../../../arm-none-eabi/lib/thumb/v8-m.main+fp/hard\libc_nano.a(libc_a-dtoa.o)
 *fill*         0x08001c34        0x4 
 .text._dtoa_r  0x08001c38      0xbb8 C:/ST/STM32CubeIDE_2.1.1/STM32CubeIDE/plugins/com.st.stm32cube.ide.mcu.externaltools.gnu-tools-for-stm32.14.3.rel1.win32_1.0.100.202602081740/tools/bin/../lib/gcc/arm-none-eabi/14.3.1/../../../../arm-none-eabi/lib/thumb/v8-m.main+fp/hard\libc_nano.a(libc_a-dtoa.o)
                0x08001c38                _dtoa_r
 .text._free_r  0x080027f0       0x94 C:/ST/STM32CubeIDE_2.1.1/STM32CubeIDE/plugins/com.st.stm32cube.ide.mcu.externaltools.gnu-tools-for-stm32.14.3.rel1.win32_1.0.100.202602081740/tools/bin/../lib/gcc/arm-none-eabi/14.3.1/../../../../arm-none-eabi/lib/thumb/v8-m.main+fp/hard\libc_nano.a(libc_a-freer.o)
                0x080027f0                _free_r
 .text.malloc   0x08002884       0x10 C:/ST/STM32CubeIDE_2.1.1/STM32CubeIDE/plugins/com.st.stm32cube.ide.mcu.externaltools.gnu-tools-for-stm32.14.3.rel1.win32_1.0.100.202602081740/tools/bin/../lib/gcc/arm-none-eabi/14.3.1/../../../../arm-none-eabi/lib/thumb/v8-m.main+fp/hard\libc_nano.a(libc_a-malloc.o)
                0x08002884                malloc
 .text.sbrk_aligned
                0x08002894       0x44 C:/ST/STM32CubeIDE_2.1.1/STM32CubeIDE/plugins/com.st.stm32cube.ide.mcu.externaltools.gnu-tools-for-stm32.14.3.rel1.win32_1.0.100.202602081740/tools/bin/../lib/gcc/arm-none-eabi/14.3.1/../../../../arm-none-eabi/lib/thumb/v8-m.main+fp/hard\libc_nano.a(libc_a-mallocr.o)
 .text._malloc_r
                0x080028d8      0x100 C:/ST/STM32CubeIDE_2.1.1/STM32CubeIDE/plugins/com.st.stm32cube.ide.mcu.externaltools.gnu-tools-for-stm32.14.3.rel1.win32_1.0.100.202602081740/tools/bin/../lib/gcc/arm-none-eabi/14.3.1/../../../../arm-none-eabi/lib/thumb/v8-m.main+fp/hard\libc_nano.a(libc_a-mallocr.o)
                0x080028d8                _malloc_r
 .text.__malloc_lock
                0x080029d8        0xc C:/ST/STM32CubeIDE_2.1.1/STM32CubeIDE/plugins/com.st.stm32cube.ide.mcu.externaltools.gnu-tools-for-stm32.14.3.rel1.win32_1.0.100.202602081740/tools/bin/../lib/gcc/arm-none-eabi/14.3.1/../../../../arm-none-eabi/lib/thumb/v8-m.main+fp/hard\libc_nano.a(libc_a-mlock.o)
                0x080029d8                __malloc_lock
 .text.__malloc_unlock
                0x080029e4        0xc C:/ST/STM32CubeIDE_2.1.1/STM32CubeIDE/plugins/com.st.stm32cube.ide.mcu.externaltools.gnu-tools-for-stm32.14.3.rel1.win32_1.0.100.202602081740/tools/bin/../lib/gcc/arm-none-eabi/14.3.1/../../../../arm-none-eabi/lib/thumb/v8-m.main+fp/hard\libc_nano.a(libc_a-mlock.o)
                0x080029e4                __malloc_unlock
 .text._Balloc  0x080029f0       0x7c C:/ST/STM32CubeIDE_2.1.1/STM32CubeIDE/plugins/com.st.stm32cube.ide.mcu.externaltools.gnu-tools-for-stm32.14.3.rel1.win32_1.0.100.202602081740/tools/bin/../lib/gcc/arm-none-eabi/14.3.1/../../../../arm-none-eabi/lib/thumb/v8-m.main+fp/hard\libc_nano.a(libc_a-mprec.o)
                0x080029f0                _Balloc
 .text._Bfree   0x08002a6c       0x44 C:/ST/STM32CubeIDE_2.1.1/STM32CubeIDE/plugins/com.st.stm32cube.ide.mcu.externaltools.gnu-tools-for-stm32.14.3.rel1.win32_1.0.100.202602081740/tools/bin/../lib/gcc/arm-none-eabi/14.3.1/../../../../arm-none-eabi/lib/thumb/v8-m.main+fp/hard\libc_nano.a(libc_a-mprec.o)
                0x08002a6c                _Bfree
 .text.__multadd
                0x08002ab0       0x90 C:/ST/STM32CubeIDE_2.1.1/STM32CubeIDE/plugins/com.st.stm32cube.ide.mcu.externaltools.gnu-tools-for-stm32.14.3.rel1.win32_1.0.100.202602081740/tools/bin/../lib/gcc/arm-none-eabi/14.3.1/../../../../arm-none-eabi/lib/thumb/v8-m.main+fp/hard\libc_nano.a(libc_a-mprec.o)
                0x08002ab0                __multadd
 .text.__hi0bits
                0x08002b40       0x3e C:/ST/STM32CubeIDE_2.1.1/STM32CubeIDE/plugins/com.st.stm32cube.ide.mcu.externaltools.gnu-tools-for-stm32.14.3.rel1.win32_1.0.100.202602081740/tools/bin/../lib/gcc/arm-none-eabi/14.3.1/../../../../arm-none-eabi/lib/thumb/v8-m.main+fp/hard\libc_nano.a(libc_a-mprec.o)
                0x08002b40                __hi0bits
 .text.__lo0bits
                0x08002b7e       0x5a C:/ST/STM32CubeIDE_2.1.1/STM32CubeIDE/plugins/com.st.stm32cube.ide.mcu.externaltools.gnu-tools-for-stm32.14.3.rel1.win32_1.0.100.202602081740/tools/bin/../lib/gcc/arm-none-eabi/14.3.1/../../../../arm-none-eabi/lib/thumb/v8-m.main+fp/hard\libc_nano.a(libc_a-mprec.o)
                0x08002b7e                __lo0bits
 .text.__i2b    0x08002bd8       0x2c C:/ST/STM32CubeIDE_2.1.1/STM32CubeIDE/plugins/com.st.stm32cube.ide.mcu.externaltools.gnu-tools-for-stm32.14.3.rel1.win32_1.0.100.202602081740/tools/bin/../lib/gcc/arm-none-eabi/14.3.1/../../../../arm-none-eabi/lib/thumb/v8-m.main+fp/hard\libc_nano.a(libc_a-mprec.o)
                0x08002bd8                __i2b
 .text.__multiply
                0x08002c04      0x154 C:/ST/STM32CubeIDE_2.1.1/STM32CubeIDE/plugins/com.st.stm32cube.ide.mcu.externaltools.gnu-tools-for-stm32.14.3.rel1.win32_1.0.100.202602081740/tools/bin/../lib/gcc/arm-none-eabi/14.3.1/../../../../arm-none-eabi/lib/thumb/v8-m.main+fp/hard\libc_nano.a(libc_a-mprec.o)
                0x08002c04                __multiply
 .text.__pow5mult
                0x08002d58       0xb8 C:/ST/STM32CubeIDE_2.1.1/STM32CubeIDE/plugins/com.st.stm32cube.ide.mcu.externaltools.gnu-tools-for-stm32.14.3.rel1.win32_1.0.100.202602081740/tools/bin/../lib/gcc/arm-none-eabi/14.3.1/../../../../arm-none-eabi/lib/thumb/v8-m.main+fp/hard\libc_nano.a(libc_a-mprec.o)
                0x08002d58                __pow5mult
 .text.__lshift
                0x08002e10       0xd8 C:/ST/STM32CubeIDE_2.1.1/STM32CubeIDE/plugins/com.st.stm32cube.ide.mcu.externaltools.gnu-tools-for-stm32.14.3.rel1.win32_1.0.100.202602081740/tools/bin/../lib/gcc/arm-none-eabi/14.3.1/../../../../arm-none-eabi/lib/thumb/v8-m.main+fp/hard\libc_nano.a(libc_a-mprec.o)
                0x08002e10                __lshift
 .text.__mcmp   0x08002ee8       0x36 C:/ST/STM32CubeIDE_2.1.1/STM32CubeIDE/plugins/com.st.stm32cube.ide.mcu.externaltools.gnu-tools-for-stm32.14.3.rel1.win32_1.0.100.202602081740/tools/bin/../lib/gcc/arm-none-eabi/14.3.1/../../../../arm-none-eabi/lib/thumb/v8-m.main+fp/hard\libc_nano.a(libc_a-mprec.o)
                0x08002ee8                __mcmp
 *fill*         0x08002f1e        0x2 
 .text.__mdiff  0x08002f20      0x138 C:/ST/STM32CubeIDE_2.1.1/STM32CubeIDE/plugins/com.st.stm32cube.ide.mcu.externaltools.gnu-tools-for-stm32.14.3.rel1.win32_1.0.100.202602081740/tools/bin/../lib/gcc/arm-none-eabi/14.3.1/../../../../arm-none-eabi/lib/thumb/v8-m.main+fp/hard\libc_nano.a(libc_a-mprec.o)
                0x08002f20                __mdiff
 .text.__d2b    0x08003058       0xb0 C:/ST/STM32CubeIDE_2.1.1/STM32CubeIDE/plugins/com.st.stm32cube.ide.mcu.externaltools.gnu-tools-for-stm32.14.3.rel1.win32_1.0.100.202602081740/tools/bin/../lib/gcc/arm-none-eabi/14.3.1/../../../../arm-none-eabi/lib/thumb/v8-m.main+fp/hard\libc_nano.a(libc_a-mprec.o)
                0x08003058                __d2b
 .text.__sflush_r
                0x08003108      0x100 C:/ST/STM32CubeIDE_2.1.1/STM32CubeIDE/plugins/com.st.stm32cube.ide.mcu.externaltools.gnu-tools-for-stm32.14.3.rel1.win32_1.0.100.202602081740/tools/bin/../lib/gcc/arm-none-eabi/14.3.1/../../../../arm-none-eabi/lib/thumb/v8-m.main+fp/hard\libc_nano.a(libc_a-fflush.o)
                0x08003108                __sflush_r
 .text._fflush_r
                0x08003208       0x50 C:/ST/STM32CubeIDE_2.1.1/STM32CubeIDE/plugins/com.st.stm32cube.ide.mcu.externaltools.gnu-tools-for-stm32.14.3.rel1.win32_1.0.100.202602081740/tools/bin/../lib/gcc/arm-none-eabi/14.3.1/../../../../arm-none-eabi/lib/thumb/v8-m.main+fp/hard\libc_nano.a(libc_a-fflush.o)
                0x08003208                _fflush_r
 .text._sbrk_r  0x08003258       0x20 C:/ST/STM32CubeIDE_2.1.1/STM32CubeIDE/plugins/com.st.stm32cube.ide.mcu.externaltools.gnu-tools-for-stm32.14.3.rel1.win32_1.0.100.202602081740/tools/bin/../lib/gcc/arm-none-eabi/14.3.1/../../../../arm-none-eabi/lib/thumb/v8-m.main+fp/hard\libc_nano.a(libc_a-sbrkr.o)
                0x08003258                _sbrk_r
 .text.memcpy   0x08003278       0x1a C:/ST/STM32CubeIDE_2.1.1/STM32CubeIDE/plugins/com.st.stm32cube.ide.mcu.externaltools.gnu-tools-for-stm32.14.3.rel1.win32_1.0.100.202602081740/tools/bin/../lib/gcc/arm-none-eabi/14.3.1/../../../../arm-none-eabi/lib/thumb/v8-m.main+fp/hard\libc_nano.a(libc_a-memcpy-stub.o)
                0x08003278                memcpy
 *fill*         0x08003292        0x2 
 .text.__assert_func
                0x08003294       0x3c C:/ST/STM32CubeIDE_2.1.1/STM32CubeIDE/plugins/com.st.stm32cube.ide.mcu.externaltools.gnu-tools-for-stm32.14.3.rel1.win32_1.0.100.202602081740/tools/bin/../lib/gcc/arm-none-eabi/14.3.1/../../../../arm-none-eabi/lib/thumb/v8-m.main+fp/hard\libc_nano.a(libc_a-assert.o)
                0x08003294                __assert_func
 .text._calloc_r
                0x080032d0       0x28 C:/ST/STM32CubeIDE_2.1.1/STM32CubeIDE/plugins/com.st.stm32cube.ide.mcu.externaltools.gnu-tools-for-stm32.14.3.rel1.win32_1.0.100.202602081740/tools/bin/../lib/gcc/arm-none-eabi/14.3.1/../../../../arm-none-eabi/lib/thumb/v8-m.main+fp/hard\libc_nano.a(libc_a-callocr.o)
                0x080032d0                _calloc_r
 .text.__ascii_mbtowc
                0x080032f8       0x24 C:/ST/STM32CubeIDE_2.1.1/STM32CubeIDE/plugins/com.st.stm32cube.ide.mcu.externaltools.gnu-tools-for-stm32.14.3.rel1.win32_1.0.100.202602081740/tools/bin/../lib/gcc/arm-none-eabi/14.3.1/../../../../arm-none-eabi/lib/thumb/v8-m.main+fp/hard\libc_nano.a(libc_a-mbtowc_r.o)
                0x080032f8                __ascii_mbtowc
 .text.__ascii_wctomb
                0x0800331c       0x1a C:/ST/STM32CubeIDE_2.1.1/STM32CubeIDE/plugins/com.st.stm32cube.ide.mcu.externaltools.gnu-tools-for-stm32.14.3.rel1.win32_1.0.100.202602081740/tools/bin/../lib/gcc/arm-none-eabi/14.3.1/../../../../arm-none-eabi/lib/thumb/v8-m.main+fp/hard\libc_nano.a(libc_a-wctomb_r.o)
                0x0800331c                __ascii_wctomb
 *fill*         0x08003336        0x2 
 .text.fprintf  0x08003338       0x24 C:/ST/STM32CubeIDE_2.1.1/STM32CubeIDE/plugins/com.st.stm32cube.ide.mcu.externaltools.gnu-tools-for-stm32.14.3.rel1.win32_1.0.100.202602081740/tools/bin/../lib/gcc/arm-none-eabi/14.3.1/../../../../arm-none-eabi/lib/thumb/v8-m.main+fp/hard\libc_nano.a(libc_a-fprintf.o)
                0x08003338                fiprintf
                0x08003338                fprintf
 .text.abort    0x0800335c        0xe C:/ST/STM32CubeIDE_2.1.1/STM32CubeIDE/plugins/com.st.stm32cube.ide.mcu.externaltools.gnu-tools-for-stm32.14.3.rel1.win32_1.0.100.202602081740/tools/bin/../lib/gcc/arm-none-eabi/14.3.1/../../../../arm-none-eabi/lib/thumb/v8-m.main+fp/hard\libc_nano.a(libc_a-abort.o)
                0x0800335c                abort
 .text.__sfputc_r
                0x0800336a       0x2e C:/ST/STM32CubeIDE_2.1.1/STM32CubeIDE/plugins/com.st.stm32cube.ide.mcu.externaltools.gnu-tools-for-stm32.14.3.rel1.win32_1.0.100.202602081740/tools/bin/../lib/gcc/arm-none-eabi/14.3.1/../../../../arm-none-eabi/lib/thumb/v8-m.main+fp/hard\libc_nano.a(libc_a-nano-vfprintf.o)
 .text.__sfputs_r
                0x08003398       0x24 C:/ST/STM32CubeIDE_2.1.1/STM32CubeIDE/plugins/com.st.stm32cube.ide.mcu.externaltools.gnu-tools-for-stm32.14.3.rel1.win32_1.0.100.202602081740/tools/bin/../lib/gcc/arm-none-eabi/14.3.1/../../../../arm-none-eabi/lib/thumb/v8-m.main+fp/hard\libc_nano.a(libc_a-nano-vfprintf.o)
                0x08003398                __sfputs_r
 .text._vfprintf_r
                0x080033bc      0x228 C:/ST/STM32CubeIDE_2.1.1/STM32CubeIDE/plugins/com.st.stm32cube.ide.mcu.externaltools.gnu-tools-for-stm32.14.3.rel1.win32_1.0.100.202602081740/tools/bin/../lib/gcc/arm-none-eabi/14.3.1/../../../../arm-none-eabi/lib/thumb/v8-m.main+fp/hard\libc_nano.a(libc_a-nano-vfprintf.o)
                0x080033bc                _vfprintf_r
                0x080033bc                _vfiprintf_r
 .text.__swbuf_r
                0x080035e4       0x7c C:/ST/STM32CubeIDE_2.1.1/STM32CubeIDE/plugins/com.st.stm32cube.ide.mcu.externaltools.gnu-tools-for-stm32.14.3.rel1.win32_1.0.100.202602081740/tools/bin/../lib/gcc/arm-none-eabi/14.3.1/../../../../arm-none-eabi/lib/thumb/v8-m.main+fp/hard\libc_nano.a(libc_a-wbuf.o)
                0x080035e4                __swbuf_r
 .text.__swsetup_r
                0x08003660       0xa8 C:/ST/STM32CubeIDE_2.1.1/STM32CubeIDE/plugins/com.st.stm32cube.ide.mcu.externaltools.gnu-tools-for-stm32.14.3.rel1.win32_1.0.100.202602081740/tools/bin/../lib/gcc/arm-none-eabi/14.3.1/../../../../arm-none-eabi/lib/thumb/v8-m.main+fp/hard\libc_nano.a(libc_a-wsetup.o)
                0x08003660                __swsetup_r
 .text.memmove  0x08003708       0x32 C:/ST/STM32CubeIDE_2.1.1/STM32CubeIDE/plugins/com.st.stm32cube.ide.mcu.externaltools.gnu-tools-for-stm32.14.3.rel1.win32_1.0.100.202602081740/tools/bin/../lib/gcc/arm-none-eabi/14.3.1/../../../../arm-none-eabi/lib/thumb/v8-m.main+fp/hard\libc_nano.a(libc_a-memmove.o)
                0x08003708                memmove
 .text._raise_r
                0x0800373a       0x50 C:/ST/STM32CubeIDE_2.1.1/STM32CubeIDE/plugins/com.st.stm32cube.ide.mcu.externaltools.gnu-tools-for-stm32.14.3.rel1.win32_1.0.100.202602081740/tools/bin/../lib/gcc/arm-none-eabi/14.3.1/../../../../arm-none-eabi/lib/thumb/v8-m.main+fp/hard\libc_nano.a(libc_a-signal.o)
                0x0800373a                _raise_r
 *fill*         0x0800378a        0x2 
 .text.raise    0x0800378c       0x10 C:/ST/STM32CubeIDE_2.1.1/STM32CubeIDE/plugins/com.st.stm32cube.ide.mcu.externaltools.gnu-tools-for-stm32.14.3.rel1.win32_1.0.100.202602081740/tools/bin/../lib/gcc/arm-none-eabi/14.3.1/../../../../arm-none-eabi/lib/thumb/v8-m.main+fp/hard\libc_nano.a(libc_a-signal.o)
                0x0800378c                raise
 .text._kill_r  0x0800379c       0x24 C:/ST/STM32CubeIDE_2.1.1/STM32CubeIDE/plugins/com.st.stm32cube.ide.mcu.externaltools.gnu-tools-for-stm32.14.3.rel1.win32_1.0.100.202602081740/tools/bin/../lib/gcc/arm-none-eabi/14.3.1/../../../../arm-none-eabi/lib/thumb/v8-m.main+fp/hard\libc_nano.a(libc_a-signalr.o)
                0x0800379c                _kill_r
 .text._getpid_r
                0x080037c0        0x4 C:/ST/STM32CubeIDE_2.1.1/STM32CubeIDE/plugins/com.st.stm32cube.ide.mcu.externaltools.gnu-tools-for-stm32.14.3.rel1.win32_1.0.100.202602081740/tools/bin/../lib/gcc/arm-none-eabi/14.3.1/../../../../arm-none-eabi/lib/thumb/v8-m.main+fp/hard\libc_nano.a(libc_a-signalr.o)
                0x080037c0                _getpid_r
 .text._realloc_r
                0x080037c4       0x5c C:/ST/STM32CubeIDE_2.1.1/STM32CubeIDE/plugins/com.st.stm32cube.ide.mcu.externaltools.gnu-tools-for-stm32.14.3.rel1.win32_1.0.100.202602081740/tools/bin/../lib/gcc/arm-none-eabi/14.3.1/../../../../arm-none-eabi/lib/thumb/v8-m.main+fp/hard\libc_nano.a(libc_a-reallocr.o)
                0x080037c4                _realloc_r
 .text.__swhatbuf_r
                0x08003820       0x48 C:/ST/STM32CubeIDE_2.1.1/STM32CubeIDE/plugins/com.st.stm32cube.ide.mcu.externaltools.gnu-tools-for-stm32.14.3.rel1.win32_1.0.100.202602081740/tools/bin/../lib/gcc/arm-none-eabi/14.3.1/../../../../arm-none-eabi/lib/thumb/v8-m.main+fp/hard\libc_nano.a(libc_a-makebuf.o)
                0x08003820                __swhatbuf_r
 .text.__smakebuf_r
                0x08003868       0x72 C:/ST/STM32CubeIDE_2.1.1/STM32CubeIDE/plugins/com.st.stm32cube.ide.mcu.externaltools.gnu-tools-for-stm32.14.3.rel1.win32_1.0.100.202602081740/tools/bin/../lib/gcc/arm-none-eabi/14.3.1/../../../../arm-none-eabi/lib/thumb/v8-m.main+fp/hard\libc_nano.a(libc_a-makebuf.o)
                0x08003868                __smakebuf_r
 *fill*         0x080038da        0x2 
 .text._fstat_r
                0x080038dc       0x24 C:/ST/STM32CubeIDE_2.1.1/STM32CubeIDE/plugins/com.st.stm32cube.ide.mcu.externaltools.gnu-tools-for-stm32.14.3.rel1.win32_1.0.100.202602081740/tools/bin/../lib/gcc/arm-none-eabi/14.3.1/../../../../arm-none-eabi/lib/thumb/v8-m.main+fp/hard\libc_nano.a(libc_a-fstatr.o)
                0x080038dc                _fstat_r
 .text._isatty_r
                0x08003900       0x20 C:/ST/STM32CubeIDE_2.1.1/STM32CubeIDE/plugins/com.st.stm32cube.ide.mcu.externaltools.gnu-tools-for-stm32.14.3.rel1.win32_1.0.100.202602081740/tools/bin/../lib/gcc/arm-none-eabi/14.3.1/../../../../arm-none-eabi/lib/thumb/v8-m.main+fp/hard\libc_nano.a(libc_a-isattyr.o)
                0x08003900                _isatty_r
 .text._malloc_usable_size_r
                0x08003920       0x10 C:/ST/STM32CubeIDE_2.1.1/STM32CubeIDE/plugins/com.st.stm32cube.ide.mcu.externaltools.gnu-tools-for-stm32.14.3.rel1.win32_1.0.100.202602081740/tools/bin/../lib/gcc/arm-none-eabi/14.3.1/../../../../arm-none-eabi/lib/thumb/v8-m.main+fp/hard\libc_nano.a(libc_a-msizer.o)
                0x08003920                _malloc_usable_size_r
 .text.main     0x08003930      0x2fc CMakeFiles/STM32C5_IIS3DWB_Project2.dir/main.c.obj
                0x08003930                main
 .text.platform_write
                0x08003c2c       0x5e CMakeFiles/STM32C5_IIS3DWB_Project2.dir/main.c.obj
 .text.platform_read
                0x08003c8a       0x5e CMakeFiles/STM32C5_IIS3DWB_Project2.dir/main.c.obj
 .text.tx_com   0x08003ce8       0x3a CMakeFiles/STM32C5_IIS3DWB_Project2.dir/main.c.obj
 .text.platform_delay
                0x08003d22       0x16 CMakeFiles/STM32C5_IIS3DWB_Project2.dir/main.c.obj
 .text.platform_init
                0x08003d38       0x2c CMakeFiles/STM32C5_IIS3DWB_Project2.dir/main.c.obj
 .text.iis3dwb_read_reg
                0x08003d64       0x3a CMakeFiles/STM32C5_IIS3DWB_Project2.dir/iis3dwb_reg.c.obj
                0x08003d64                iis3dwb_read_reg
 .text.iis3dwb_write_reg
                0x08003d9e       0x3a CMakeFiles/STM32C5_IIS3DWB_Project2.dir/iis3dwb_reg.c.obj
                0x08003d9e                iis3dwb_write_reg
 .text.iis3dwb_from_fs2g_to_mg
                0x08003dd8       0x30 CMakeFiles/STM32C5_IIS3DWB_Project2.dir/iis3dwb_reg.c.obj
                0x08003dd8                iis3dwb_from_fs2g_to_mg
 .text.iis3dwb_from_lsb_to_celsius
                0x08003e08       0x38 CMakeFiles/STM32C5_IIS3DWB_Project2.dir/iis3dwb_reg.c.obj
                0x08003e08                iis3dwb_from_lsb_to_celsius
 .text.iis3dwb_xl_full_scale_set
                0x08003e40       0x50 CMakeFiles/STM32C5_IIS3DWB_Project2.dir/iis3dwb_reg.c.obj
                0x08003e40                iis3dwb_xl_full_scale_set
 .text.iis3dwb_xl_data_rate_set
                0x08003e90       0x50 CMakeFiles/STM32C5_IIS3DWB_Project2.dir/iis3dwb_reg.c.obj
                0x08003e90                iis3dwb_xl_data_rate_set
 .text.iis3dwb_block_data_update_set
                0x08003ee0       0x50 CMakeFiles/STM32C5_IIS3DWB_Project2.dir/iis3dwb_reg.c.obj
                0x08003ee0                iis3dwb_block_data_update_set
 .text.iis3dwb_xl_axis_selection_set
                0x08003f30       0x92 CMakeFiles/STM32C5_IIS3DWB_Project2.dir/iis3dwb_reg.c.obj
                0x08003f30                iis3dwb_xl_axis_selection_set
 .text.iis3dwb_status_reg_get
                0x08003fc2       0x22 CMakeFiles/STM32C5_IIS3DWB_Project2.dir/iis3dwb_reg.c.obj
                0x08003fc2                iis3dwb_status_reg_get
 .text.iis3dwb_temperature_raw_get
                0x08003fe4       0x46 CMakeFiles/STM32C5_IIS3DWB_Project2.dir/iis3dwb_reg.c.obj
                0x08003fe4                iis3dwb_temperature_raw_get
 .text.iis3dwb_acceleration_raw_get
                0x0800402a       0x78 CMakeFiles/STM32C5_IIS3DWB_Project2.dir/iis3dwb_reg.c.obj
                0x0800402a                iis3dwb_acceleration_raw_get
 .text.iis3dwb_device_id_get
                0x080040a2       0x22 CMakeFiles/STM32C5_IIS3DWB_Project2.dir/iis3dwb_reg.c.obj
                0x080040a2                iis3dwb_device_id_get
 .text.iis3dwb_reset_set
                0x080040c4       0x50 CMakeFiles/STM32C5_IIS3DWB_Project2.dir/iis3dwb_reg.c.obj
                0x080040c4                iis3dwb_reset_set
 .text.iis3dwb_reset_get
                0x08004114       0x40 CMakeFiles/STM32C5_IIS3DWB_Project2.dir/iis3dwb_reg.c.obj
                0x08004114                iis3dwb_reset_get
 .text.iis3dwb_auto_increment_set
                0x08004154       0x50 CMakeFiles/STM32C5_IIS3DWB_Project2.dir/iis3dwb_reg.c.obj
                0x08004154                iis3dwb_auto_increment_set
 .text.iis3dwb_xl_filt_path_on_out_set
                0x080041a4       0xb8 CMakeFiles/STM32C5_IIS3DWB_Project2.dir/iis3dwb_reg.c.obj
                0x080041a4                iis3dwb_xl_filt_path_on_out_set
 .text.iis3dwb_i2c_interface_set
                0x0800425c       0x50 CMakeFiles/STM32C5_IIS3DWB_Project2.dir/iis3dwb_reg.c.obj
                0x0800425c                iis3dwb_i2c_interface_set
 .text.mx_cortex_mpu_init
                0x080042ac       0x5c CMakeFiles/STM32C5_IIS3DWB_Project2.dir/generated/hal/mx_cortex_mpu.c.obj
                0x080042ac                mx_cortex_mpu_init
 .text.mx_cortex_nvic_init
                0x08004308       0x12 CMakeFiles/STM32C5_IIS3DWB_Project2.dir/generated/hal/mx_cortex_nvic.c.obj
                0x08004308                mx_cortex_nvic_init
 *fill*         0x0800431a        0x2 
 .text.LL_AHB2_GRP1_EnableClock
                0x0800431c       0x60 CMakeFiles/STM32C5_IIS3DWB_Project2.dir/generated/hal/mx_gpio_default.c.obj
 .text.HAL_RCC_GPIOA_EnableClock
                0x0800437c        0xe CMakeFiles/STM32C5_IIS3DWB_Project2.dir/generated/hal/mx_gpio_default.c.obj
 .text.HAL_RCC_GPIOB_EnableClock
                0x0800438a        0xe CMakeFiles/STM32C5_IIS3DWB_Project2.dir/generated/hal/mx_gpio_default.c.obj
 .text.mx_gpio_default_init
                0x08004398       0x80 CMakeFiles/STM32C5_IIS3DWB_Project2.dir/generated/hal/mx_gpio_default.c.obj
                0x08004398                mx_gpio_default_init
 .text.LL_AHB2_GRP1_EnableClock
                0x08004418       0x60 CMakeFiles/STM32C5_IIS3DWB_Project2.dir/generated/hal/mx_i2c1.c.obj
 .text.LL_APB1_GRP1_EnableClock
                0x08004478       0x60 CMakeFiles/STM32C5_IIS3DWB_Project2.dir/generated/hal/mx_i2c1.c.obj
 .text.HAL_RCC_GPIOB_EnableClock
                0x080044d8        0xe CMakeFiles/STM32C5_IIS3DWB_Project2.dir/generated/hal/mx_i2c1.c.obj
 .text.HAL_RCC_I2C1_EnableClock
                0x080044e6       0x10 CMakeFiles/STM32C5_IIS3DWB_Project2.dir/generated/hal/mx_i2c1.c.obj
 *fill*         0x080044f6        0x2 
 .text.mx_i2c1_i2c_init
                0x080044f8       0x9c CMakeFiles/STM32C5_IIS3DWB_Project2.dir/generated/hal/mx_i2c1.c.obj
                0x080044f8                mx_i2c1_i2c_init
 .text.mx_i2c1_i2c_gethandle
                0x08004594       0x14 CMakeFiles/STM32C5_IIS3DWB_Project2.dir/generated/hal/mx_i2c1.c.obj
                0x08004594                mx_i2c1_i2c_gethandle
 .text.mx_icache_init
                0x080045a8       0x28 CMakeFiles/STM32C5_IIS3DWB_Project2.dir/generated/hal/mx_icache.c.obj
                0x080045a8                mx_icache_init
 .text.mx_icache_gethandle
                0x080045d0       0x14 CMakeFiles/STM32C5_IIS3DWB_Project2.dir/generated/hal/mx_icache.c.obj
                0x080045d0                mx_icache_gethandle
 .text.mx_rcc_init
                0x080045e4       0xc0 CMakeFiles/STM32C5_IIS3DWB_Project2.dir/generated/hal/mx_rcc.c.obj
                0x080045e4                mx_rcc_init
 .text.mx_rcc_peripherals_clock_config
                0x080046a4       0x12 CMakeFiles/STM32C5_IIS3DWB_Project2.dir/generated/hal/mx_rcc.c.obj
                0x080046a4                mx_rcc_peripherals_clock_config
 .text.mx_system_init
                0x080046b6       0xe8 CMakeFiles/STM32C5_IIS3DWB_Project2.dir/generated/hal/mx_system.c.obj
                0x080046b6                mx_system_init
 .text.SysTick_Handler
                0x0800479e       0x10 CMakeFiles/STM32C5_IIS3DWB_Project2.dir/generated/hal/mx_system.c.obj
                0x0800479e                SysTick_Handler
 .text.pre_system_init_hook
                0x080047ae       0x12 CMakeFiles/STM32C5_IIS3DWB_Project2.dir/generated/hal/mx_system.c.obj
                0x080047ae                pre_system_init_hook
 .text.post_system_init_hook
                0x080047c0       0x12 CMakeFiles/STM32C5_IIS3DWB_Project2.dir/generated/hal/mx_system.c.obj
                0x080047c0                post_system_init_hook
 *fill*         0x080047d2        0x2 
 .text.LL_AHB2_GRP1_EnableClock
                0x080047d4       0x60 CMakeFiles/STM32C5_IIS3DWB_Project2.dir/generated/hal/mx_usart1.c.obj
 .text.LL_APB2_GRP1_EnableClock
                0x08004834       0x60 CMakeFiles/STM32C5_IIS3DWB_Project2.dir/generated/hal/mx_usart1.c.obj
 .text.HAL_RCC_GPIOA_EnableClock
                0x08004894        0xe CMakeFiles/STM32C5_IIS3DWB_Project2.dir/generated/hal/mx_usart1.c.obj
 .text.HAL_RCC_USART1_EnableClock
                0x080048a2       0x10 CMakeFiles/STM32C5_IIS3DWB_Project2.dir/generated/hal/mx_usart1.c.obj
 *fill*         0x080048b2        0x2 
 .text.mx_usart1_uart_init
                0x080048b4       0xac CMakeFiles/STM32C5_IIS3DWB_Project2.dir/generated/hal/mx_usart1.c.obj
                0x080048b4                mx_usart1_uart_init
 .text.mx_usart1_uart_gethandle
                0x08004960       0x14 CMakeFiles/STM32C5_IIS3DWB_Project2.dir/generated/hal/mx_usart1.c.obj
                0x08004960                mx_usart1_uart_gethandle
 .text.SCB_SetVTOR
                0x08004974       0x20 CMakeFiles/STM32C5_IIS3DWB_Project2.dir/user_modifiable/Device/STM32C542CCT6/system_stm32c5xx.c.obj
 .text.SCB_EnableFPU
                0x08004994       0x24 CMakeFiles/STM32C5_IIS3DWB_Project2.dir/user_modifiable/Device/STM32C542CCT6/system_stm32c5xx.c.obj
 .text.SystemInit
                0x080049b8       0x18 CMakeFiles/STM32C5_IIS3DWB_Project2.dir/user_modifiable/Device/STM32C542CCT6/system_stm32c5xx.c.obj
                0x080049b8                SystemInit
 .text.Reset_Handler
                0x080049d0       0xc4 CMakeFiles/STM32C5_IIS3DWB_Project2.dir/user_modifiable/Device/STM32C542CCT6/startup_stm32c542xx.c.obj
                0x080049d0                Reset_Handler
 .text.HardFault_Handler
                0x08004a94        0x8 CMakeFiles/STM32C5_IIS3DWB_Project2.dir/user_modifiable/Device/STM32C542CCT6/startup_stm32c542xx.c.obj
                0x08004a94                HardFault_Handler
 .text.Default_IRQHandler
                0x08004a9c        0x8 CMakeFiles/STM32C5_IIS3DWB_Project2.dir/user_modifiable/Device/STM32C542CCT6/startup_stm32c542xx.c.obj
                0x08004a9c                EXTI2_IRQHandler
                0x08004a9c                TIM8_CC_IRQHandler
                0x08004a9c                EXTI5_IRQHandler
                0x08004a9c                DebugMon_Handler
                0x08004a9c                TIM8_TRGI_COM_DIR_IDX_IRQHandler
                0x08004a9c                EXTI13_IRQHandler
                0x08004a9c                LPDMA2_CH1_IRQHandler
                0x08004a9c                I2C1_ERR_IRQHandler
                0x08004a9c                TIM1_CC_IRQHandler
                0x08004a9c                TAMP_IRQHandler
                0x08004a9c                TIM6_IRQHandler
                0x08004a9c                EXTI12_IRQHandler
                0x08004a9c                CORDIC_IRQHandler
                0x08004a9c                PendSV_Handler
                0x08004a9c                USB_DRD_FS_IRQHandler
                0x08004a9c                NMI_Handler
                0x08004a9c                EXTI3_IRQHandler
                0x08004a9c                EXTI8_IRQHandler
                0x08004a9c                PWR_PVD_IRQHandler
                0x08004a9c                EXTI0_IRQHandler
                0x08004a9c                FPU_IRQHandler
                0x08004a9c                FDCAN1_IT1_IRQHandler
                0x08004a9c                RAMCFG_IRQHandler
                0x08004a9c                UsageFault_Handler
                0x08004a9c                TIM1_UPD_IRQHandler
                0x08004a9c                SPI1_IRQHandler
                0x08004a9c                ADC1_IRQHandler
                0x08004a9c                EXTI15_IRQHandler
                0x08004a9c                RTC_IRQHandler
                0x08004a9c                EXTI9_IRQHandler
                0x08004a9c                UART5_IRQHandler
                0x08004a9c                LPDMA2_CH3_IRQHandler
                0x08004a9c                LPDMA1_CH1_IRQHandler
                0x08004a9c                I2C1_EV_IRQHandler
                0x08004a9c                UART4_IRQHandler
                0x08004a9c                RCC_IRQHandler
                0x08004a9c                COMP2_IRQHandler
                0x08004a9c                LPDMA2_CH2_IRQHandler
                0x08004a9c                TIM12_IRQHandler
                0x08004a9c                TIM7_IRQHandler
                0x08004a9c                I3C1_EV_IRQHandler
                0x08004a9c                TIM15_IRQHandler
                0x08004a9c                TIM8_BRK_TERR_IERR_IRQHandler
                0x08004a9c                TIM8_UPD_IRQHandler
                0x08004a9c                SPI2_IRQHandler
                0x08004a9c                MemManage_Handler
                0x08004a9c                LPDMA1_CH3_IRQHandler
                0x08004a9c                EXTI14_IRQHandler
                0x08004a9c                EXTI11_IRQHandler
                0x08004a9c                SVC_Handler
                0x08004a9c                CRS_IRQHandler
                0x08004a9c                EXTI4_IRQHandler
                0x08004a9c                TIM1_BRK_TERR_IERR_IRQHandler
                0x08004a9c                RNG_IRQHandler
                0x08004a9c                FDCAN2_IT1_IRQHandler
                0x08004a9c                TIM1_TRGI_COM_DIR_IDX_IRQHandler
                0x08004a9c                LPDMA2_CH0_IRQHandler
                0x08004a9c                I3C1_ERR_IRQHandler
                0x08004a9c                WWDG_IRQHandler
                0x08004a9c                Default_IRQHandler
                0x08004a9c                FDCAN2_IT0_IRQHandler
                0x08004a9c                IWDG_IRQHandler
                0x08004a9c                LPUART1_IRQHandler
                0x08004a9c                FDCAN1_IT0_IRQHandler
                0x08004a9c                TIM2_IRQHandler
                0x08004a9c                LPDMA1_CH2_IRQHandler
                0x08004a9c                EXTI7_IRQHandler
                0x08004a9c                EXTI1_IRQHandler
                0x08004a9c                AES_IRQHandler
                0x08004a9c                DAC1_IRQHandler
                0x08004a9c                USART2_IRQHandler
                0x08004a9c                FLASH_IRQHandler
                0x08004a9c                BusFault_Handler
                0x08004a9c                USART1_IRQHandler
                0x08004a9c                EXTI10_IRQHandler
                0x08004a9c                LPDMA1_CH0_IRQHandler
                0x08004a9c                EXTI6_IRQHandler
                0x08004a9c                COMP1_IRQHandler
                0x08004a9c                LPTIM1_IRQHandler
                0x08004a9c                ICACHE_IRQHandler
                0x08004a9c                HASH_IRQHandler
 .text.Default_IRQHandler_Hook
                0x08004aa4        0x8 CMakeFiles/STM32C5_IIS3DWB_Project2.dir/user_modifiable/Device/STM32C542CCT6/startup_stm32c542xx.c.obj
                0x08004aa4                Default_IRQHandler_Hook
 .text.LL_RCC_GetAHBPrescaler
                0x08004aac       0x1c CMakeFiles/STM32C5_IIS3DWB_Project2.dir/stm32c5xx_drivers/hal/stm32c5xx_hal.c.obj
 .text.LL_FLASH_EnablePrefetch
                0x08004ac8       0x20 CMakeFiles/STM32C5_IIS3DWB_Project2.dir/stm32c5xx_drivers/hal/stm32c5xx_hal.c.obj
 .text.HAL_Init
                0x08004ae8       0x44 CMakeFiles/STM32C5_IIS3DWB_Project2.dir/stm32c5xx_drivers/hal/stm32c5xx_hal.c.obj
                0x08004ae8                HAL_Init
 .text.HAL_InitTick
                0x08004b2c       0x68 CMakeFiles/STM32C5_IIS3DWB_Project2.dir/stm32c5xx_drivers/hal/stm32c5xx_hal.c.obj
                0x08004b2c                HAL_InitTick
 .text.HAL_UpdateCoreClock
                0x08004b94       0x30 CMakeFiles/STM32C5_IIS3DWB_Project2.dir/stm32c5xx_drivers/hal/stm32c5xx_hal.c.obj
                0x08004b94                HAL_UpdateCoreClock
 .text.HAL_IncTick
                0x08004bc4       0x28 CMakeFiles/STM32C5_IIS3DWB_Project2.dir/stm32c5xx_drivers/hal/stm32c5xx_hal.c.obj
                0x08004bc4                HAL_IncTick
 .text.HAL_GetTick
                0x08004bec       0x18 CMakeFiles/STM32C5_IIS3DWB_Project2.dir/stm32c5xx_drivers/hal/stm32c5xx_hal.c.obj
                0x08004bec                HAL_GetTick
 .text.HAL_Delay
                0x08004c04       0x4c CMakeFiles/STM32C5_IIS3DWB_Project2.dir/stm32c5xx_drivers/hal/stm32c5xx_hal.c.obj
                0x08004c04                HAL_Delay
 .text.__NVIC_SetPriorityGrouping
                0x08004c50       0x48 CMakeFiles/STM32C5_IIS3DWB_Project2.dir/stm32c5xx_drivers/hal/stm32c5xx_hal_cortex.c.obj
 .text.__NVIC_GetPriorityGrouping
                0x08004c98       0x1c CMakeFiles/STM32C5_IIS3DWB_Project2.dir/stm32c5xx_drivers/hal/stm32c5xx_hal_cortex.c.obj
 .text.__NVIC_SetPriority
                0x08004cb4       0x54 CMakeFiles/STM32C5_IIS3DWB_Project2.dir/stm32c5xx_drivers/hal/stm32c5xx_hal_cortex.c.obj
 .text.NVIC_EncodePriority
                0x08004d08       0x66 CMakeFiles/STM32C5_IIS3DWB_Project2.dir/stm32c5xx_drivers/hal/stm32c5xx_hal_cortex.c.obj
 *fill*         0x08004d6e        0x2 
 .text.ARM_MPU_Enable
                0x08004d70       0x44 CMakeFiles/STM32C5_IIS3DWB_Project2.dir/stm32c5xx_drivers/hal/stm32c5xx_hal_cortex.c.obj
 .text.ARM_MPU_Disable
                0x08004db4       0x40 CMakeFiles/STM32C5_IIS3DWB_Project2.dir/stm32c5xx_drivers/hal/stm32c5xx_hal_cortex.c.obj
 .text.ARM_MPU_SetMemAttrEx
                0x08004df4       0x6a CMakeFiles/STM32C5_IIS3DWB_Project2.dir/stm32c5xx_drivers/hal/stm32c5xx_hal_cortex.c.obj
 *fill*         0x08004e5e        0x2 
 .text.ARM_MPU_SetMemAttr
                0x08004e60       0x28 CMakeFiles/STM32C5_IIS3DWB_Project2.dir/stm32c5xx_drivers/hal/stm32c5xx_hal_cortex.c.obj
 .text.ARM_MPU_SetRegionEx
                0x08004e88       0x2c CMakeFiles/STM32C5_IIS3DWB_Project2.dir/stm32c5xx_drivers/hal/stm32c5xx_hal_cortex.c.obj
 .text.ARM_MPU_SetRegion
                0x08004eb4       0x24 CMakeFiles/STM32C5_IIS3DWB_Project2.dir/stm32c5xx_drivers/hal/stm32c5xx_hal_cortex.c.obj
 .text.SysTick_SetClkSource
                0x08004ed8       0x38 CMakeFiles/STM32C5_IIS3DWB_Project2.dir/stm32c5xx_drivers/hal/stm32c5xx_hal_cortex.c.obj
 .text.SysTick_GetClkSource
                0x08004f10       0x1c CMakeFiles/STM32C5_IIS3DWB_Project2.dir/stm32c5xx_drivers/hal/stm32c5xx_hal_cortex.c.obj
 .text.SysTick_EnableIT
                0x08004f2c       0x20 CMakeFiles/STM32C5_IIS3DWB_Project2.dir/stm32c5xx_drivers/hal/stm32c5xx_hal_cortex.c.obj
 .text.SysTick_Enable
                0x08004f4c       0x20 CMakeFiles/STM32C5_IIS3DWB_Project2.dir/stm32c5xx_drivers/hal/stm32c5xx_hal_cortex.c.obj
 .text.SysTick_SetReload
                0x08004f6c       0x30 CMakeFiles/STM32C5_IIS3DWB_Project2.dir/stm32c5xx_drivers/hal/stm32c5xx_hal_cortex.c.obj
 .text.SysTick_SetCounter
                0x08004f9c       0x20 CMakeFiles/STM32C5_IIS3DWB_Project2.dir/stm32c5xx_drivers/hal/stm32c5xx_hal_cortex.c.obj
 .text.HAL_CORTEX_NVIC_SetPriorityGrouping
                0x08004fbc       0x1a CMakeFiles/STM32C5_IIS3DWB_Project2.dir/stm32c5xx_drivers/hal/stm32c5xx_hal_cortex.c.obj
                0x08004fbc                HAL_CORTEX_NVIC_SetPriorityGrouping
 .text.HAL_CORTEX_NVIC_SetPriority
                0x08004fd6       0x36 CMakeFiles/STM32C5_IIS3DWB_Project2.dir/stm32c5xx_drivers/hal/stm32c5xx_hal_cortex.c.obj
                0x08004fd6                HAL_CORTEX_NVIC_SetPriority
 .text.HAL_CORTEX_SYSTICK_SetFreq
                0x0800500c       0x5a CMakeFiles/STM32C5_IIS3DWB_Project2.dir/stm32c5xx_drivers/hal/stm32c5xx_hal_cortex.c.obj
                0x0800500c                HAL_CORTEX_SYSTICK_SetFreq
 .text.HAL_CORTEX_SYSTICK_SetClkSource
                0x08005066       0x1a CMakeFiles/STM32C5_IIS3DWB_Project2.dir/stm32c5xx_drivers/hal/stm32c5xx_hal_cortex.c.obj
                0x08005066                HAL_CORTEX_SYSTICK_SetClkSource
 .text.HAL_CORTEX_SYSTICK_IRQHandler
                0x08005080        0xc CMakeFiles/STM32C5_IIS3DWB_Project2.dir/stm32c5xx_drivers/hal/stm32c5xx_hal_cortex.c.obj
                0x08005080                HAL_CORTEX_SYSTICK_IRQHandler
 .text.HAL_CORTEX_SYSTICK_Callback
                0x0800508c        0xe CMakeFiles/STM32C5_IIS3DWB_Project2.dir/stm32c5xx_drivers/hal/stm32c5xx_hal_cortex.c.obj
                0x0800508c                HAL_CORTEX_SYSTICK_Callback
 .text.HAL_CORTEX_MPU_Enable
                0x0800509a       0x26 CMakeFiles/STM32C5_IIS3DWB_Project2.dir/stm32c5xx_drivers/hal/stm32c5xx_hal_cortex.c.obj
                0x0800509a                HAL_CORTEX_MPU_Enable
 .text.HAL_CORTEX_MPU_Disable
                0x080050c0        0xc CMakeFiles/STM32C5_IIS3DWB_Project2.dir/stm32c5xx_drivers/hal/stm32c5xx_hal_cortex.c.obj
                0x080050c0                HAL_CORTEX_MPU_Disable
 .text.HAL_CORTEX_MPU_SetCacheMemAttr
                0x080050cc       0x2a CMakeFiles/STM32C5_IIS3DWB_Project2.dir/stm32c5xx_drivers/hal/stm32c5xx_hal_cortex.c.obj
                0x080050cc                HAL_CORTEX_MPU_SetCacheMemAttr
 .text.HAL_CORTEX_MPU_SetConfigRegion
                0x080050f6       0x48 CMakeFiles/STM32C5_IIS3DWB_Project2.dir/stm32c5xx_drivers/hal/stm32c5xx_hal_cortex.c.obj
                0x080050f6                HAL_CORTEX_MPU_SetConfigRegion
 *fill*         0x0800513e        0x2 
 .text.HAL_CORTEX_MPU_EnableRegion
                0x08005140       0x2c CMakeFiles/STM32C5_IIS3DWB_Project2.dir/stm32c5xx_drivers/hal/stm32c5xx_hal_cortex.c.obj
                0x08005140                HAL_CORTEX_MPU_EnableRegion
 .text.LL_FLASH_SetLatency
                0x0800516c       0x26 CMakeFiles/STM32C5_IIS3DWB_Project2.dir/stm32c5xx_drivers/hal/stm32c5xx_hal_flash_itf.c.obj
 .text.LL_FLASH_SetProgrammingDelay
                0x08005192       0x26 CMakeFiles/STM32C5_IIS3DWB_Project2.dir/stm32c5xx_drivers/hal/stm32c5xx_hal_flash_itf.c.obj
 .text.HAL_FLASH_ITF_SetLatency
                0x080051b8       0x24 CMakeFiles/STM32C5_IIS3DWB_Project2.dir/stm32c5xx_drivers/hal/stm32c5xx_hal_flash_itf.c.obj
                0x080051b8                HAL_FLASH_ITF_SetLatency
 .text.HAL_FLASH_ITF_SetProgrammingDelay
                0x080051dc       0x24 CMakeFiles/STM32C5_IIS3DWB_Project2.dir/stm32c5xx_drivers/hal/stm32c5xx_hal_flash_itf.c.obj
                0x080051dc                HAL_FLASH_ITF_SetProgrammingDelay
 .text.LL_GPIO_SetPinMode
                0x08005200       0x9c CMakeFiles/STM32C5_IIS3DWB_Project2.dir/stm32c5xx_drivers/hal/stm32c5xx_hal_gpio.c.obj
 .text.LL_GPIO_SetPinOutputType
                0x0800529c       0x56 CMakeFiles/STM32C5_IIS3DWB_Project2.dir/stm32c5xx_drivers/hal/stm32c5xx_hal_gpio.c.obj
 .text.LL_GPIO_SetPinSpeed
                0x080052f2       0xa0 CMakeFiles/STM32C5_IIS3DWB_Project2.dir/stm32c5xx_drivers/hal/stm32c5xx_hal_gpio.c.obj
 .text.LL_GPIO_SetPinPull
                0x08005392       0xa0 CMakeFiles/STM32C5_IIS3DWB_Project2.dir/stm32c5xx_drivers/hal/stm32c5xx_hal_gpio.c.obj
 .text.LL_GPIO_SetAFPin_0_7
                0x08005432       0xa0 CMakeFiles/STM32C5_IIS3DWB_Project2.dir/stm32c5xx_drivers/hal/stm32c5xx_hal_gpio.c.obj
 .text.LL_GPIO_SetAFPin_8_15
                0x080054d2       0xa4 CMakeFiles/STM32C5_IIS3DWB_Project2.dir/stm32c5xx_drivers/hal/stm32c5xx_hal_gpio.c.obj
 .text.LL_GPIO_WriteOutputPin
                0x08005576       0x2a CMakeFiles/STM32C5_IIS3DWB_Project2.dir/stm32c5xx_drivers/hal/stm32c5xx_hal_gpio.c.obj
 .text.HAL_GPIO_Init
                0x080055a0      0x128 CMakeFiles/STM32C5_IIS3DWB_Project2.dir/stm32c5xx_drivers/hal/stm32c5xx_hal_gpio.c.obj
                0x080055a0                HAL_GPIO_Init
 .text.HAL_GPIO_WritePin
                0x080056c8       0x22 CMakeFiles/STM32C5_IIS3DWB_Project2.dir/stm32c5xx_drivers/hal/stm32c5xx_hal_gpio.c.obj
                0x080056c8                HAL_GPIO_WritePin
 .text.LL_I2C_Enable
                0x080056ea       0x20 CMakeFiles/STM32C5_IIS3DWB_Project2.dir/stm32c5xx_drivers/hal/stm32c5xx_hal_i2c.c.obj
 .text.LL_I2C_Disable
                0x0800570a       0x20 CMakeFiles/STM32C5_IIS3DWB_Project2.dir/stm32c5xx_drivers/hal/stm32c5xx_hal_i2c.c.obj
 .text.LL_I2C_EnableAnalogFilter
                0x0800572a       0x20 CMakeFiles/STM32C5_IIS3DWB_Project2.dir/stm32c5xx_drivers/hal/stm32c5xx_hal_i2c.c.obj
 .text.LL_I2C_SetMasterAddressingMode
                0x0800574a       0x26 CMakeFiles/STM32C5_IIS3DWB_Project2.dir/stm32c5xx_drivers/hal/stm32c5xx_hal_i2c.c.obj
 .text.LL_I2C_DisableOwnAddress1AndMode
                0x08005770       0x20 CMakeFiles/STM32C5_IIS3DWB_Project2.dir/stm32c5xx_drivers/hal/stm32c5xx_hal_i2c.c.obj
 .text.LL_I2C_ConfigOwnAddress1
                0x08005790       0x26 CMakeFiles/STM32C5_IIS3DWB_Project2.dir/stm32c5xx_drivers/hal/stm32c5xx_hal_i2c.c.obj
 .text.LL_I2C_SetTiming
                0x080057b6       0x20 CMakeFiles/STM32C5_IIS3DWB_Project2.dir/stm32c5xx_drivers/hal/stm32c5xx_hal_i2c.c.obj
 .text.LL_I2C_IsActiveFlag
                0x080057d6       0x2a CMakeFiles/STM32C5_IIS3DWB_Project2.dir/stm32c5xx_drivers/hal/stm32c5xx_hal_i2c.c.obj
 .text.LL_I2C_IsActiveFlag_TXE
                0x08005800       0x26 CMakeFiles/STM32C5_IIS3DWB_Project2.dir/stm32c5xx_drivers/hal/stm32c5xx_hal_i2c.c.obj
 .text.LL_I2C_IsActiveFlag_TXIS
                0x08005826       0x26 CMakeFiles/STM32C5_IIS3DWB_Project2.dir/stm32c5xx_drivers/hal/stm32c5xx_hal_i2c.c.obj
 .text.LL_I2C_IsActiveFlag_STOP
                0x0800584c       0x26 CMakeFiles/STM32C5_IIS3DWB_Project2.dir/stm32c5xx_drivers/hal/stm32c5xx_hal_i2c.c.obj
 .text.LL_I2C_IsActiveFlag_BUSY
                0x08005872       0x28 CMakeFiles/STM32C5_IIS3DWB_Project2.dir/stm32c5xx_drivers/hal/stm32c5xx_hal_i2c.c.obj
 .text.LL_I2C_ClearFlag_NACK
                0x0800589a       0x20 CMakeFiles/STM32C5_IIS3DWB_Project2.dir/stm32c5xx_drivers/hal/stm32c5xx_hal_i2c.c.obj
 .text.LL_I2C_ClearFlag_STOP
                0x080058ba       0x20 CMakeFiles/STM32C5_IIS3DWB_Project2.dir/stm32c5xx_drivers/hal/stm32c5xx_hal_i2c.c.obj
 .text.LL_I2C_ClearFlag_TXE
                0x080058da       0x1a CMakeFiles/STM32C5_IIS3DWB_Project2.dir/stm32c5xx_drivers/hal/stm32c5xx_hal_i2c.c.obj
 .text.LL_I2C_ClearFlag_BERR
                0x080058f4       0x20 CMakeFiles/STM32C5_IIS3DWB_Project2.dir/stm32c5xx_drivers/hal/stm32c5xx_hal_i2c.c.obj
 .text.LL_I2C_ClearFlag_ARLO
                0x08005914       0x20 CMakeFiles/STM32C5_IIS3DWB_Project2.dir/stm32c5xx_drivers/hal/stm32c5xx_hal_i2c.c.obj
 .text.LL_I2C_ClearFlag_OVR
                0x08005934       0x20 CMakeFiles/STM32C5_IIS3DWB_Project2.dir/stm32c5xx_drivers/hal/stm32c5xx_hal_i2c.c.obj
 .text.LL_I2C_GenerateStopCondition
                0x08005954       0x20 CMakeFiles/STM32C5_IIS3DWB_Project2.dir/stm32c5xx_drivers/hal/stm32c5xx_hal_i2c.c.obj
 .text.LL_I2C_ReceiveData8
                0x08005974       0x1a CMakeFiles/STM32C5_IIS3DWB_Project2.dir/stm32c5xx_drivers/hal/stm32c5xx_hal_i2c.c.obj
 .text.LL_I2C_TransmitData8
                0x0800598e       0x1e CMakeFiles/STM32C5_IIS3DWB_Project2.dir/stm32c5xx_drivers/hal/stm32c5xx_hal_i2c.c.obj
 .text.HAL_I2C_Init
                0x080059ac       0x6c CMakeFiles/STM32C5_IIS3DWB_Project2.dir/stm32c5xx_drivers/hal/stm32c5xx_hal_i2c.c.obj
                0x080059ac                HAL_I2C_Init
 .text.HAL_I2C_SetConfig
                0x08005a18       0x86 CMakeFiles/STM32C5_IIS3DWB_Project2.dir/stm32c5xx_drivers/hal/stm32c5xx_hal_i2c.c.obj
                0x08005a18                HAL_I2C_SetConfig
 .text.HAL_I2C_EnableAnalogFilter
                0x08005a9e       0x2c CMakeFiles/STM32C5_IIS3DWB_Project2.dir/stm32c5xx_drivers/hal/stm32c5xx_hal_i2c.c.obj
                0x08005a9e                HAL_I2C_EnableAnalogFilter
 *fill*         0x08005aca        0x2 
 .text.HAL_I2C_MASTER_MemWrite
                0x08005acc      0x1c8 CMakeFiles/STM32C5_IIS3DWB_Project2.dir/stm32c5xx_drivers/hal/stm32c5xx_hal_i2c.c.obj
                0x08005acc                HAL_I2C_MASTER_MemWrite
 .text.HAL_I2C_MASTER_MemRead
                0x08005c94      0x1d4 CMakeFiles/STM32C5_IIS3DWB_Project2.dir/stm32c5xx_drivers/hal/stm32c5xx_hal_i2c.c.obj
                0x08005c94                HAL_I2C_MASTER_MemRead
 .text.I2C_RequestMemoryWrite
                0x08005e68       0xa0 CMakeFiles/STM32C5_IIS3DWB_Project2.dir/stm32c5xx_drivers/hal/stm32c5xx_hal_i2c.c.obj
 .text.I2C_RequestMemoryRead
                0x08005f08       0xa0 CMakeFiles/STM32C5_IIS3DWB_Project2.dir/stm32c5xx_drivers/hal/stm32c5xx_hal_i2c.c.obj
 .text.I2C_Flush_TXDR
                0x08005fa8       0x36 CMakeFiles/STM32C5_IIS3DWB_Project2.dir/stm32c5xx_drivers/hal/stm32c5xx_hal_i2c.c.obj
 .text.I2C_WaitOnFlagUntilTimeout
                0x08005fde       0x8c CMakeFiles/STM32C5_IIS3DWB_Project2.dir/stm32c5xx_drivers/hal/stm32c5xx_hal_i2c.c.obj
 .text.I2C_WaitOnTXISFlagUntilTimeout
                0x0800606a       0x82 CMakeFiles/STM32C5_IIS3DWB_Project2.dir/stm32c5xx_drivers/hal/stm32c5xx_hal_i2c.c.obj
 .text.I2C_WaitOnSTOPFlagUntilTimeout
                0x080060ec       0x7a CMakeFiles/STM32C5_IIS3DWB_Project2.dir/stm32c5xx_drivers/hal/stm32c5xx_hal_i2c.c.obj
 *fill*         0x08006166        0x2 
 .text.I2C_IsErrorOccurred
                0x08006168      0x178 CMakeFiles/STM32C5_IIS3DWB_Project2.dir/stm32c5xx_drivers/hal/stm32c5xx_hal_i2c.c.obj
 .text.I2C_TransferConfig
                0x080062e0       0x58 CMakeFiles/STM32C5_IIS3DWB_Project2.dir/stm32c5xx_drivers/hal/stm32c5xx_hal_i2c.c.obj
 .text.LL_ICACHE_Enable
                0x08006338       0x20 CMakeFiles/STM32C5_IIS3DWB_Project2.dir/stm32c5xx_drivers/hal/stm32c5xx_hal_icache.c.obj
 .text.LL_ICACHE_EnableIT
                0x08006358       0x22 CMakeFiles/STM32C5_IIS3DWB_Project2.dir/stm32c5xx_drivers/hal/stm32c5xx_hal_icache.c.obj
 .text.HAL_ICACHE_Init
                0x0800637a       0x28 CMakeFiles/STM32C5_IIS3DWB_Project2.dir/stm32c5xx_drivers/hal/stm32c5xx_hal_icache.c.obj
                0x0800637a                HAL_ICACHE_Init
 .text.HAL_ICACHE_Start
                0x080063a2       0x32 CMakeFiles/STM32C5_IIS3DWB_Project2.dir/stm32c5xx_drivers/hal/stm32c5xx_hal_icache.c.obj
                0x080063a2                HAL_ICACHE_Start
 .text.LL_RCC_LSI_IsReady
                0x080063d4       0x28 CMakeFiles/STM32C5_IIS3DWB_Project2.dir/stm32c5xx_drivers/hal/stm32c5xx_hal_rcc.c.obj
 .text.LL_RCC_HSIS_Enable
                0x080063fc       0x20 CMakeFiles/STM32C5_IIS3DWB_Project2.dir/stm32c5xx_drivers/hal/stm32c5xx_hal_rcc.c.obj
 .text.LL_RCC_HSIS_IsReady
                0x0800641c       0x24 CMakeFiles/STM32C5_IIS3DWB_Project2.dir/stm32c5xx_drivers/hal/stm32c5xx_hal_rcc.c.obj
 .text.LL_RCC_HSIK_IsReady
                0x08006440       0x24 CMakeFiles/STM32C5_IIS3DWB_Project2.dir/stm32c5xx_drivers/hal/stm32c5xx_hal_rcc.c.obj
 .text.LL_RCC_HSIK_GetDivider
                0x08006464       0x1c CMakeFiles/STM32C5_IIS3DWB_Project2.dir/stm32c5xx_drivers/hal/stm32c5xx_hal_rcc.c.obj
 .text.LL_RCC_PSIS_Enable
                0x08006480       0x20 CMakeFiles/STM32C5_IIS3DWB_Project2.dir/stm32c5xx_drivers/hal/stm32c5xx_hal_rcc.c.obj
 .text.LL_RCC_PSIS_IsReady
                0x080064a0       0x28 CMakeFiles/STM32C5_IIS3DWB_Project2.dir/stm32c5xx_drivers/hal/stm32c5xx_hal_rcc.c.obj
 .text.LL_RCC_PSIDIV3_IsReady
                0x080064c8       0x28 CMakeFiles/STM32C5_IIS3DWB_Project2.dir/stm32c5xx_drivers/hal/stm32c5xx_hal_rcc.c.obj
 .text.LL_RCC_PSIK_IsReady
                0x080064f0       0x28 CMakeFiles/STM32C5_IIS3DWB_Project2.dir/stm32c5xx_drivers/hal/stm32c5xx_hal_rcc.c.obj
 .text.LL_RCC_PSIK_GetDivider
                0x08006518       0x1c CMakeFiles/STM32C5_IIS3DWB_Project2.dir/stm32c5xx_drivers/hal/stm32c5xx_hal_rcc.c.obj
 .text.LL_RCC_ConfigPSI
                0x08006534       0x38 CMakeFiles/STM32C5_IIS3DWB_Project2.dir/stm32c5xx_drivers/hal/stm32c5xx_hal_rcc.c.obj
 .text.LL_RCC_GetConfigPSI
                0x0800656c       0x40 CMakeFiles/STM32C5_IIS3DWB_Project2.dir/stm32c5xx_drivers/hal/stm32c5xx_hal_rcc.c.obj
 .text.LL_RCC_SetSysClkSource
                0x080065ac       0x28 CMakeFiles/STM32C5_IIS3DWB_Project2.dir/stm32c5xx_drivers/hal/stm32c5xx_hal_rcc.c.obj
 .text.LL_RCC_GetSysClkSource
                0x080065d4       0x1c CMakeFiles/STM32C5_IIS3DWB_Project2.dir/stm32c5xx_drivers/hal/stm32c5xx_hal_rcc.c.obj
 .text.LL_RCC_GetAHBPrescaler
                0x080065f0       0x1c CMakeFiles/STM32C5_IIS3DWB_Project2.dir/stm32c5xx_drivers/hal/stm32c5xx_hal_rcc.c.obj
 .text.LL_RCC_GetSystickClockSource
                0x0800660c       0x1c CMakeFiles/STM32C5_IIS3DWB_Project2.dir/stm32c5xx_drivers/hal/stm32c5xx_hal_rcc.c.obj
 .text.LL_RCC_GetAPB1Prescaler
                0x08006628       0x1c CMakeFiles/STM32C5_IIS3DWB_Project2.dir/stm32c5xx_drivers/hal/stm32c5xx_hal_rcc.c.obj
 .text.LL_RCC_GetAPB2Prescaler
                0x08006644       0x1c CMakeFiles/STM32C5_IIS3DWB_Project2.dir/stm32c5xx_drivers/hal/stm32c5xx_hal_rcc.c.obj
 .text.LL_RCC_GetAPB3Prescaler
                0x08006660       0x1c CMakeFiles/STM32C5_IIS3DWB_Project2.dir/stm32c5xx_drivers/hal/stm32c5xx_hal_rcc.c.obj
 .text.LL_RCC_ConfigBusClock
                0x0800667c       0x2c CMakeFiles/STM32C5_IIS3DWB_Project2.dir/stm32c5xx_drivers/hal/stm32c5xx_hal_rcc.c.obj
 .text.LL_RCC_SetClockSource
                0x080066a8       0x54 CMakeFiles/STM32C5_IIS3DWB_Project2.dir/stm32c5xx_drivers/hal/stm32c5xx_hal_rcc.c.obj
 .text.LL_RCC_SetUSARTClockSource
                0x080066fc       0x16 CMakeFiles/STM32C5_IIS3DWB_Project2.dir/stm32c5xx_drivers/hal/stm32c5xx_hal_rcc.c.obj
 .text.LL_RCC_SetI2CClockSource
                0x08006712       0x16 CMakeFiles/STM32C5_IIS3DWB_Project2.dir/stm32c5xx_drivers/hal/stm32c5xx_hal_rcc.c.obj
 .text.LL_RCC_GetClockSource
                0x08006728       0x48 CMakeFiles/STM32C5_IIS3DWB_Project2.dir/stm32c5xx_drivers/hal/stm32c5xx_hal_rcc.c.obj
 .text.LL_RCC_GetUSARTClockSource
                0x08006770       0x18 CMakeFiles/STM32C5_IIS3DWB_Project2.dir/stm32c5xx_drivers/hal/stm32c5xx_hal_rcc.c.obj
 .text.LL_RCC_GetUARTClockSource
                0x08006788       0x18 CMakeFiles/STM32C5_IIS3DWB_Project2.dir/stm32c5xx_drivers/hal/stm32c5xx_hal_rcc.c.obj
 .text.LL_RCC_GetLPUARTClockSource
                0x080067a0       0x24 CMakeFiles/STM32C5_IIS3DWB_Project2.dir/stm32c5xx_drivers/hal/stm32c5xx_hal_rcc.c.obj
 .text.HAL_RCC_HSIS_Enable
                0x080067c4       0x1c CMakeFiles/STM32C5_IIS3DWB_Project2.dir/stm32c5xx_drivers/hal/stm32c5xx_hal_rcc.c.obj
                0x080067c4                HAL_RCC_HSIS_Enable
 .text.HAL_RCC_PSIS_Enable
                0x080067e0       0x1c CMakeFiles/STM32C5_IIS3DWB_Project2.dir/stm32c5xx_drivers/hal/stm32c5xx_hal_rcc.c.obj
                0x080067e0                HAL_RCC_PSIS_Enable
 .text.HAL_RCC_PSI_SetConfig
                0x080067fc       0x50 CMakeFiles/STM32C5_IIS3DWB_Project2.dir/stm32c5xx_drivers/hal/stm32c5xx_hal_rcc.c.obj
                0x080067fc                HAL_RCC_PSI_SetConfig
 .text.HAL_RCC_PSI_GetConfig
                0x0800684c       0x34 CMakeFiles/STM32C5_IIS3DWB_Project2.dir/stm32c5xx_drivers/hal/stm32c5xx_hal_rcc.c.obj
                0x0800684c                HAL_RCC_PSI_GetConfig
 .text.HAL_RCC_SetSYSCLKSource
                0x08006880       0x52 CMakeFiles/STM32C5_IIS3DWB_Project2.dir/stm32c5xx_drivers/hal/stm32c5xx_hal_rcc.c.obj
                0x08006880                HAL_RCC_SetSYSCLKSource
 .text.HAL_RCC_GetSYSCLKSource
                0x080068d2       0x12 CMakeFiles/STM32C5_IIS3DWB_Project2.dir/stm32c5xx_drivers/hal/stm32c5xx_hal_rcc.c.obj
                0x080068d2                HAL_RCC_GetSYSCLKSource
 .text.HAL_RCC_SetBusClockConfig
                0x080068e4       0x38 CMakeFiles/STM32C5_IIS3DWB_Project2.dir/stm32c5xx_drivers/hal/stm32c5xx_hal_rcc.c.obj
                0x080068e4                HAL_RCC_SetBusClockConfig
 .text.HAL_RCC_GetPSIClockFreq
                0x0800691c       0x9c CMakeFiles/STM32C5_IIS3DWB_Project2.dir/stm32c5xx_drivers/hal/stm32c5xx_hal_rcc.c.obj
                0x0800691c                HAL_RCC_GetPSIClockFreq
 .text.HAL_RCC_GetSYSCLKFreq
                0x080069b8       0x3c CMakeFiles/STM32C5_IIS3DWB_Project2.dir/stm32c5xx_drivers/hal/stm32c5xx_hal_rcc.c.obj
                0x080069b8                HAL_RCC_GetSYSCLKFreq
 .text.HAL_RCC_GetHCLKFreq
                0x080069f4       0x20 CMakeFiles/STM32C5_IIS3DWB_Project2.dir/stm32c5xx_drivers/hal/stm32c5xx_hal_rcc.c.obj
                0x080069f4                HAL_RCC_GetHCLKFreq
 .text.HAL_RCC_GetPCLK1Freq
                0x08006a14       0x24 CMakeFiles/STM32C5_IIS3DWB_Project2.dir/stm32c5xx_drivers/hal/stm32c5xx_hal_rcc.c.obj
                0x08006a14                HAL_RCC_GetPCLK1Freq
 .text.HAL_RCC_GetPCLK2Freq
                0x08006a38       0x24 CMakeFiles/STM32C5_IIS3DWB_Project2.dir/stm32c5xx_drivers/hal/stm32c5xx_hal_rcc.c.obj
                0x08006a38                HAL_RCC_GetPCLK2Freq
 .text.HAL_RCC_GetPCLK3Freq
                0x08006a5c       0x24 CMakeFiles/STM32C5_IIS3DWB_Project2.dir/stm32c5xx_drivers/hal/stm32c5xx_hal_rcc.c.obj
                0x08006a5c                HAL_RCC_GetPCLK3Freq
 .text.HAL_RCC_USART1_SetKernelClkSource
                0x08006a80       0x1e CMakeFiles/STM32C5_IIS3DWB_Project2.dir/stm32c5xx_drivers/hal/stm32c5xx_hal_rcc.c.obj
                0x08006a80                HAL_RCC_USART1_SetKernelClkSource
 .text.HAL_RCC_I2C1_SetKernelClkSource
                0x08006a9e       0x1a CMakeFiles/STM32C5_IIS3DWB_Project2.dir/stm32c5xx_drivers/hal/stm32c5xx_hal_rcc.c.obj
                0x08006a9e                HAL_RCC_I2C1_SetKernelClkSource
 .text.HAL_RCC_UART_GetKernelClkFreq
                0x08006ab8       0x88 CMakeFiles/STM32C5_IIS3DWB_Project2.dir/stm32c5xx_drivers/hal/stm32c5xx_hal_rcc.c.obj
                0x08006ab8                HAL_RCC_UART_GetKernelClkFreq
 .text.HAL_RCC_USART1_GetKernelClkFreq
                0x08006b40       0xb0 CMakeFiles/STM32C5_IIS3DWB_Project2.dir/stm32c5xx_drivers/hal/stm32c5xx_hal_rcc.c.obj
                0x08006b40                HAL_RCC_USART1_GetKernelClkFreq
 .text.HAL_RCC_USART2_GetKernelClkFreq
                0x08006bf0       0xb4 CMakeFiles/STM32C5_IIS3DWB_Project2.dir/stm32c5xx_drivers/hal/stm32c5xx_hal_rcc.c.obj
                0x08006bf0                HAL_RCC_USART2_GetKernelClkFreq
 .text.HAL_RCC_UART4_GetKernelClkFreq
                0x08006ca4       0xb4 CMakeFiles/STM32C5_IIS3DWB_Project2.dir/stm32c5xx_drivers/hal/stm32c5xx_hal_rcc.c.obj
                0x08006ca4                HAL_RCC_UART4_GetKernelClkFreq
 .text.HAL_RCC_UART5_GetKernelClkFreq
                0x08006d58       0xb4 CMakeFiles/STM32C5_IIS3DWB_Project2.dir/stm32c5xx_drivers/hal/stm32c5xx_hal_rcc.c.obj
                0x08006d58                HAL_RCC_UART5_GetKernelClkFreq
 .text.HAL_RCC_LPUART1_GetKernelClkFreq
                0x08006e0c       0x88 CMakeFiles/STM32C5_IIS3DWB_Project2.dir/stm32c5xx_drivers/hal/stm32c5xx_hal_rcc.c.obj
                0x08006e0c                HAL_RCC_LPUART1_GetKernelClkFreq
 .text.HAL_RCC_GetSysTickExternalClkFreq
                0x08006e94       0x3e CMakeFiles/STM32C5_IIS3DWB_Project2.dir/stm32c5xx_drivers/hal/stm32c5xx_hal_rcc.c.obj
                0x08006e94                HAL_RCC_GetSysTickExternalClkFreq
 .text.RCC_WaitForTimeout
                0x08006ed2       0x54 CMakeFiles/STM32C5_IIS3DWB_Project2.dir/stm32c5xx_drivers/hal/stm32c5xx_hal_rcc.c.obj
 .text.RCC_GetDividerValue
                0x08006f26      0x132 CMakeFiles/STM32C5_IIS3DWB_Project2.dir/stm32c5xx_drivers/hal/stm32c5xx_hal_rcc.c.obj
 .text.LL_USART_Enable
                0x08007058       0x20 CMakeFiles/STM32C5_IIS3DWB_Project2.dir/stm32c5xx_drivers/hal/stm32c5xx_hal_uart.c.obj
 .text.LL_USART_Disable
                0x08007078       0x20 CMakeFiles/STM32C5_IIS3DWB_Project2.dir/stm32c5xx_drivers/hal/stm32c5xx_hal_uart.c.obj
 .text.LL_USART_IsEnabled
                0x08007098       0x26 CMakeFiles/STM32C5_IIS3DWB_Project2.dir/stm32c5xx_drivers/hal/stm32c5xx_hal_uart.c.obj
 *fill*         0x080070be        0x2 
 .text.LL_USART_ConfigXfer
                0x080070c0       0x3c CMakeFiles/STM32C5_IIS3DWB_Project2.dir/stm32c5xx_drivers/hal/stm32c5xx_hal_uart.c.obj
 .text.LL_USART_IsEnabledDirectionRx
                0x080070fc       0x26 CMakeFiles/STM32C5_IIS3DWB_Project2.dir/stm32c5xx_drivers/hal/stm32c5xx_hal_uart.c.obj
 .text.LL_USART_IsEnabledDirectionTx
                0x08007122       0x26 CMakeFiles/STM32C5_IIS3DWB_Project2.dir/stm32c5xx_drivers/hal/stm32c5xx_hal_uart.c.obj
 .text.LL_USART_SetTransferDirection
                0x08007148       0x48 CMakeFiles/STM32C5_IIS3DWB_Project2.dir/stm32c5xx_drivers/hal/stm32c5xx_hal_uart.c.obj
 .text.LL_USART_SetPrescaler
                0x08007190       0x28 CMakeFiles/STM32C5_IIS3DWB_Project2.dir/stm32c5xx_drivers/hal/stm32c5xx_hal_uart.c.obj
 .text.LL_USART_SetHWFlowCtrl
                0x080071b8       0x26 CMakeFiles/STM32C5_IIS3DWB_Project2.dir/stm32c5xx_drivers/hal/stm32c5xx_hal_uart.c.obj
 .text.LL_USART_EnableOneBitSample
                0x080071de       0x20 CMakeFiles/STM32C5_IIS3DWB_Project2.dir/stm32c5xx_drivers/hal/stm32c5xx_hal_uart.c.obj
 .text.LL_USART_DisableOneBitSample
                0x080071fe       0x20 CMakeFiles/STM32C5_IIS3DWB_Project2.dir/stm32c5xx_drivers/hal/stm32c5xx_hal_uart.c.obj
 *fill*         0x0800721e        0x2 
 .text.LL_USART_SetBaudRate
                0x08007220       0x9c CMakeFiles/STM32C5_IIS3DWB_Project2.dir/stm32c5xx_drivers/hal/stm32c5xx_hal_uart.c.obj
 .text.LL_USART_IsEnabledHalfDuplex
                0x080072bc       0x26 CMakeFiles/STM32C5_IIS3DWB_Project2.dir/stm32c5xx_drivers/hal/stm32c5xx_hal_uart.c.obj
 .text.LL_USART_ConfigAsyncMode
                0x080072e2       0x2c CMakeFiles/STM32C5_IIS3DWB_Project2.dir/stm32c5xx_drivers/hal/stm32c5xx_hal_uart.c.obj
 .text.LL_USART_IsActiveFlag_RTO
                0x0800730e       0x28 CMakeFiles/STM32C5_IIS3DWB_Project2.dir/stm32c5xx_drivers/hal/stm32c5xx_hal_uart.c.obj
 .text.LL_USART_IsActiveFlag_TEACK
                0x08007336       0x28 CMakeFiles/STM32C5_IIS3DWB_Project2.dir/stm32c5xx_drivers/hal/stm32c5xx_hal_uart.c.obj
 .text.LL_USART_IsActiveFlag_REACK
                0x0800735e       0x28 CMakeFiles/STM32C5_IIS3DWB_Project2.dir/stm32c5xx_drivers/hal/stm32c5xx_hal_uart.c.obj
 .text.LL_USART_ClearFlag_RTO
                0x08007386       0x1c CMakeFiles/STM32C5_IIS3DWB_Project2.dir/stm32c5xx_drivers/hal/stm32c5xx_hal_uart.c.obj
 .text.LL_USART_DisableIT_CR1
                0x080073a2       0x46 CMakeFiles/STM32C5_IIS3DWB_Project2.dir/stm32c5xx_drivers/hal/stm32c5xx_hal_uart.c.obj
 .text.LL_USART_DisableIT_CR3
                0x080073e8       0x4a CMakeFiles/STM32C5_IIS3DWB_Project2.dir/stm32c5xx_drivers/hal/stm32c5xx_hal_uart.c.obj
 .text.LL_USART_TransmitData8
                0x08007432       0x1e CMakeFiles/STM32C5_IIS3DWB_Project2.dir/stm32c5xx_drivers/hal/stm32c5xx_hal_uart.c.obj
 .text.LL_USART_TransmitData9
                0x08007450       0x22 CMakeFiles/STM32C5_IIS3DWB_Project2.dir/stm32c5xx_drivers/hal/stm32c5xx_hal_uart.c.obj
 *fill*         0x08007472        0x2 
 .text.LL_LPUART_DIV
                0x08007474       0x8c CMakeFiles/STM32C5_IIS3DWB_Project2.dir/stm32c5xx_drivers/hal/stm32c5xx_hal_uart.c.obj
 .text.LL_LPUART_ConfigXfer
                0x08007500       0x3c CMakeFiles/STM32C5_IIS3DWB_Project2.dir/stm32c5xx_drivers/hal/stm32c5xx_hal_uart.c.obj
 .text.LL_LPUART_SetBaudRate
                0x0800753c       0x2c CMakeFiles/STM32C5_IIS3DWB_Project2.dir/stm32c5xx_drivers/hal/stm32c5xx_hal_uart.c.obj
 .text.HAL_UART_Init
                0x08007568       0x52 CMakeFiles/STM32C5_IIS3DWB_Project2.dir/stm32c5xx_drivers/hal/stm32c5xx_hal_uart.c.obj
                0x08007568                HAL_UART_Init
 *fill*         0x080075ba        0x2 
 .text.HAL_UART_SetConfig
                0x080075bc      0x12c CMakeFiles/STM32C5_IIS3DWB_Project2.dir/stm32c5xx_drivers/hal/stm32c5xx_hal_uart.c.obj
                0x080075bc                HAL_UART_SetConfig
 .text.HAL_UART_Transmit
                0x080076e8      0x12c CMakeFiles/STM32C5_IIS3DWB_Project2.dir/stm32c5xx_drivers/hal/stm32c5xx_hal_uart.c.obj
                0x080076e8                HAL_UART_Transmit
 .text.UART_CheckEnabledState
                0x08007814       0xb0 CMakeFiles/STM32C5_IIS3DWB_Project2.dir/stm32c5xx_drivers/hal/stm32c5xx_hal_uart.c.obj
 .text.UART_WaitOnFlagUntilTimeout
                0x080078c4       0xb6 CMakeFiles/STM32C5_IIS3DWB_Project2.dir/stm32c5xx_drivers/hal/stm32c5xx_hal_uart.c.obj
 .text._getpid  0x0800797a       0x10 CMakeFiles/STM32C5_IIS3DWB_Project2.dir/utilities/syscalls/syscalls.c.obj
                0x0800797a                _getpid
 .text._kill    0x0800798a       0x20 CMakeFiles/STM32C5_IIS3DWB_Project2.dir/utilities/syscalls/syscalls.c.obj
                0x0800798a                _kill
 .text._exit    0x080079aa       0x16 CMakeFiles/STM32C5_IIS3DWB_Project2.dir/utilities/syscalls/syscalls.c.obj
                0x080079aa                _exit
 .text._read    0x080079c0       0x3a CMakeFiles/STM32C5_IIS3DWB_Project2.dir/utilities/syscalls/syscalls.c.obj
                0x080079c0                _read
 .text._write   0x080079fa       0x38 CMakeFiles/STM32C5_IIS3DWB_Project2.dir/utilities/syscalls/syscalls.c.obj
                0x080079fa                _write
 .text._close   0x08007a32       0x18 CMakeFiles/STM32C5_IIS3DWB_Project2.dir/utilities/syscalls/syscalls.c.obj
                0x08007a32                _close
 .text._fstat   0x08007a4a       0x20 CMakeFiles/STM32C5_IIS3DWB_Project2.dir/utilities/syscalls/syscalls.c.obj
                0x08007a4a                _fstat
 .text._isatty  0x08007a6a       0x16 CMakeFiles/STM32C5_IIS3DWB_Project2.dir/utilities/syscalls/syscalls.c.obj
                0x08007a6a                _isatty
 .text._lseek   0x08007a80       0x1a CMakeFiles/STM32C5_IIS3DWB_Project2.dir/utilities/syscalls/syscalls.c.obj
                0x08007a80                _lseek
 *fill*         0x08007a9a        0x2 
 .text._sbrk    0x08007a9c       0x6c CMakeFiles/STM32C5_IIS3DWB_Project2.dir/utilities/syscalls/sysmem.c.obj
                0x08007a9c                _sbrk
 .text.snprintf
                0x08007b08       0x6c C:/ST/STM32CubeIDE_2.1.1/STM32CubeIDE/plugins/com.st.stm32cube.ide.mcu.externaltools.gnu-tools-for-stm32.14.3.rel1.win32_1.0.100.202602081740/tools/bin/../lib/gcc/arm-none-eabi/14.3.1/../../../../arm-none-eabi/lib/thumb/v8-m.main+fp/hard\libc_nano.a(libc_a-snprintf.o)
                0x08007b08                sniprintf
                0x08007b08                snprintf
 .text.__errno  0x08007b74        0xc C:/ST/STM32CubeIDE_2.1.1/STM32CubeIDE/plugins/com.st.stm32cube.ide.mcu.externaltools.gnu-tools-for-stm32.14.3.rel1.win32_1.0.100.202602081740/tools/bin/../lib/gcc/arm-none-eabi/14.3.1/../../../../arm-none-eabi/lib/thumb/v8-m.main+fp/hard\libc_nano.a(libc_a-errno.o)
                0x08007b74                __errno
 .text.__ssputs_r
                0x08007b80       0xc0 C:/ST/STM32CubeIDE_2.1.1/STM32CubeIDE/plugins/com.st.stm32cube.ide.mcu.externaltools.gnu-tools-for-stm32.14.3.rel1.win32_1.0.100.202602081740/tools/bin/../lib/gcc/arm-none-eabi/14.3.1/../../../../arm-none-eabi/lib/thumb/v8-m.main+fp/hard\libc_nano.a(libc_a-nano-svfprintf.o)
                0x08007b80                __ssputs_r
 .text._svfprintf_r
                0x08007c40      0x1f0 C:/ST/STM32CubeIDE_2.1.1/STM32CubeIDE/plugins/com.st.stm32cube.ide.mcu.externaltools.gnu-tools-for-stm32.14.3.rel1.win32_1.0.100.202602081740/tools/bin/../lib/gcc/arm-none-eabi/14.3.1/../../../../arm-none-eabi/lib/thumb/v8-m.main+fp/hard\libc_nano.a(libc_a-nano-svfprintf.o)
                0x08007c40                _svfiprintf_r
                0x08007c40                _svfprintf_r
 *(.glue_7)
 .glue_7        0x08007e30        0x0 linker stubs
 *(.glue_7t)
 .glue_7t       0x08007e30        0x0 linker stubs
 *(.eh_frame)
 .eh_frame      0x08007e30        0x0 C:/ST/STM32CubeIDE_2.1.1/STM32CubeIDE/plugins/com.st.stm32cube.ide.mcu.externaltools.gnu-tools-for-stm32.14.3.rel1.win32_1.0.100.202602081740/tools/bin/../lib/gcc/arm-none-eabi/14.3.1/thumb/v8-m.main+fp/hard/crtbegin.o
 *(.init)
 .init          0x08007e30        0x4 C:/ST/STM32CubeIDE_2.1.1/STM32CubeIDE/plugins/com.st.stm32cube.ide.mcu.externaltools.gnu-tools-for-stm32.14.3.rel1.win32_1.0.100.202602081740/tools/bin/../lib/gcc/arm-none-eabi/14.3.1/thumb/v8-m.main+fp/hard/crti.o
                0x08007e30                _init
 .init          0x08007e34        0x8 C:/ST/STM32CubeIDE_2.1.1/STM32CubeIDE/plugins/com.st.stm32cube.ide.mcu.externaltools.gnu-tools-for-stm32.14.3.rel1.win32_1.0.100.202602081740/tools/bin/../lib/gcc/arm-none-eabi/14.3.1/thumb/v8-m.main+fp/hard/crtn.o
 *(.fini)
 .fini          0x08007e3c        0x4 C:/ST/STM32CubeIDE_2.1.1/STM32CubeIDE/plugins/com.st.stm32cube.ide.mcu.externaltools.gnu-tools-for-stm32.14.3.rel1.win32_1.0.100.202602081740/tools/bin/../lib/gcc/arm-none-eabi/14.3.1/thumb/v8-m.main+fp/hard/crti.o
                0x08007e3c                _fini
 .fini          0x08007e40        0x8 C:/ST/STM32CubeIDE_2.1.1/STM32CubeIDE/plugins/com.st.stm32cube.ide.mcu.externaltools.gnu-tools-for-stm32.14.3.rel1.win32_1.0.100.202602081740/tools/bin/../lib/gcc/arm-none-eabi/14.3.1/thumb/v8-m.main+fp/hard/crtn.o
                0x08007e48                        . = ALIGN (0x8)
                0x08007e48                        _etext = .

.vfp11_veneer   0x08007e48        0x0
 .vfp11_veneer  0x08007e48        0x0 linker stubs

.v4_bx          0x08007e48        0x0
 .v4_bx         0x08007e48        0x0 linker stubs

.iplt           0x08007e48        0x0
 .iplt          0x08007e48        0x0 C:/ST/STM32CubeIDE_2.1.1/STM32CubeIDE/plugins/com.st.stm32cube.ide.mcu.externaltools.gnu-tools-for-stm32.14.3.rel1.win32_1.0.100.202602081740/tools/bin/../lib/gcc/arm-none-eabi/14.3.1/thumb/v8-m.main+fp/hard/crtbegin.o

.rodata         0x08007e48      0x4b0
                0x08007e48                        . = ALIGN (0x8)
 *(.rodata)
 .rodata        0x08007e48       0xc3 CMakeFiles/STM32C5_IIS3DWB_Project2.dir/main.c.obj
 *(.rodata*)
 .rodata._printf_float.str1.1
                0x08007f0b      0x171 C:/ST/STM32CubeIDE_2.1.1/STM32CubeIDE/plugins/com.st.stm32cube.ide.mcu.externaltools.gnu-tools-for-stm32.14.3.rel1.win32_1.0.100.202602081740/tools/bin/../lib/gcc/arm-none-eabi/14.3.1/../../../../arm-none-eabi/lib/thumb/v8-m.main+fp/hard\libc_nano.a(libc_a-nano-vfprintf_float.o)
                                 0x12 (size before relaxing)
 .rodata._printf_i.str1.1
                0x0800807c       0x22 C:/ST/STM32CubeIDE_2.1.1/STM32CubeIDE/plugins/com.st.stm32cube.ide.mcu.externaltools.gnu-tools-for-stm32.14.3.rel1.win32_1.0.100.202602081740/tools/bin/../lib/gcc/arm-none-eabi/14.3.1/../../../../arm-none-eabi/lib/thumb/v8-m.main+fp/hard\libc_nano.a(libc_a-nano-vfprintf_i.o)
 .rodata._dtoa_r.str1.1
                0x0800807c       0x8f C:/ST/STM32CubeIDE_2.1.1/STM32CubeIDE/plugins/com.st.stm32cube.ide.mcu.externaltools.gnu-tools-for-stm32.14.3.rel1.win32_1.0.100.202602081740/tools/bin/../lib/gcc/arm-none-eabi/14.3.1/../../../../arm-none-eabi/lib/thumb/v8-m.main+fp/hard\libc_nano.a(libc_a-dtoa.o)
 .rodata._Balloc.str1.1
                0x0800807c       0x70 C:/ST/STM32CubeIDE_2.1.1/STM32CubeIDE/plugins/com.st.stm32cube.ide.mcu.externaltools.gnu-tools-for-stm32.14.3.rel1.win32_1.0.100.202602081740/tools/bin/../lib/gcc/arm-none-eabi/14.3.1/../../../../arm-none-eabi/lib/thumb/v8-m.main+fp/hard\libc_nano.a(libc_a-mprec.o)
 .rodata.__multadd.str1.1
                0x0800807c       0x11 C:/ST/STM32CubeIDE_2.1.1/STM32CubeIDE/plugins/com.st.stm32cube.ide.mcu.externaltools.gnu-tools-for-stm32.14.3.rel1.win32_1.0.100.202602081740/tools/bin/../lib/gcc/arm-none-eabi/14.3.1/../../../../arm-none-eabi/lib/thumb/v8-m.main+fp/hard\libc_nano.a(libc_a-mprec.o)
 .rodata.p05.0  0x0800807c        0xc C:/ST/STM32CubeIDE_2.1.1/STM32CubeIDE/plugins/com.st.stm32cube.ide.mcu.externaltools.gnu-tools-for-stm32.14.3.rel1.win32_1.0.100.202602081740/tools/bin/../lib/gcc/arm-none-eabi/14.3.1/../../../../arm-none-eabi/lib/thumb/v8-m.main+fp/hard\libc_nano.a(libc_a-mprec.o)
 .rodata.__mprec_bigtens
                0x08008088       0x28 C:/ST/STM32CubeIDE_2.1.1/STM32CubeIDE/plugins/com.st.stm32cube.ide.mcu.externaltools.gnu-tools-for-stm32.14.3.rel1.win32_1.0.100.202602081740/tools/bin/../lib/gcc/arm-none-eabi/14.3.1/../../../../arm-none-eabi/lib/thumb/v8-m.main+fp/hard\libc_nano.a(libc_a-mprec.o)
                0x08008088                __mprec_bigtens
 .rodata.__mprec_tens
                0x080080b0       0xc8 C:/ST/STM32CubeIDE_2.1.1/STM32CubeIDE/plugins/com.st.stm32cube.ide.mcu.externaltools.gnu-tools-for-stm32.14.3.rel1.win32_1.0.100.202602081740/tools/bin/../lib/gcc/arm-none-eabi/14.3.1/../../../../arm-none-eabi/lib/thumb/v8-m.main+fp/hard\libc_nano.a(libc_a-mprec.o)
                0x080080b0                __mprec_tens
 .rodata._setlocale_r.str1.1
                0x08008178        0x9 C:/ST/STM32CubeIDE_2.1.1/STM32CubeIDE/plugins/com.st.stm32cube.ide.mcu.externaltools.gnu-tools-for-stm32.14.3.rel1.win32_1.0.100.202602081740/tools/bin/../lib/gcc/arm-none-eabi/14.3.1/../../../../arm-none-eabi/lib/thumb/v8-m.main+fp/hard\libc_nano.a(libc_a-locale.o)
 .rodata.str1.1
                0x08008178        0x2 C:/ST/STM32CubeIDE_2.1.1/STM32CubeIDE/plugins/com.st.stm32cube.ide.mcu.externaltools.gnu-tools-for-stm32.14.3.rel1.win32_1.0.100.202602081740/tools/bin/../lib/gcc/arm-none-eabi/14.3.1/../../../../arm-none-eabi/lib/thumb/v8-m.main+fp/hard\libc_nano.a(libc_a-locale.o)
 .rodata.__assert_func.str1.1
                0x08008178       0x3d C:/ST/STM32CubeIDE_2.1.1/STM32CubeIDE/plugins/com.st.stm32cube.ide.mcu.externaltools.gnu-tools-for-stm32.14.3.rel1.win32_1.0.100.202602081740/tools/bin/../lib/gcc/arm-none-eabi/14.3.1/../../../../arm-none-eabi/lib/thumb/v8-m.main+fp/hard\libc_nano.a(libc_a-assert.o)
 .rodata._ctype_
                0x08008178      0x101 C:/ST/STM32CubeIDE_2.1.1/STM32CubeIDE/plugins/com.st.stm32cube.ide.mcu.externaltools.gnu-tools-for-stm32.14.3.rel1.win32_1.0.100.202602081740/tools/bin/../lib/gcc/arm-none-eabi/14.3.1/../../../../arm-none-eabi/lib/thumb/v8-m.main+fp/hard\libc_nano.a(libc_a-ctype_.o)
                0x08008178                _ctype_
 .rodata._vfprintf_r.str1.1
                0x08008279       0x11 C:/ST/STM32CubeIDE_2.1.1/STM32CubeIDE/plugins/com.st.stm32cube.ide.mcu.externaltools.gnu-tools-for-stm32.14.3.rel1.win32_1.0.100.202602081740/tools/bin/../lib/gcc/arm-none-eabi/14.3.1/../../../../arm-none-eabi/lib/thumb/v8-m.main+fp/hard\libc_nano.a(libc_a-nano-vfprintf.o)
 *fill*         0x08008279        0x3 
 .rodata.AHBPrescTable