D:/STM32C5/STM32C5_IIS3DWB_Project2/STM32C5_IIS3DWB_Project2_cmake/main.c:56:5:main	48	static
D:/STM32C5/STM32C5_IIS3DWB_Project2/STM32C5_IIS3DWB_Project2_cmake/main.c:171:16:platform_write	40	static
D:/STM32C5/STM32C5_IIS3DWB_Project2/STM32C5_IIS3DWB_Project2_cmake/main.c:185:16:platform_read	40	static
D:/STM32C5/STM32C5_IIS3DWB_Project2/STM32C5_IIS3DWB_Project2_cmake/main.c:199:13:tx_com	24	static
D:/STM32C5/STM32C5_IIS3DWB_Project2/STM32C5_IIS3DWB_Project2_cmake/main.c:209:13:platform_delay	16	static
D:/STM32C5/STM32C5_IIS3DWB_Project2/STM32C5_IIS3DWB_Project2_cmake/main.c:215:13:platform_init	8	static
