E:/STM32C5/STM32C5_IIS3DWB_Project1/STM32C5_IIS3DWB_Project1_cmake/stm32c5xx_drivers/ll/stm32c5xx_ll_bus.h:878:22:LL_AHB2_GRP1_EnableClock	48	static,ignoring_inline_asm
E:/STM32C5/STM32C5_IIS3DWB_Project1/STM32C5_IIS3DWB_Project1_cmake/stm32c5xx_drivers/ll/stm32c5xx_ll_bus.h:2330:22:LL_APB2_GRP1_EnableClock	48	static,ignoring_inline_asm
E:/STM32C5/STM32C5_IIS3DWB_Project1/STM32C5_IIS3DWB_Project1_cmake/stm32c5xx_drivers/ll/stm32c5xx_ll_bus.h:2416:22:LL_APB2_GRP1_DisableClock	40	static,ignoring_inline_asm
E:/STM32C5/STM32C5_IIS3DWB_Project1/STM32C5_IIS3DWB_Project1_cmake/stm32c5xx_drivers/ll/stm32c5xx_ll_bus.h:2451:22:LL_APB2_GRP1_ForceReset	16	static
E:/STM32C5/STM32C5_IIS3DWB_Project1/STM32C5_IIS3DWB_Project1_cmake/stm32c5xx_drivers/ll/stm32c5xx_ll_bus.h:2486:22:LL_APB2_GRP1_ReleaseReset	16	static
E:/STM32C5/STM32C5_IIS3DWB_Project1/STM32C5_IIS3DWB_Project1_cmake/stm32c5xx_drivers/hal/stm32c5xx_hal_rcc.h:1355:22:HAL_RCC_GPIOA_EnableClock	8	static
E:/STM32C5/STM32C5_IIS3DWB_Project1/STM32C5_IIS3DWB_Project1_cmake/stm32c5xx_drivers/hal/stm32c5xx_hal_rcc.h:2121:22:HAL_RCC_SPI1_EnableClock	8	static
E:/STM32C5/STM32C5_IIS3DWB_Project1/STM32C5_IIS3DWB_Project1_cmake/stm32c5xx_drivers/hal/stm32c5xx_hal_rcc.h:2192:22:HAL_RCC_SPI1_DisableClock	8	static
E:/STM32C5/STM32C5_IIS3DWB_Project1/STM32C5_IIS3DWB_Project1_cmake/stm32c5xx_drivers/hal/stm32c5xx_hal_rcc.h:3599:22:HAL_RCC_SPI1_Reset	8	static
E:/STM32C5/STM32C5_IIS3DWB_Project1/STM32C5_IIS3DWB_Project1_cmake/generated/hal/mx_spi1.c:32:19:mx_spi1_init	48	static
E:/STM32C5/STM32C5_IIS3DWB_Project1/STM32C5_IIS3DWB_Project1_cmake/generated/hal/mx_spi1.c:85:6:mx_spi1_deinit	8	static
E:/STM32C5/STM32C5_IIS3DWB_Project1/STM32C5_IIS3DWB_Project1_cmake/generated/hal/mx_spi1.c:97:19:mx_spi1_gethandle	4	static
